Archive member included because of file (symbol)

C:\Program Files\AVR Libraries\libcapi324v221.a(ADC_open.o)
                              Project.o (ADC_open)
C:\Program Files\AVR Libraries\libcapi324v221.a(ADC_sample.o)
                              Project.o (ADC_sample)
C:\Program Files\AVR Libraries\libcapi324v221.a(ADC_set_channel.o)
                              Project.o (ADC_set_channel)
C:\Program Files\AVR Libraries\libcapi324v221.a(ADC_set_VREF.o)
                              Project.o (ADC_set_VREF)
C:\Program Files\AVR Libraries\libcapi324v221.a(CBOT_main.o)
                              c:/winavr-20100110/bin/../lib/gcc/avr/4.3.3/../../../../avr/lib/avr5/crtm324p.o (main)
C:\Program Files\AVR Libraries\libcapi324v221.a(LCD_clear.o)
                              Project.o (LCD_clear)
C:\Program Files\AVR Libraries\libcapi324v221.a(LCD_open.o)
                              Project.o (LCD_open)
C:\Program Files\AVR Libraries\libcapi324v221.a(LCD_set_backlight.o)
                              C:\Program Files\AVR Libraries\libcapi324v221.a(LCD_open.o) (LCD_set_backlight)
C:\Program Files\AVR Libraries\libcapi324v221.a(LCD_set_next_PGC.o)
                              C:\Program Files\AVR Libraries\libcapi324v221.a(LCD_clear.o) (LCD_set_next_PGC)
C:\Program Files\AVR Libraries\libcapi324v221.a(LCD_set_PGC_addr.o)
                              C:\Program Files\AVR Libraries\libcapi324v221.a(LCD_clear.o) (LCD_set_PGC_addr)
C:\Program Files\AVR Libraries\libcapi324v221.a(LCD_write.o)
                              C:\Program Files\AVR Libraries\libcapi324v221.a(LCD_clear.o) (LCD_write)
C:\Program Files\AVR Libraries\libcapi324v221.a(LED_clr_pattern.o)
                              Project.o (LED_clr_pattern)
C:\Program Files\AVR Libraries\libcapi324v221.a(LED_open.o)
                              Project.o (LED_open)
C:\Program Files\AVR Libraries\libcapi324v221.a(LED_set_patttern.o)
                              Project.o (LED_set_pattern)
C:\Program Files\AVR Libraries\libcapi324v221.a(SPI_set_slave_addr.o)
                              C:\Program Files\AVR Libraries\libcapi324v221.a(LCD_set_backlight.o) (SPI_set_slave_addr)
C:\Program Files\AVR Libraries\libcapi324v221.a(SPI_transmit.o)
                              C:\Program Files\AVR Libraries\libcapi324v221.a(LCD_set_backlight.o) (SPI_transmit)
C:\Program Files\AVR Libraries\libcapi324v221.a(SPKR_open.o)
                              Project.o (SPKR_open)
C:\Program Files\AVR Libraries\libcapi324v221.a(SYS_get_state.o)
                              C:\Program Files\AVR Libraries\libcapi324v221.a(ADC_open.o) (SYS_get_state)
C:\Program Files\AVR Libraries\libcapi324v221.a(SYS_globals.o)
                              C:\Program Files\AVR Libraries\libcapi324v221.a(SYS_get_state.o) (CBOT_system)
C:\Program Files\AVR Libraries\libcapi324v221.a(SYS_set_state.o)
                              C:\Program Files\AVR Libraries\libcapi324v221.a(ADC_open.o) (SYS_set_state)
C:\Program Files\AVR Libraries\libcapi324v221.a(ATTINY_get_SW_state.o)
                              Project.o (ATTINY_get_SW_state)
C:\Program Files\AVR Libraries\libcapi324v221.a(ATTINY_open.o)
                              Project.o (ATTINY_open)
C:\Program Files\AVR Libraries\libcapi324v221.a(TMRSRVC_delay.o)
                              Project.o (TMRSRVC_delay)
C:\Program Files\AVR Libraries\libcapi324v221.a(TMRSRVC_new.o)
                              C:\Program Files\AVR Libraries\libcapi324v221.a(ATTINY_get_SW_state.o) (TMRSRVC_new)
C:\Program Files\AVR Libraries\libcapi324v221.a(I2C_MSTR_get.o)
                              Project.o (I2C_MSTR_get)
C:\Program Files\AVR Libraries\libcapi324v221.a(I2C_MSTR_send.o)
                              Project.o (I2C_MSTR_send)
C:\Program Files\AVR Libraries\libcapi324v221.a(I2C_MSTR_start.o)
                              Project.o (I2C_MSTR_start)
C:\Program Files\AVR Libraries\libcapi324v221.a(I2C_MSTR_stop.o)
                              Project.o (I2C_MSTR_stop)
C:\Program Files\AVR Libraries\libcapi324v221.a(I2C_open.o)
                              Project.o (I2C_open)
C:\Program Files\AVR Libraries\libcapi324v221.a(I2C_set_BRG.o)
                              C:\Program Files\AVR Libraries\libcapi324v221.a(I2C_open.o) (I2C_set_BRG)
C:\Program Files\AVR Libraries\libcapi324v221.a(__ADC_init.o)
                              C:\Program Files\AVR Libraries\libcapi324v221.a(ADC_open.o) (__ADC_init)
C:\Program Files\AVR Libraries\libcapi324v221.a(CBOT_init.o)
                              C:\Program Files\AVR Libraries\libcapi324v221.a(CBOT_main.o) (CBOT_init)
C:\Program Files\AVR Libraries\libcapi324v221.a(CBOT_isr.o)
                              C:\Program Files\AVR Libraries\libcapi324v221.a(CBOT_main.o) (CBOT_ISR_init)
C:\Program Files\AVR Libraries\libcapi324v221.a(ISR_attach.o)
                              C:\Program Files\AVR Libraries\libcapi324v221.a(SPKR_open.o) (ISR_attach)
C:\Program Files\AVR Libraries\libcapi324v221.a(ISR_globals.o)
                              C:\Program Files\AVR Libraries\libcapi324v221.a(CBOT_isr.o) (CBOT_ISR_vtable)
C:\Program Files\AVR Libraries\libcapi324v221.a(ISR_open.o)
                              C:\Program Files\AVR Libraries\libcapi324v221.a(CBOT_init.o) (ISR_open)
C:\Program Files\AVR Libraries\libcapi324v221.a(LCD_globals.o)
                              C:\Program Files\AVR Libraries\libcapi324v221.a(LCD_open.o) (LCD_stdout)
C:\Program Files\AVR Libraries\libcapi324v221.a(__LCD_init.o)
                              C:\Program Files\AVR Libraries\libcapi324v221.a(LCD_open.o) (__LCD_init)
C:\Program Files\AVR Libraries\libcapi324v221.a(__LCD_putchar.o)
                              C:\Program Files\AVR Libraries\libcapi324v221.a(LCD_globals.o) (__LCD_putchar)
C:\Program Files\AVR Libraries\libcapi324v221.a(__LED_clr_pattern.o)
                              C:\Program Files\AVR Libraries\libcapi324v221.a(LED_clr_pattern.o) (__LED_clr_pattern)
C:\Program Files\AVR Libraries\libcapi324v221.a(__LED_init.o)
                              C:\Program Files\AVR Libraries\libcapi324v221.a(LED_open.o) (__LED_init)
C:\Program Files\AVR Libraries\libcapi324v221.a(__LED_set_pattern.o)
                              C:\Program Files\AVR Libraries\libcapi324v221.a(LED_set_patttern.o) (__LED_set_pattern)
C:\Program Files\AVR Libraries\libcapi324v221.a(ATMEGA_open.o)
                              C:\Program Files\AVR Libraries\libcapi324v221.a(CBOT_init.o) (ATMEGA_open)
C:\Program Files\AVR Libraries\libcapi324v221.a(ATMEGA_set_clk_mode.o)
                              C:\Program Files\AVR Libraries\libcapi324v221.a(ATMEGA_open.o) (ATMEGA_set_clk_mode)
C:\Program Files\AVR Libraries\libcapi324v221.a(SPI_globals.o)
                              C:\Program Files\AVR Libraries\libcapi324v221.a(SPI_set_slave_addr.o) (spi_config_func_LUT)
C:\Program Files\AVR Libraries\libcapi324v221.a(SPI_open.o)
                              C:\Program Files\AVR Libraries\libcapi324v221.a(CBOT_init.o) (SPI_open)
C:\Program Files\AVR Libraries\libcapi324v221.a(SPI_set_config_func.o)
                              C:\Program Files\AVR Libraries\libcapi324v221.a(SPI_open.o) (SPI_set_config_func)
C:\Program Files\AVR Libraries\libcapi324v221.a(ISR__SPKR__TIMER1_COMPA_vect.o)
                              C:\Program Files\AVR Libraries\libcapi324v221.a(SPKR_open.o) (__SPKR_TIMER1_COMPA_vect)
C:\Program Files\AVR Libraries\libcapi324v221.a(SPKR_clk.o)
                              C:\Program Files\AVR Libraries\libcapi324v221.a(ISR__SPKR__TIMER1_COMPA_vect.o) (SPKR_clk)
C:\Program Files\AVR Libraries\libcapi324v221.a(SPKR_close.o)
                              C:\Program Files\AVR Libraries\libcapi324v221.a(__LCD_putchar.o) (SPKR_close)
C:\Program Files\AVR Libraries\libcapi324v221.a(SPKR_globals.o)
                              C:\Program Files\AVR Libraries\libcapi324v221.a(SPKR_open.o) (tone_mode_active)
C:\Program Files\AVR Libraries\libcapi324v221.a(__SPKR_init.o)
                              C:\Program Files\AVR Libraries\libcapi324v221.a(SPKR_open.o) (__SPKR_init)
C:\Program Files\AVR Libraries\libcapi324v221.a(SPKR_play_beep.o)
                              C:\Program Files\AVR Libraries\libcapi324v221.a(__LCD_putchar.o) (SPKR_play_beep)
C:\Program Files\AVR Libraries\libcapi324v221.a(__SPKR_stop.o)
                              C:\Program Files\AVR Libraries\libcapi324v221.a(SPKR_close.o) (__SPKR_stop)
C:\Program Files\AVR Libraries\libcapi324v221.a(SYS_init.o)
                              C:\Program Files\AVR Libraries\libcapi324v221.a(CBOT_init.o) (SYS_init)
C:\Program Files\AVR Libraries\libcapi324v221.a(ATTINY_get_sensors.o)
                              C:\Program Files\AVR Libraries\libcapi324v221.a(ATTINY_get_SW_state.o) (ATTINY_get_sensors)
C:\Program Files\AVR Libraries\libcapi324v221.a(ATTINY_globals.o)
                              C:\Program Files\AVR Libraries\libcapi324v221.a(ATTINY_open.o) (ATTINY_params)
C:\Program Files\AVR Libraries\libcapi324v221.a(TMRSRVC_globals.o)
                              C:\Program Files\AVR Libraries\libcapi324v221.a(TMRSRVC_new.o) (timer_busy_status)
C:\Program Files\AVR Libraries\libcapi324v221.a(__TMRSRVC_insert.o)
                              C:\Program Files\AVR Libraries\libcapi324v221.a(TMRSRVC_new.o) (TMRSRVC_insert)
C:\Program Files\AVR Libraries\libcapi324v221.a(TMRSRVC_open.o)
                              C:\Program Files\AVR Libraries\libcapi324v221.a(CBOT_init.o) (TMRSRVC_open)
C:\Program Files\AVR Libraries\libcapi324v221.a(__TMRSRVC_start.o)
                              C:\Program Files\AVR Libraries\libcapi324v221.a(TMRSRVC_open.o) (__TMRSRVC_start)
C:\Program Files\AVR Libraries\libcapi324v221.a(TMRSRVC_start.o)
                              C:\Program Files\AVR Libraries\libcapi324v221.a(__TMRSRVC_insert.o) (TMRSRVC_start)
C:\Program Files\AVR Libraries\libcapi324v221.a(I2C_enable.o)
                              C:\Program Files\AVR Libraries\libcapi324v221.a(I2C_open.o) (I2C_enable)
C:\Program Files\AVR Libraries\libcapi324v221.a(I2C_globals.o)
                              C:\Program Files\AVR Libraries\libcapi324v221.a(I2C_MSTR_get.o) (I2C_params)
C:\Program Files\AVR Libraries\libcapi324v221.a(__I2C_init.o)
                              C:\Program Files\AVR Libraries\libcapi324v221.a(I2C_open.o) (__I2C_init)
C:\Program Files\AVR Libraries\libcapi324v221.a(__ISR_attach.o)
                              C:\Program Files\AVR Libraries\libcapi324v221.a(TMRSRVC_open.o) (__ISR_attach)
C:\Program Files\AVR Libraries\libcapi324v221.a(__ATMEGA_init.o)
                              C:\Program Files\AVR Libraries\libcapi324v221.a(ATMEGA_open.o) (__ATMEGA_init)
C:\Program Files\AVR Libraries\libcapi324v221.a(SPI_cfgrs.o)
                              C:\Program Files\AVR Libraries\libcapi324v221.a(SPI_open.o) (SPI_default_config)
C:\Program Files\AVR Libraries\libcapi324v221.a(__SPI_init.o)
                              C:\Program Files\AVR Libraries\libcapi324v221.a(SPI_open.o) (__SPI_init)
C:\Program Files\AVR Libraries\libcapi324v221.a(SPI_receive.o)
                              C:\Program Files\AVR Libraries\libcapi324v221.a(ATTINY_get_sensors.o) (SPI_receive)
C:\Program Files\AVR Libraries\libcapi324v221.a(SPKR_beep.o)
                              C:\Program Files\AVR Libraries\libcapi324v221.a(SPKR_play_beep.o) (SPKR_beep)
C:\Program Files\AVR Libraries\libcapi324v221.a(__SPKR_close.o)
                              C:\Program Files\AVR Libraries\libcapi324v221.a(SPKR_close.o) (__SPKR_close)
C:\Program Files\AVR Libraries\libcapi324v221.a(ISR__TIMER0_COMPA_vect.o)
                              C:\Program Files\AVR Libraries\libcapi324v221.a(TMRSRVC_open.o) (__TIMER0_COMPA_vect)
C:\Program Files\AVR Libraries\libcapi324v221.a(__TMRSRVC_init.o)
                              C:\Program Files\AVR Libraries\libcapi324v221.a(TMRSRVC_open.o) (__TMRSRVC_init)
C:\Program Files\AVR Libraries\libcapi324v221.a(TMRSRVC_tick.o)
                              C:\Program Files\AVR Libraries\libcapi324v221.a(ISR__TIMER0_COMPA_vect.o) (TMRSRVC_tick)
C:\Program Files\AVR Libraries\libcapi324v221.a(SPKR_beep_clk.o)
                              C:\Program Files\AVR Libraries\libcapi324v221.a(ISR__TIMER0_COMPA_vect.o) (SPKR_beep_clk)
C:\Program Files\AVR Libraries\libcapi324v221.a(STEPPER_clk.o)
                              C:\Program Files\AVR Libraries\libcapi324v221.a(ISR__TIMER0_COMPA_vect.o) (STEPPER_clk)
C:\Program Files\AVR Libraries\libcapi324v221.a(STEPPER_globals.o)
                              C:\Program Files\AVR Libraries\libcapi324v221.a(STEPPER_clk.o) (STEPPER_params)
C:\Program Files\AVR Libraries\libcapi324v221.a(STEPPER_process_accel.o)
                              C:\Program Files\AVR Libraries\libcapi324v221.a(STEPPER_clk.o) (STEPPER_process_accel)
C:\Program Files\AVR Libraries\libcapi324v221.a(STEPPER_process_run_mode.o)
                              C:\Program Files\AVR Libraries\libcapi324v221.a(STEPPER_clk.o) (STEPPER_process_run_mode)
C:\Program Files\AVR Libraries\libcapi324v221.a(STEPPER_process_step_mode.o)
                              C:\Program Files\AVR Libraries\libcapi324v221.a(STEPPER_process_run_mode.o) (STEPPER_process_step_mode)
C:\Program Files\AVR Libraries\libcapi324v221.a(STEPPER_set_speed.o)
                              C:\Program Files\AVR Libraries\libcapi324v221.a(STEPPER_process_step_mode.o) (STEPPER_set_speed)
C:\Program Files\AVR Libraries\libcapi324v221.a(STEPPER_stop.o)
                              C:\Program Files\AVR Libraries\libcapi324v221.a(STEPPER_process_run_mode.o) (STEPPER_stop)
C:\Program Files\AVR Libraries\libcapi324v221.a(TMRSRVC_process.o)
                              C:\Program Files\AVR Libraries\libcapi324v221.a(TMRSRVC_tick.o) (TMRSRVC_process)
C:\Program Files\AVR Libraries\libcapi324v221.a(TMRSRVC_stop.o)
                              C:\Program Files\AVR Libraries\libcapi324v221.a(TMRSRVC_process.o) (TMRSRVC_stop)
C:\Program Files\AVR Libraries\libcapi324v221.a(STEPPER_process_pwm.o)
                              C:\Program Files\AVR Libraries\libcapi324v221.a(STEPPER_process_run_mode.o) (STEPPER_process_pwm)
C:\Program Files\AVR Libraries\libcapi324v221.a(STEPPER_set_steps.o)
                              C:\Program Files\AVR Libraries\libcapi324v221.a(STEPPER_stop.o) (STEPPER_set_steps)
C:\WinAVR-20100110\avr\lib\avr4\libm.a(addsf3.o)
                              Project.o (__subsf3)
C:\WinAVR-20100110\avr\lib\avr4\libm.a(addsf3x.o)
                              C:\WinAVR-20100110\avr\lib\avr4\libm.a(addsf3.o) (__addsf3x)
C:\WinAVR-20100110\avr\lib\avr4\libm.a(divsf3.o)
                              Project.o (__divsf3)
C:\WinAVR-20100110\avr\lib\avr4\libm.a(divsf3x.o)
                              C:\WinAVR-20100110\avr\lib\avr4\libm.a(divsf3.o) (__divsf3x)
C:\WinAVR-20100110\avr\lib\avr4\libm.a(floatsisf.o)
                              Project.o (__floatunsisf)
C:\WinAVR-20100110\avr\lib\avr4\libm.a(fp_inf.o)
                              C:\WinAVR-20100110\avr\lib\avr4\libm.a(addsf3x.o) (__fp_inf)
C:\WinAVR-20100110\avr\lib\avr4\libm.a(fp_nan.o)
                              C:\WinAVR-20100110\avr\lib\avr4\libm.a(addsf3x.o) (__fp_nan)
C:\WinAVR-20100110\avr\lib\avr4\libm.a(fp_pscA.o)
                              C:\WinAVR-20100110\avr\lib\avr4\libm.a(addsf3x.o) (__fp_pscA)
C:\WinAVR-20100110\avr\lib\avr4\libm.a(fp_pscB.o)
                              C:\WinAVR-20100110\avr\lib\avr4\libm.a(addsf3x.o) (__fp_pscB)
C:\WinAVR-20100110\avr\lib\avr4\libm.a(fp_round.o)
                              C:\WinAVR-20100110\avr\lib\avr4\libm.a(addsf3.o) (__fp_round)
C:\WinAVR-20100110\avr\lib\avr4\libm.a(fp_split3.o)
                              C:\WinAVR-20100110\avr\lib\avr4\libm.a(addsf3x.o) (__fp_split3)
C:\WinAVR-20100110\avr\lib\avr4\libm.a(fp_zero.o)
                              C:\WinAVR-20100110\avr\lib\avr4\libm.a(addsf3x.o) (__fp_zero)
C:\WinAVR-20100110\avr\lib\avr4\libm.a(lrint.o)
                              C:\Program Files\AVR Libraries\libcapi324v221.a(SPKR_open.o) (lrint)
C:\WinAVR-20100110\avr\lib\avr4\libm.a(mulsf3.o)
                              Project.o (__mulsf3)
C:\WinAVR-20100110\avr\lib\avr4\libm.a(mulsf3x.o)
                              C:\WinAVR-20100110\avr\lib\avr4\libm.a(mulsf3.o) (__mulsf3x)
C:\WinAVR-20100110\avr\lib\avr4\libm.a(pow.o)
                              C:\Program Files\AVR Libraries\libcapi324v221.a(SPKR_open.o) (pow)
C:\WinAVR-20100110\avr\lib\avr4\libm.a(exp.o)
                              C:\WinAVR-20100110\avr\lib\avr4\libm.a(pow.o) (exp)
C:\WinAVR-20100110\avr\lib\avr4\libm.a(fp_powser.o)
                              C:\WinAVR-20100110\avr\lib\avr4\libm.a(exp.o) (__fp_powser)
C:\WinAVR-20100110\avr\lib\avr4\libm.a(inverse.o)
                              C:\WinAVR-20100110\avr\lib\avr4\libm.a(exp.o) (inverse)
C:\WinAVR-20100110\avr\lib\avr4\libm.a(ldexp.o)
                              C:\WinAVR-20100110\avr\lib\avr4\libm.a(exp.o) (ldexp)
C:\WinAVR-20100110\avr\lib\avr4\libm.a(log.o)
                              C:\WinAVR-20100110\avr\lib\avr4\libm.a(pow.o) (log)
C:\WinAVR-20100110\avr\lib\avr4\libm.a(modf.o)
                              C:\WinAVR-20100110\avr\lib\avr4\libm.a(exp.o) (modf)
C:\WinAVR-20100110\avr\lib\avr4\libm.a(fp_mpack.o)
                              C:\WinAVR-20100110\avr\lib\avr4\libm.a(ldexp.o) (__fp_mpack)
C:\WinAVR-20100110\avr\lib\avr4\libprintf_flt.a(vfprintf_flt.o)
                              (vfprintf)
c:/winavr-20100110/bin/../lib/gcc/avr/4.3.3/avr5\libgcc.a(_mulsi3.o)
                              C:\Program Files\AVR Libraries\libcapi324v221.a(SPKR_open.o) (__mulsi3)
c:/winavr-20100110/bin/../lib/gcc/avr/4.3.3/avr5\libgcc.a(_udivmodsi4.o)
                              C:\Program Files\AVR Libraries\libcapi324v221.a(SPKR_play_beep.o) (__udivmodsi4)
c:/winavr-20100110/bin/../lib/gcc/avr/4.3.3/avr5\libgcc.a(_prologue.o)
                              C:\WinAVR-20100110\avr\lib\avr4\libprintf_flt.a(vfprintf_flt.o) (__prologue_saves__)
c:/winavr-20100110/bin/../lib/gcc/avr/4.3.3/avr5\libgcc.a(_epilogue.o)
                              C:\WinAVR-20100110\avr\lib\avr4\libprintf_flt.a(vfprintf_flt.o) (__epilogue_restores__)
c:/winavr-20100110/bin/../lib/gcc/avr/4.3.3/avr5\libgcc.a(_exit.o)
                              c:/winavr-20100110/bin/../lib/gcc/avr/4.3.3/../../../../avr/lib/avr5/crtm324p.o (exit)
c:/winavr-20100110/bin/../lib/gcc/avr/4.3.3/avr5\libgcc.a(_copy_data.o)
                              Project.o (__do_copy_data)
c:/winavr-20100110/bin/../lib/gcc/avr/4.3.3/avr5\libgcc.a(_clear_bss.o)
                              Project.o (__do_clear_bss)
C:\WinAVR-20100110\avr\lib\avr4\libc.a(malloc.o)
                              C:\Program Files\AVR Libraries\libcapi324v221.a(SPKR_open.o) (malloc)
C:\WinAVR-20100110\avr\lib\avr4\libc.a(ftoa_engine.o)
                              C:\WinAVR-20100110\avr\lib\avr4\libprintf_flt.a(vfprintf_flt.o) (__ftoa_engine)
C:\WinAVR-20100110\avr\lib\avr4\libc.a(strnlen_P.o)
                              C:\WinAVR-20100110\avr\lib\avr4\libprintf_flt.a(vfprintf_flt.o) (strnlen_P)
C:\WinAVR-20100110\avr\lib\avr4\libc.a(strnlen.o)
                              C:\WinAVR-20100110\avr\lib\avr4\libprintf_flt.a(vfprintf_flt.o) (strnlen)
C:\WinAVR-20100110\avr\lib\avr4\libc.a(fputc.o)
                              C:\WinAVR-20100110\avr\lib\avr4\libprintf_flt.a(vfprintf_flt.o) (fputc)
C:\WinAVR-20100110\avr\lib\avr4\libc.a(iob.o)
                              C:\Program Files\AVR Libraries\libcapi324v221.a(LCD_open.o) (__iob)
C:\WinAVR-20100110\avr\lib\avr4\libc.a(puts.o)
                              Project.o (puts)
C:\WinAVR-20100110\avr\lib\avr4\libc.a(ultoa_invert.o)
                              C:\WinAVR-20100110\avr\lib\avr4\libprintf_flt.a(vfprintf_flt.o) (__ultoa_invert)

Allocating common symbols
Common symbol       size              file

LCopstat            0x2               Project.o
__brkval            0x2               C:\WinAVR-20100110\avr\lib\avr4\libc.a(malloc.o)
I2C_params          0x5               C:\Program Files\AVR Libraries\libcapi324v221.a(I2C_globals.o)
ATTINY_params       0x1e              C:\Program Files\AVR Libraries\libcapi324v221.a(ATTINY_globals.o)
CBOT_system         0x13              C:\Program Files\AVR Libraries\libcapi324v221.a(SYS_globals.o)
tmrNodes            0x3               C:\Program Files\AVR Libraries\libcapi324v221.a(TMRSRVC_globals.o)
LEopstat            0x2               Project.o
STEPPER_params      0x37              C:\Program Files\AVR Libraries\libcapi324v221.a(STEPPER_globals.o)
curr_spi_addr       0x1               C:\Program Files\AVR Libraries\libcapi324v221.a(SPI_globals.o)
LCD_params          0x5               C:\Program Files\AVR Libraries\libcapi324v221.a(LCD_globals.o)
__flp               0x2               C:\WinAVR-20100110\avr\lib\avr4\libc.a(malloc.o)
__iob               0x6               C:\WinAVR-20100110\avr\lib\avr4\libc.a(iob.o)
step_done           0x2               C:\Program Files\AVR Libraries\libcapi324v221.a(STEPPER_globals.o)
ATopstat            0x2               Project.o

Memory Configuration

Name             Origin             Length             Attributes
text             0x00000000         0x00020000         xr
data             0x00800060         0x0000ffa0         rw !x
eeprom           0x00810000         0x00010000         rw !x
fuse             0x00820000         0x00000400         rw !x
lock             0x00830000         0x00000400         rw !x
signature        0x00840000         0x00000400         rw !x
*default*        0x00000000         0xffffffff

Linker script and memory map

Address of section .data set to 0x800100
LOAD c:/winavr-20100110/bin/../lib/gcc/avr/4.3.3/../../../../avr/lib/avr5/crtm324p.o
LOAD Project.o
LOAD C:\Program Files\AVR Libraries\libcapi324v221.a
LOAD C:\WinAVR-20100110\avr\lib\avr4\libm.a
LOAD C:\WinAVR-20100110\avr\lib\avr4\libprintf_flt.a
LOAD c:/winavr-20100110/bin/../lib/gcc/avr/4.3.3/avr5\libgcc.a
LOAD C:\WinAVR-20100110\avr\lib\avr4\libc.a
LOAD c:/winavr-20100110/bin/../lib/gcc/avr/4.3.3/avr5\libgcc.a

.hash
 *(.hash)

.dynsym
 *(.dynsym)

.dynstr
 *(.dynstr)

.gnu.version
 *(.gnu.version)

.gnu.version_d
 *(.gnu.version_d)

.gnu.version_r
 *(.gnu.version_r)

.rel.init
 *(.rel.init)

.rela.init
 *(.rela.init)

.rel.text
 *(.rel.text)
 *(.rel.text.*)
 *(.rel.gnu.linkonce.t*)

.rela.text
 *(.rela.text)
 *(.rela.text.*)
 *(.rela.gnu.linkonce.t*)

.rel.fini
 *(.rel.fini)

.rela.fini
 *(.rela.fini)

.rel.rodata
 *(.rel.rodata)
 *(.rel.rodata.*)
 *(.rel.gnu.linkonce.r*)

.rela.rodata
 *(.rela.rodata)
 *(.rela.rodata.*)
 *(.rela.gnu.linkonce.r*)

.rel.data
 *(.rel.data)
 *(.rel.data.*)
 *(.rel.gnu.linkonce.d*)

.rela.data
 *(.rela.data)
 *(.rela.data.*)
 *(.rela.gnu.linkonce.d*)

.rel.ctors
 *(.rel.ctors)

.rela.ctors
 *(.rela.ctors)

.rel.dtors
 *(.rel.dtors)

.rela.dtors
 *(.rela.dtors)

.rel.got
 *(.rel.got)

.rela.got
 *(.rela.got)

.rel.bss
 *(.rel.bss)

.rela.bss
 *(.rela.bss)

.rel.plt
 *(.rel.plt)

.rela.plt
 *(.rela.plt)

.text           0x00000000     0x3eca
 *(.vectors)
 .vectors       0x00000000       0x7c c:/winavr-20100110/bin/../lib/gcc/avr/4.3.3/../../../../avr/lib/avr5/crtm324p.o
                0x00000000                __vectors
                0x00000000                __vector_default
 *(.vectors)
 *(.progmem.gcc*)
 .progmem.gcc_sw_table
                0x0000007c       0x26 C:\Program Files\AVR Libraries\libcapi324v221.a(SYS_get_state.o)
 .progmem.gcc_sw_table
                0x000000a2       0x26 C:\Program Files\AVR Libraries\libcapi324v221.a(SYS_set_state.o)
 .progmem.gcc_fplib
                0x000000c8       0x28 C:\WinAVR-20100110\avr\lib\avr4\libm.a(exp.o)
 .progmem.gcc_fplib
                0x000000f0       0x5a C:\WinAVR-20100110\avr\lib\avr4\libm.a(log.o)
 *(.progmem*)
 .progmem.data  0x0000014a      0x415 C:\Program Files\AVR Libraries\libcapi324v221.a(LCD_globals.o)
                0x0000014a                char_bitmap
                0x0000035f                CEENBoT_Inc_logo_bitmap
 .progmem.data  0x0000055f        0x8 C:\WinAVR-20100110\avr\lib\avr4\libprintf_flt.a(vfprintf_flt.o)
 .progmem.data  0x00000567       0xfa C:\WinAVR-20100110\avr\lib\avr4\libc.a(ftoa_engine.o)
                0x00000662                . = ALIGN (0x2)
 *fill*         0x00000661        0x1 00
                0x00000662                __trampolines_start = .
 *(.trampolines)
 .trampolines   0x00000662        0x0 linker stubs
 *(.trampolines*)
                0x00000662                __trampolines_end = .
 *(.jumptables)
 *(.jumptables*)
 *(.lowtext)
 *(.lowtext*)
                0x00000662                __ctors_start = .
 *(.ctors)
                0x00000662                __ctors_end = .
                0x00000662                __dtors_start = .
 *(.dtors)
                0x00000662                __dtors_end = .
 SORT(*)(.ctors)
 SORT(*)(.dtors)
 *(.init0)
 .init0         0x00000662        0x0 c:/winavr-20100110/bin/../lib/gcc/avr/4.3.3/../../../../avr/lib/avr5/crtm324p.o
                0x00000662                __init
 *(.init0)
 *(.init1)
 *(.init1)
 *(.init2)
 .init2         0x00000662        0xc c:/winavr-20100110/bin/../lib/gcc/avr/4.3.3/../../../../avr/lib/avr5/crtm324p.o
 *(.init2)
 *(.init3)
 *(.init3)
 *(.init4)
 .init4         0x0000066e       0x16 c:/winavr-20100110/bin/../lib/gcc/avr/4.3.3/avr5\libgcc.a(_copy_data.o)
                0x0000066e                __do_copy_data
 .init4         0x00000684       0x10 c:/winavr-20100110/bin/../lib/gcc/avr/4.3.3/avr5\libgcc.a(_clear_bss.o)
                0x00000684                __do_clear_bss
 *(.init4)
 *(.init5)
 *(.init5)
 *(.init6)
 *(.init6)
 *(.init7)
 *(.init7)
 *(.init8)
 *(.init8)
 *(.init9)
 .init9         0x00000694        0x8 c:/winavr-20100110/bin/../lib/gcc/avr/4.3.3/../../../../avr/lib/avr5/crtm324p.o
 *(.init9)
 *(.text)
 .text          0x0000069c        0x4 c:/winavr-20100110/bin/../lib/gcc/avr/4.3.3/../../../../avr/lib/avr5/crtm324p.o
                0x0000069c                __vector_22
                0x0000069c                __vector_28
                0x0000069c                __vector_1
                0x0000069c                __vector_24
                0x0000069c                __bad_interrupt
                0x0000069c                __vector_3
                0x0000069c                __vector_23
                0x0000069c                __vector_30
                0x0000069c                __vector_25
                0x0000069c                __vector_19
                0x0000069c                __vector_27
                0x0000069c                __vector_2
                0x0000069c                __vector_21
                0x0000069c                __vector_29
                0x0000069c                __vector_8
                0x0000069c                __vector_26
                0x0000069c                __vector_20
 .text          0x000006a0      0x5b0 Project.o
                0x00000b0a                getLeftLight
                0x000006ec                read_pixel_8
                0x00000ae0                getRightLight
                0x00000b34                WaitButton
                0x0000081c                read_pixel_4
                0x00000a8e                getLeftIR
                0x00000998                getBackIR
                0x00000738                read_pixel_7
                0x00000784                read_pixel_6
                0x00000a3c                getRightIR
                0x00000900                read_pixel_1
                0x000007d0                read_pixel_5
                0x0000094c                get_revision
                0x00000868                read_pixel_3
                0x000009ea                getFrontIR
                0x000006a0                get_ambient_temp
                0x000008b4                read_pixel_2
                0x00000c12                CBOT_main
 .text          0x00000c50       0x1c C:\Program Files\AVR Libraries\libcapi324v221.a(ADC_open.o)
                0x00000c50                ADC_open
 .text          0x00000c6c       0x3a C:\Program Files\AVR Libraries\libcapi324v221.a(ADC_sample.o)
                0x00000c6c                ADC_sample
 .text          0x00000ca6       0x6e C:\Program Files\AVR Libraries\libcapi324v221.a(ADC_set_channel.o)
                0x00000ca6                ADC_set_channel
 .text          0x00000d14       0x16 C:\Program Files\AVR Libraries\libcapi324v221.a(ADC_set_VREF.o)
                0x00000d14                ADC_set_VREF
 .text          0x00000d2a       0x12 C:\Program Files\AVR Libraries\libcapi324v221.a(CBOT_main.o)
                0x00000d2a                main
 .text          0x00000d3c       0x3a C:\Program Files\AVR Libraries\libcapi324v221.a(LCD_clear.o)
                0x00000d3c                LCD_clear
 .text          0x00000d76      0x102 C:\Program Files\AVR Libraries\libcapi324v221.a(LCD_open.o)
                0x00000d76                LCD_open
 .text          0x00000e78       0x42 C:\Program Files\AVR Libraries\libcapi324v221.a(LCD_set_backlight.o)
                0x00000e78                LCD_set_backlight
 .text          0x00000eba        0xe C:\Program Files\AVR Libraries\libcapi324v221.a(LCD_set_next_PGC.o)
                0x00000eba                LCD_set_next_PGC
 .text          0x00000ec8       0x32 C:\Program Files\AVR Libraries\libcapi324v221.a(LCD_set_PGC_addr.o)
                0x00000ec8                LCD_set_PGC_addr
 .text          0x00000efa       0x36 C:\Program Files\AVR Libraries\libcapi324v221.a(LCD_write.o)
                0x00000efa                LCD_write
 .text          0x00000f30       0x18 C:\Program Files\AVR Libraries\libcapi324v221.a(LED_clr_pattern.o)
                0x00000f30                LED_clr_pattern
 .text          0x00000f48       0x12 C:\Program Files\AVR Libraries\libcapi324v221.a(LED_open.o)
                0x00000f48                LED_open
 .text          0x00000f5a       0x18 C:\Program Files\AVR Libraries\libcapi324v221.a(LED_set_patttern.o)
                0x00000f5a                LED_set_pattern
 .text          0x00000f72       0xa2 C:\Program Files\AVR Libraries\libcapi324v221.a(SPI_set_slave_addr.o)
                0x00000f72                SPI_set_slave_addr
 .text          0x00001014       0x1e C:\Program Files\AVR Libraries\libcapi324v221.a(SPI_transmit.o)
                0x00001014                SPI_transmit
 .text          0x00001032      0x13c C:\Program Files\AVR Libraries\libcapi324v221.a(SPKR_open.o)
                0x000010fc                __SPKR_open_tone_mode
                0x00001154                SPKR_open
                0x00001032                __SPKR_set_up_freq_LUT
                0x000010d0                __SPKR_open_beep_mode
 .text          0x0000116e       0x90 C:\Program Files\AVR Libraries\libcapi324v221.a(SYS_get_state.o)
                0x0000116e                SYS_get_state
 .text          0x000011fe        0x0 C:\Program Files\AVR Libraries\libcapi324v221.a(SYS_globals.o)
 .text          0x000011fe       0x8e C:\Program Files\AVR Libraries\libcapi324v221.a(SYS_set_state.o)
                0x000011fe                SYS_set_state
 .text          0x0000128c       0x9c C:\Program Files\AVR Libraries\libcapi324v221.a(ATTINY_get_SW_state.o)
                0x0000128c                ATTINY_get_SW_state
 .text          0x00001328       0x9e C:\Program Files\AVR Libraries\libcapi324v221.a(ATTINY_open.o)
                0x00001328                ATTINY_open
 .text          0x000013c6       0x42 C:\Program Files\AVR Libraries\libcapi324v221.a(TMRSRVC_delay.o)
                0x000013c6                TMRSRVC_delay
 .text          0x00001408       0x7c C:\Program Files\AVR Libraries\libcapi324v221.a(TMRSRVC_new.o)
                0x00001408                TMRSRVC_new
 .text          0x00001484       0x58 C:\Program Files\AVR Libraries\libcapi324v221.a(I2C_MSTR_get.o)
                0x00001484                I2C_MSTR_get
 .text          0x000014dc       0x4c C:\Program Files\AVR Libraries\libcapi324v221.a(I2C_MSTR_send.o)
                0x000014dc                I2C_MSTR_send
 .text          0x00001528       0x8c C:\Program Files\AVR Libraries\libcapi324v221.a(I2C_MSTR_start.o)
                0x00001528                I2C_MSTR_start
 .text          0x000015b4       0x28 C:\Program Files\AVR Libraries\libcapi324v221.a(I2C_MSTR_stop.o)
                0x000015b4                I2C_MSTR_stop
 .text          0x000015dc       0x3c C:\Program Files\AVR Libraries\libcapi324v221.a(I2C_open.o)
                0x000015dc                I2C_open
 .text          0x00001618       0x12 C:\Program Files\AVR Libraries\libcapi324v221.a(I2C_set_BRG.o)
                0x00001618                I2C_set_BRG
 .text          0x0000162a       0x16 C:\Program Files\AVR Libraries\libcapi324v221.a(__ADC_init.o)
                0x0000162a                __ADC_init
 .text          0x00001640       0x1c C:\Program Files\AVR Libraries\libcapi324v221.a(CBOT_init.o)
                0x00001640                CBOT_init
 .text          0x0000165c      0x480 C:\Program Files\AVR Libraries\libcapi324v221.a(CBOT_isr.o)
                0x000018f0                __vector_12
                0x00001a38                __vector_6
                0x000017fa                __vector_11
                0x0000184c                __vector_13
                0x000016b2                __vector_17
                0x00001a8a                __vector_7
                0x000019e6                __vector_5
                0x00001994                __vector_4
                0x00001756                __vector_9
                0x00001942                __vector_15
                0x0000165c                CBOT_ISR_init
                0x0000189e                __vector_14
                0x000017a8                __vector_10
                0x00001660                __vector_16
                0x00001704                __vector_18
 .text          0x00001adc       0x28 C:\Program Files\AVR Libraries\libcapi324v221.a(ISR_attach.o)
                0x00001adc                ISR_attach
 .text          0x00001b04        0x0 C:\Program Files\AVR Libraries\libcapi324v221.a(ISR_globals.o)
 .text          0x00001b04       0x28 C:\Program Files\AVR Libraries\libcapi324v221.a(ISR_open.o)
                0x00001b04                ISR_open
 .text          0x00001b2c        0x0 C:\Program Files\AVR Libraries\libcapi324v221.a(LCD_globals.o)
 .text          0x00001b2c        0x4 C:\Program Files\AVR Libraries\libcapi324v221.a(__LCD_init.o)
                0x00001b2c                __LCD_init
 .text          0x00001b30      0x15a C:\Program Files\AVR Libraries\libcapi324v221.a(__LCD_putchar.o)
                0x00001b30                __LCD_putchar
 .text          0x00001c8a        0xa C:\Program Files\AVR Libraries\libcapi324v221.a(__LED_clr_pattern.o)
                0x00001c8a                __LED_clr_pattern
 .text          0x00001c94        0x6 C:\Program Files\AVR Libraries\libcapi324v221.a(__LED_init.o)
                0x00001c94                __LED_init
 .text          0x00001c9a        0xa C:\Program Files\AVR Libraries\libcapi324v221.a(__LED_set_pattern.o)
                0x00001c9a                __LED_set_pattern
 .text          0x00001ca4       0x24 C:\Program Files\AVR Libraries\libcapi324v221.a(ATMEGA_open.o)
                0x00001ca4                ATMEGA_open
 .text          0x00001cc8       0xa6 C:\Program Files\AVR Libraries\libcapi324v221.a(ATMEGA_set_clk_mode.o)
                0x00001cc8                ATMEGA_set_clk_mode
 .text          0x00001d6e        0x0 C:\Program Files\AVR Libraries\libcapi324v221.a(SPI_globals.o)
 .text          0x00001d6e       0x72 C:\Program Files\AVR Libraries\libcapi324v221.a(SPI_open.o)
                0x00001d6e                SPI_open
 .text          0x00001de0       0x12 C:\Program Files\AVR Libraries\libcapi324v221.a(SPI_set_config_func.o)
                0x00001de0                SPI_set_config_func
 .text          0x00001df2        0x6 C:\Program Files\AVR Libraries\libcapi324v221.a(ISR__SPKR__TIMER1_COMPA_vect.o)
                0x00001df2                __SPKR_TIMER1_COMPA_vect
 .text          0x00001df8       0x82 C:\Program Files\AVR Libraries\libcapi324v221.a(SPKR_clk.o)
                0x00001df8                SPKR_clk
 .text          0x00001e7a       0x72 C:\Program Files\AVR Libraries\libcapi324v221.a(SPKR_close.o)
                0x00001ed8                SPKR_close
                0x00001e96                __SPKR_close_tone_mode
                0x00001e7a                __SPKR_close_beep_mode
 .text          0x00001eec        0x0 C:\Program Files\AVR Libraries\libcapi324v221.a(SPKR_globals.o)
 .text          0x00001eec       0x54 C:\Program Files\AVR Libraries\libcapi324v221.a(__SPKR_init.o)
                0x00001eec                __SPKR_init
 .text          0x00001f40       0x9a C:\Program Files\AVR Libraries\libcapi324v221.a(SPKR_play_beep.o)
                0x00001f40                SPKR_play_beep
 .text          0x00001fda        0xc C:\Program Files\AVR Libraries\libcapi324v221.a(__SPKR_stop.o)
                0x00001fda                __SPKR_stop
 .text          0x00001fe6       0x46 C:\Program Files\AVR Libraries\libcapi324v221.a(SYS_init.o)
                0x00001fe6                SYS_init
 .text          0x0000202c       0x62 C:\Program Files\AVR Libraries\libcapi324v221.a(ATTINY_get_sensors.o)
                0x0000202c                ATTINY_get_sensors
 .text          0x0000208e        0x0 C:\Program Files\AVR Libraries\libcapi324v221.a(ATTINY_globals.o)
 .text          0x0000208e        0x0 C:\Program Files\AVR Libraries\libcapi324v221.a(TMRSRVC_globals.o)
 .text          0x0000208e       0xd2 C:\Program Files\AVR Libraries\libcapi324v221.a(__TMRSRVC_insert.o)
                0x0000208e                TMRSRVC_insert
 .text          0x00002160       0x3e C:\Program Files\AVR Libraries\libcapi324v221.a(TMRSRVC_open.o)
                0x00002160                TMRSRVC_open
 .text          0x0000219e        0xc C:\Program Files\AVR Libraries\libcapi324v221.a(__TMRSRVC_start.o)
                0x0000219e                __TMRSRVC_start
 .text          0x000021aa        0x8 C:\Program Files\AVR Libraries\libcapi324v221.a(TMRSRVC_start.o)
                0x000021aa                TMRSRVC_start
 .text          0x000021b2       0x14 C:\Program Files\AVR Libraries\libcapi324v221.a(I2C_enable.o)
                0x000021b2                I2C_enable
 .text          0x000021c6        0x0 C:\Program Files\AVR Libraries\libcapi324v221.a(I2C_globals.o)
 .text          0x000021c6        0x6 C:\Program Files\AVR Libraries\libcapi324v221.a(__I2C_init.o)
                0x000021c6                __I2C_init
 .text          0x000021cc       0x22 C:\Program Files\AVR Libraries\libcapi324v221.a(__ISR_attach.o)
                0x000021cc                __ISR_attach
 .text          0x000021ee        0x6 C:\Program Files\AVR Libraries\libcapi324v221.a(__ATMEGA_init.o)
                0x000021ee                __ATMEGA_init
 .text          0x000021f4       0x52 C:\Program Files\AVR Libraries\libcapi324v221.a(SPI_cfgrs.o)
                0x00002204                SPI_ATtiny0_config
                0x00002234                SPI_FLASH_config
                0x000021f4                SPI_default_config
                0x00002224                SPI_LCD_config
                0x00002214                SPI_PSXC_config
 .text          0x00002246        0xe C:\Program Files\AVR Libraries\libcapi324v221.a(__SPI_init.o)
                0x00002246                __SPI_init
 .text          0x00002254       0x24 C:\Program Files\AVR Libraries\libcapi324v221.a(SPI_receive.o)
                0x00002254                SPI_receive
 .text          0x00002278       0x2e C:\Program Files\AVR Libraries\libcapi324v221.a(SPKR_beep.o)
                0x00002278                SPKR_beep
 .text          0x000022a6       0x38 C:\Program Files\AVR Libraries\libcapi324v221.a(__SPKR_close.o)
                0x000022a6                __SPKR_close
 .text          0x000022de        0xe C:\Program Files\AVR Libraries\libcapi324v221.a(ISR__TIMER0_COMPA_vect.o)
                0x000022de                __TIMER0_COMPA_vect
 .text          0x000022ec       0x12 C:\Program Files\AVR Libraries\libcapi324v221.a(__TMRSRVC_init.o)
                0x000022ec                __TMRSRVC_init
 .text          0x000022fe       0x32 C:\Program Files\AVR Libraries\libcapi324v221.a(TMRSRVC_tick.o)
                0x000022fe                TMRSRVC_tick
 .text          0x00002330       0x4e C:\Program Files\AVR Libraries\libcapi324v221.a(SPKR_beep_clk.o)
                0x00002330                SPKR_beep_clk
 .text          0x0000237e      0x162 C:\Program Files\AVR Libraries\libcapi324v221.a(STEPPER_clk.o)
                0x0000237e                STEPPER_clk
 .text          0x000024e0        0x0 C:\Program Files\AVR Libraries\libcapi324v221.a(STEPPER_globals.o)
 .text          0x000024e0       0x8a C:\Program Files\AVR Libraries\libcapi324v221.a(STEPPER_process_accel.o)
                0x000024e0                STEPPER_process_accel
 .text          0x0000256a      0x206 C:\Program Files\AVR Libraries\libcapi324v221.a(STEPPER_process_run_mode.o)
                0x0000256a                STEPPER_process_run_mode
 .text          0x00002770       0xa8 C:\Program Files\AVR Libraries\libcapi324v221.a(STEPPER_process_step_mode.o)
                0x00002770                STEPPER_process_step_mode
 .text          0x00002818       0x44 C:\Program Files\AVR Libraries\libcapi324v221.a(STEPPER_set_speed.o)
                0x00002818                STEPPER_set_speed
 .text          0x0000285c       0x4a C:\Program Files\AVR Libraries\libcapi324v221.a(STEPPER_stop.o)
                0x0000285c                STEPPER_stop
 .text          0x000028a6       0xd6 C:\Program Files\AVR Libraries\libcapi324v221.a(TMRSRVC_process.o)
                0x000028a6                TMRSRVC_process
 .text          0x0000297c        0x6 C:\Program Files\AVR Libraries\libcapi324v221.a(TMRSRVC_stop.o)
                0x0000297c                TMRSRVC_stop
 .text          0x00002982      0x130 C:\Program Files\AVR Libraries\libcapi324v221.a(STEPPER_process_pwm.o)
                0x00002982                STEPPER_process_pwm
 .text          0x00002ab2       0x36 C:\Program Files\AVR Libraries\libcapi324v221.a(STEPPER_set_steps.o)
                0x00002ab2                STEPPER_set_steps
 .text          0x00002ae8        0x0 C:\WinAVR-20100110\avr\lib\avr4\libm.a(addsf3.o)
 .text          0x00002ae8        0x0 C:\WinAVR-20100110\avr\lib\avr4\libm.a(addsf3x.o)
 .text          0x00002ae8        0x0 C:\WinAVR-20100110\avr\lib\avr4\libm.a(divsf3.o)
 .text          0x00002ae8        0x0 C:\WinAVR-20100110\avr\lib\avr4\libm.a(divsf3x.o)
 .text          0x00002ae8        0x0 C:\WinAVR-20100110\avr\lib\avr4\libm.a(floatsisf.o)
 .text          0x00002ae8        0x0 C:\WinAVR-20100110\avr\lib\avr4\libm.a(fp_inf.o)
 .text          0x00002ae8        0x0 C:\WinAVR-20100110\avr\lib\avr4\libm.a(fp_nan.o)
 .text          0x00002ae8        0x0 C:\WinAVR-20100110\avr\lib\avr4\libm.a(fp_pscA.o)
 .text          0x00002ae8        0x0 C:\WinAVR-20100110\avr\lib\avr4\libm.a(fp_pscB.o)
 .text          0x00002ae8        0x0 C:\WinAVR-20100110\avr\lib\avr4\libm.a(fp_round.o)
 .text          0x00002ae8        0x0 C:\WinAVR-20100110\avr\lib\avr4\libm.a(fp_split3.o)
 .text          0x00002ae8        0x0 C:\WinAVR-20100110\avr\lib\avr4\libm.a(fp_zero.o)
 .text          0x00002ae8        0x0 C:\WinAVR-20100110\avr\lib\avr4\libm.a(lrint.o)
 .text          0x00002ae8        0x0 C:\WinAVR-20100110\avr\lib\avr4\libm.a(mulsf3.o)
 .text          0x00002ae8        0x0 C:\WinAVR-20100110\avr\lib\avr4\libm.a(mulsf3x.o)
 .text          0x00002ae8        0x0 C:\WinAVR-20100110\avr\lib\avr4\libm.a(pow.o)
 .text          0x00002ae8        0x0 C:\WinAVR-20100110\avr\lib\avr4\libm.a(exp.o)
 .text          0x00002ae8        0x0 C:\WinAVR-20100110\avr\lib\avr4\libm.a(fp_powser.o)
 .text          0x00002ae8        0x0 C:\WinAVR-20100110\avr\lib\avr4\libm.a(inverse.o)
 .text          0x00002ae8        0x0 C:\WinAVR-20100110\avr\lib\avr4\libm.a(ldexp.o)
 .text          0x00002ae8        0x0 C:\WinAVR-20100110\avr\lib\avr4\libm.a(log.o)
 .text          0x00002ae8        0x0 C:\WinAVR-20100110\avr\lib\avr4\libm.a(modf.o)
 .text          0x00002ae8        0x0 C:\WinAVR-20100110\avr\lib\avr4\libm.a(fp_mpack.o)
 .text          0x00002ae8        0x0 C:\WinAVR-20100110\avr\lib\avr4\libprintf_flt.a(vfprintf_flt.o)
 .text          0x00002ae8        0x0 c:/winavr-20100110/bin/../lib/gcc/avr/4.3.3/avr5\libgcc.a(_mulsi3.o)
 .text          0x00002ae8        0x0 c:/winavr-20100110/bin/../lib/gcc/avr/4.3.3/avr5\libgcc.a(_udivmodsi4.o)
 .text          0x00002ae8        0x0 c:/winavr-20100110/bin/../lib/gcc/avr/4.3.3/avr5\libgcc.a(_prologue.o)
 .text          0x00002ae8        0x0 c:/winavr-20100110/bin/../lib/gcc/avr/4.3.3/avr5\libgcc.a(_epilogue.o)
 .text          0x00002ae8        0x0 c:/winavr-20100110/bin/../lib/gcc/avr/4.3.3/avr5\libgcc.a(_exit.o)
 .text          0x00002ae8        0x0 c:/winavr-20100110/bin/../lib/gcc/avr/4.3.3/avr5\libgcc.a(_copy_data.o)
 .text          0x00002ae8        0x0 c:/winavr-20100110/bin/../lib/gcc/avr/4.3.3/avr5\libgcc.a(_clear_bss.o)
 .text          0x00002ae8        0x0 C:\WinAVR-20100110\avr\lib\avr4\libc.a(malloc.o)
 .text          0x00002ae8        0x0 C:\WinAVR-20100110\avr\lib\avr4\libc.a(ftoa_engine.o)
 .text          0x00002ae8        0x0 C:\WinAVR-20100110\avr\lib\avr4\libc.a(strnlen_P.o)
 .text          0x00002ae8        0x0 C:\WinAVR-20100110\avr\lib\avr4\libc.a(strnlen.o)
 .text          0x00002ae8        0x0 C:\WinAVR-20100110\avr\lib\avr4\libc.a(fputc.o)
 .text          0x00002ae8        0x0 C:\WinAVR-20100110\avr\lib\avr4\libc.a(iob.o)
 .text          0x00002ae8        0x0 C:\WinAVR-20100110\avr\lib\avr4\libc.a(puts.o)
 .text          0x00002ae8        0x0 C:\WinAVR-20100110\avr\lib\avr4\libc.a(ultoa_invert.o)
                0x00002ae8                . = ALIGN (0x2)
 *(.text.*)
 .text.avr-libc.fplib
                0x00002ae8        0xa C:\WinAVR-20100110\avr\lib\avr4\libm.a(addsf3.o)
                0x00002ae8                __subsf3
                0x00002aea                __addsf3
 .text.avr-libc.fplib
                0x00002af2       0xc0 C:\WinAVR-20100110\avr\lib\avr4\libm.a(addsf3x.o)
                0x00002b0c                __addsf3x
 .text.avr-libc.fplib
                0x00002bb2        0x4 C:\WinAVR-20100110\avr\lib\avr4\libm.a(divsf3.o)
                0x00002bb2                __divsf3
 .text.avr-libc.fplib
                0x00002bb6       0xcc C:\WinAVR-20100110\avr\lib\avr4\libm.a(divsf3x.o)
                0x00002bcc                __divsf3x
                0x00002bd0                __divsf3_pse
 .text.avr-libc.fplib
                0x00002c82       0x7a C:\WinAVR-20100110\avr\lib\avr4\libm.a(floatsisf.o)
                0x00002c86                __floatsisf
                0x00002c82                __floatunsisf
 .text.avr-libc.fplib
                0x00002cfc        0xc C:\WinAVR-20100110\avr\lib\avr4\libm.a(fp_inf.o)
                0x00002cfc                __fp_inf
 .text.avr-libc.fplib
                0x00002d08        0x6 C:\WinAVR-20100110\avr\lib\avr4\libm.a(fp_nan.o)
                0x00002d08                __fp_nan
 .text.avr-libc.fplib
                0x00002d0e        0xe C:\WinAVR-20100110\avr\lib\avr4\libm.a(fp_pscA.o)
                0x00002d0e                __fp_pscA
 .text.avr-libc.fplib
                0x00002d1c        0xe C:\WinAVR-20100110\avr\lib\avr4\libm.a(fp_pscB.o)
                0x00002d1c                __fp_pscB
 .text.avr-libc.fplib
                0x00002d2a       0x22 C:\WinAVR-20100110\avr\lib\avr4\libm.a(fp_round.o)
                0x00002d2a                __fp_round
 .text.avr-libc.fplib
                0x00002d4c       0x44 C:\WinAVR-20100110\avr\lib\avr4\libm.a(fp_split3.o)
                0x00002d4c                __fp_split3
                0x00002d5c                __fp_splitA
 .text.avr-libc.fplib
                0x00002d90        0xe C:\WinAVR-20100110\avr\lib\avr4\libm.a(fp_zero.o)
                0x00002d90                __fp_zero
                0x00002d92                __fp_szero
 .text.avr-libc.fplib
                0x00002d9e       0x74 C:\WinAVR-20100110\avr\lib\avr4\libm.a(lrint.o)
                0x00002d9e                lrint
 .text.avr-libc.fplib
                0x00002e12        0x4 C:\WinAVR-20100110\avr\lib\avr4\libm.a(mulsf3.o)
                0x00002e12                __mulsf3
 .text.avr-libc.fplib
                0x00002e16       0xc2 C:\WinAVR-20100110\avr\lib\avr4\libm.a(mulsf3x.o)
                0x00002e2e                __mulsf3_pse
                0x00002e2a                __mulsf3x
 .text.avr-libc.fplib
                0x00002ed8       0x98 C:\WinAVR-20100110\avr\lib\avr4\libm.a(pow.o)
                0x00002ed8                pow
 .text.avr-libc.fplib
                0x00002f70       0x62 C:\WinAVR-20100110\avr\lib\avr4\libm.a(exp.o)
                0x00002f7a                exp
 .text.avr-libc.fplib
                0x00002fd2       0x4a C:\WinAVR-20100110\avr\lib\avr4\libm.a(fp_powser.o)
                0x00002fd2                __fp_powser
 .text.avr-libc.fplib
                0x0000301c        0xe C:\WinAVR-20100110\avr\lib\avr4\libm.a(inverse.o)
                0x0000301c                inverse
 .text.avr-libc.fplib
                0x0000302a       0x6c C:\WinAVR-20100110\avr\lib\avr4\libm.a(ldexp.o)
                0x0000302e                ldexp
 .text.avr-libc.fplib
                0x00003096       0x8a C:\WinAVR-20100110\avr\lib\avr4\libm.a(log.o)
                0x000030a0                log
 .text.avr-libc.fplib
                0x00003120       0x66 C:\WinAVR-20100110\avr\lib\avr4\libm.a(modf.o)
                0x00003120                modff
                0x00003120                modf
 .text.avr-libc.fplib
                0x00003186       0x1c C:\WinAVR-20100110\avr\lib\avr4\libm.a(fp_mpack.o)
                0x0000318a                __fp_mpack_finite
                0x00003186                __fp_mpack
 .text.avr-libc
                0x000031a2      0x6d0 C:\WinAVR-20100110\avr\lib\avr4\libprintf_flt.a(vfprintf_flt.o)
                0x000031a2                vfprintf
 .text.libgcc   0x00003872       0x3e c:/winavr-20100110/bin/../lib/gcc/avr/4.3.3/avr5\libgcc.a(_mulsi3.o)
                0x00003872                __mulsi3
 .text.libgcc   0x000038b0       0x44 c:/winavr-20100110/bin/../lib/gcc/avr/4.3.3/avr5\libgcc.a(_udivmodsi4.o)
                0x000038b0                __udivmodsi4
 .text.libgcc   0x000038f4       0x38 c:/winavr-20100110/bin/../lib/gcc/avr/4.3.3/avr5\libgcc.a(_prologue.o)
                0x000038f4                __prologue_saves__
 .text.libgcc   0x0000392c       0x36 c:/winavr-20100110/bin/../lib/gcc/avr/4.3.3/avr5\libgcc.a(_epilogue.o)
                0x0000392c                __epilogue_restores__
 .text.libgcc   0x00003962        0x0 c:/winavr-20100110/bin/../lib/gcc/avr/4.3.3/avr5\libgcc.a(_exit.o)
 .text.libgcc   0x00003962        0x0 c:/winavr-20100110/bin/../lib/gcc/avr/4.3.3/avr5\libgcc.a(_copy_data.o)
 .text.libgcc   0x00003962        0x0 c:/winavr-20100110/bin/../lib/gcc/avr/4.3.3/avr5\libgcc.a(_clear_bss.o)
 .text.avr-libc
                0x00003962      0x20a C:\WinAVR-20100110\avr\lib\avr4\libc.a(malloc.o)
                0x00003962                malloc
                0x00003abc                free
 .text.avr-libc
                0x00003b6c      0x1b0 C:\WinAVR-20100110\avr\lib\avr4\libc.a(ftoa_engine.o)
                0x00003b6c                __ftoa_engine
 .text.avr-libc
                0x00003d1c       0x16 C:\WinAVR-20100110\avr\lib\avr4\libc.a(strnlen_P.o)
                0x00003d1c                strnlen_P
 .text.avr-libc
                0x00003d32       0x16 C:\WinAVR-20100110\avr\lib\avr4\libc.a(strnlen.o)
                0x00003d32                strnlen
 .text.avr-libc
                0x00003d48       0x58 C:\WinAVR-20100110\avr\lib\avr4\libc.a(fputc.o)
                0x00003d48                fputc
 .text.avr-libc
                0x00003da0       0x6a C:\WinAVR-20100110\avr\lib\avr4\libc.a(puts.o)
                0x00003da0                puts
 .text.avr-libc
                0x00003e0a       0xbc C:\WinAVR-20100110\avr\lib\avr4\libc.a(ultoa_invert.o)
                0x00003e0a                __ultoa_invert
                0x00003ec6                . = ALIGN (0x2)
 *(.fini9)
 .fini9         0x00003ec6        0x0 c:/winavr-20100110/bin/../lib/gcc/avr/4.3.3/avr5\libgcc.a(_exit.o)
                0x00003ec6                exit
                0x00003ec6                _exit
 *(.fini9)
 *(.fini8)
 *(.fini8)
 *(.fini7)
 *(.fini7)
 *(.fini6)
 *(.fini6)
 *(.fini5)
 *(.fini5)
 *(.fini4)
 *(.fini4)
 *(.fini3)
 *(.fini3)
 *(.fini2)
 *(.fini2)
 *(.fini1)
 *(.fini1)
 *(.fini0)
 .fini0         0x00003ec6        0x4 c:/winavr-20100110/bin/../lib/gcc/avr/4.3.3/avr5\libgcc.a(_exit.o)
 *(.fini0)
                0x00003eca                _etext = .

.data           0x00800100       0x80 load address 0x00003eca
                0x00800100                PROVIDE (__data_start, .)
 *(.data)
 .data          0x00800100        0x0 c:/winavr-20100110/bin/../lib/gcc/avr/4.3.3/../../../../avr/lib/avr5/crtm324p.o
 .data          0x00800100       0x24 Project.o
 .data          0x00800124        0x0 C:\Program Files\AVR Libraries\libcapi324v221.a(ADC_open.o)
 .data          0x00800124        0x0 C:\Program Files\AVR Libraries\libcapi324v221.a(ADC_sample.o)
 .data          0x00800124        0x1 C:\Program Files\AVR Libraries\libcapi324v221.a(ADC_set_channel.o)
 .data          0x00800125        0x0 C:\Program Files\AVR Libraries\libcapi324v221.a(ADC_set_VREF.o)
 .data          0x00800125        0x0 C:\Program Files\AVR Libraries\libcapi324v221.a(CBOT_main.o)
 .data          0x00800125        0x0 C:\Program Files\AVR Libraries\libcapi324v221.a(LCD_clear.o)
 .data          0x00800125        0x0 C:\Program Files\AVR Libraries\libcapi324v221.a(LCD_open.o)
 .data          0x00800125        0x0 C:\Program Files\AVR Libraries\libcapi324v221.a(LCD_set_backlight.o)
 .data          0x00800125        0x0 C:\Program Files\AVR Libraries\libcapi324v221.a(LCD_set_next_PGC.o)
 .data          0x00800125        0x0 C:\Program Files\AVR Libraries\libcapi324v221.a(LCD_set_PGC_addr.o)
 .data          0x00800125        0x0 C:\Program Files\AVR Libraries\libcapi324v221.a(LCD_write.o)
 .data          0x00800125        0x0 C:\Program Files\AVR Libraries\libcapi324v221.a(LED_clr_pattern.o)
 .data          0x00800125        0x0 C:\Program Files\AVR Libraries\libcapi324v221.a(LED_open.o)
 .data          0x00800125        0x0 C:\Program Files\AVR Libraries\libcapi324v221.a(LED_set_patttern.o)
 .data          0x00800125        0x0 C:\Program Files\AVR Libraries\libcapi324v221.a(SPI_set_slave_addr.o)
 .data          0x00800125        0x0 C:\Program Files\AVR Libraries\libcapi324v221.a(SPI_transmit.o)
 .data          0x00800125        0x0 C:\Program Files\AVR Libraries\libcapi324v221.a(SPKR_open.o)
 .data          0x00800125        0x0 C:\Program Files\AVR Libraries\libcapi324v221.a(SYS_get_state.o)
 .data          0x00800125        0x0 C:\Program Files\AVR Libraries\libcapi324v221.a(SYS_globals.o)
 .data          0x00800125        0x0 C:\Program Files\AVR Libraries\libcapi324v221.a(SYS_set_state.o)
 .data          0x00800125        0x6 C:\Program Files\AVR Libraries\libcapi324v221.a(ATTINY_get_SW_state.o)
 .data          0x0080012b        0x0 C:\Program Files\AVR Libraries\libcapi324v221.a(ATTINY_open.o)
 .data          0x0080012b        0x0 C:\Program Files\AVR Libraries\libcapi324v221.a(TMRSRVC_delay.o)
 .data          0x0080012b        0x0 C:\Program Files\AVR Libraries\libcapi324v221.a(TMRSRVC_new.o)
 .data          0x0080012b        0x0 C:\Program Files\AVR Libraries\libcapi324v221.a(I2C_MSTR_get.o)
 .data          0x0080012b        0x0 C:\Program Files\AVR Libraries\libcapi324v221.a(I2C_MSTR_send.o)
 .data          0x0080012b        0x0 C:\Program Files\AVR Libraries\libcapi324v221.a(I2C_MSTR_start.o)
 .data          0x0080012b        0x0 C:\Program Files\AVR Libraries\libcapi324v221.a(I2C_MSTR_stop.o)
 .data          0x0080012b        0x0 C:\Program Files\AVR Libraries\libcapi324v221.a(I2C_open.o)
 .data          0x0080012b        0x0 C:\Program Files\AVR Libraries\libcapi324v221.a(I2C_set_BRG.o)
 .data          0x0080012b        0x0 C:\Program Files\AVR Libraries\libcapi324v221.a(__ADC_init.o)
 .data          0x0080012b        0x0 C:\Program Files\AVR Libraries\libcapi324v221.a(CBOT_init.o)
 .data          0x0080012b        0x0 C:\Program Files\AVR Libraries\libcapi324v221.a(CBOT_isr.o)
 .data          0x0080012b        0x0 C:\Program Files\AVR Libraries\libcapi324v221.a(ISR_attach.o)
 .data          0x0080012b        0x0 C:\Program Files\AVR Libraries\libcapi324v221.a(ISR_globals.o)
 .data          0x0080012b        0x0 C:\Program Files\AVR Libraries\libcapi324v221.a(ISR_open.o)
 .data          0x0080012b        0xe C:\Program Files\AVR Libraries\libcapi324v221.a(LCD_globals.o)
                0x0080012b                LCD_stdout
 .data          0x00800139        0x0 C:\Program Files\AVR Libraries\libcapi324v221.a(__LCD_init.o)
 .data          0x00800139        0x0 C:\Program Files\AVR Libraries\libcapi324v221.a(__LCD_putchar.o)
 .data          0x00800139        0x0 C:\Program Files\AVR Libraries\libcapi324v221.a(__LED_clr_pattern.o)
 .data          0x00800139        0x0 C:\Program Files\AVR Libraries\libcapi324v221.a(__LED_init.o)
 .data          0x00800139        0x0 C:\Program Files\AVR Libraries\libcapi324v221.a(__LED_set_pattern.o)
 .data          0x00800139        0x0 C:\Program Files\AVR Libraries\libcapi324v221.a(ATMEGA_open.o)
 .data          0x00800139        0x0 C:\Program Files\AVR Libraries\libcapi324v221.a(ATMEGA_set_clk_mode.o)
 .data          0x00800139        0x0 C:\Program Files\AVR Libraries\libcapi324v221.a(SPI_globals.o)
 .data          0x00800139        0x0 C:\Program Files\AVR Libraries\libcapi324v221.a(SPI_open.o)
 .data          0x00800139        0x0 C:\Program Files\AVR Libraries\libcapi324v221.a(SPI_set_config_func.o)
 .data          0x00800139        0x0 C:\Program Files\AVR Libraries\libcapi324v221.a(ISR__SPKR__TIMER1_COMPA_vect.o)
 .data          0x00800139        0x0 C:\Program Files\AVR Libraries\libcapi324v221.a(SPKR_clk.o)
 .data          0x00800139        0x0 C:\Program Files\AVR Libraries\libcapi324v221.a(SPKR_close.o)
 .data          0x00800139       0x38 C:\Program Files\AVR Libraries\libcapi324v221.a(SPKR_globals.o)
                0x00800169                diatonic_LUT
                0x00800139                note_LUT
 .data          0x00800171        0x0 C:\Program Files\AVR Libraries\libcapi324v221.a(__SPKR_init.o)
 .data          0x00800171        0x0 C:\Program Files\AVR Libraries\libcapi324v221.a(SPKR_play_beep.o)
 .data          0x00800171        0x0 C:\Program Files\AVR Libraries\libcapi324v221.a(__SPKR_stop.o)
 .data          0x00800171        0x0 C:\Program Files\AVR Libraries\libcapi324v221.a(SYS_init.o)
 .data          0x00800171        0x0 C:\Program Files\AVR Libraries\libcapi324v221.a(ATTINY_get_sensors.o)
 .data          0x00800171        0x0 C:\Program Files\AVR Libraries\libcapi324v221.a(ATTINY_globals.o)
 .data          0x00800171        0x0 C:\Program Files\AVR Libraries\libcapi324v221.a(TMRSRVC_globals.o)
 .data          0x00800171        0x0 C:\Program Files\AVR Libraries\libcapi324v221.a(__TMRSRVC_insert.o)
 .data          0x00800171        0x0 C:\Program Files\AVR Libraries\libcapi324v221.a(TMRSRVC_open.o)
 .data          0x00800171        0x0 C:\Program Files\AVR Libraries\libcapi324v221.a(__TMRSRVC_start.o)
 .data          0x00800171        0x0 C:\Program Files\AVR Libraries\libcapi324v221.a(TMRSRVC_start.o)
 .data          0x00800171        0x0 C:\Program Files\AVR Libraries\libcapi324v221.a(I2C_enable.o)
 .data          0x00800171        0x0 C:\Program Files\AVR Libraries\libcapi324v221.a(I2C_globals.o)
 .data          0x00800171        0x0 C:\Program Files\AVR Libraries\libcapi324v221.a(__I2C_init.o)
 .data          0x00800171        0x0 C:\Program Files\AVR Libraries\libcapi324v221.a(__ISR_attach.o)
 .data          0x00800171        0x0 C:\Program Files\AVR Libraries\libcapi324v221.a(__ATMEGA_init.o)
 .data          0x00800171        0x0 C:\Program Files\AVR Libraries\libcapi324v221.a(SPI_cfgrs.o)
 .data          0x00800171        0x0 C:\Program Files\AVR Libraries\libcapi324v221.a(__SPI_init.o)
 .data          0x00800171        0x0 C:\Program Files\AVR Libraries\libcapi324v221.a(SPI_receive.o)
 .data          0x00800171        0x0 C:\Program Files\AVR Libraries\libcapi324v221.a(SPKR_beep.o)
 .data          0x00800171        0x0 C:\Program Files\AVR Libraries\libcapi324v221.a(__SPKR_close.o)
 .data          0x00800171        0x0 C:\Program Files\AVR Libraries\libcapi324v221.a(ISR__TIMER0_COMPA_vect.o)
 .data          0x00800171        0x0 C:\Program Files\AVR Libraries\libcapi324v221.a(__TMRSRVC_init.o)
 .data          0x00800171        0x0 C:\Program Files\AVR Libraries\libcapi324v221.a(TMRSRVC_tick.o)
 .data          0x00800171        0x0 C:\Program Files\AVR Libraries\libcapi324v221.a(SPKR_beep_clk.o)
 .data          0x00800171        0x0 C:\Program Files\AVR Libraries\libcapi324v221.a(STEPPER_clk.o)
 .data          0x00800171        0x8 C:\Program Files\AVR Libraries\libcapi324v221.a(STEPPER_globals.o)
                0x00800175                Motor_R_LUT
                0x00800171                Motor_L_LUT
 .data          0x00800179        0x0 C:\Program Files\AVR Libraries\libcapi324v221.a(STEPPER_process_accel.o)
 .data          0x00800179        0x0 C:\Program Files\AVR Libraries\libcapi324v221.a(STEPPER_process_run_mode.o)
 .data          0x00800179        0x0 C:\Program Files\AVR Libraries\libcapi324v221.a(STEPPER_process_step_mode.o)
 .data          0x00800179        0x0 C:\Program Files\AVR Libraries\libcapi324v221.a(STEPPER_set_speed.o)
 .data          0x00800179        0x0 C:\Program Files\AVR Libraries\libcapi324v221.a(STEPPER_stop.o)
 .data          0x00800179        0x0 C:\Program Files\AVR Libraries\libcapi324v221.a(TMRSRVC_process.o)
 .data          0x00800179        0x0 C:\Program Files\AVR Libraries\libcapi324v221.a(TMRSRVC_stop.o)
 .data          0x00800179        0x0 C:\Program Files\AVR Libraries\libcapi324v221.a(STEPPER_process_pwm.o)
 .data          0x00800179        0x0 C:\Program Files\AVR Libraries\libcapi324v221.a(STEPPER_set_steps.o)
 .data          0x00800179        0x0 C:\WinAVR-20100110\avr\lib\avr4\libm.a(addsf3.o)
 .data          0x00800179        0x0 C:\WinAVR-20100110\avr\lib\avr4\libm.a(addsf3x.o)
 .data          0x00800179        0x0 C:\WinAVR-20100110\avr\lib\avr4\libm.a(divsf3.o)
 .data          0x00800179        0x0 C:\WinAVR-20100110\avr\lib\avr4\libm.a(divsf3x.o)
 .data          0x00800179        0x0 C:\WinAVR-20100110\avr\lib\avr4\libm.a(floatsisf.o)
 .data          0x00800179        0x0 C:\WinAVR-20100110\avr\lib\avr4\libm.a(fp_inf.o)
 .data          0x00800179        0x0 C:\WinAVR-20100110\avr\lib\avr4\libm.a(fp_nan.o)
 .data          0x00800179        0x0 C:\WinAVR-20100110\avr\lib\avr4\libm.a(fp_pscA.o)
 .data          0x00800179        0x0 C:\WinAVR-20100110\avr\lib\avr4\libm.a(fp_pscB.o)
 .data          0x00800179        0x0 C:\WinAVR-20100110\avr\lib\avr4\libm.a(fp_round.o)
 .data          0x00800179        0x0 C:\WinAVR-20100110\avr\lib\avr4\libm.a(fp_split3.o)
 .data          0x00800179        0x0 C:\WinAVR-20100110\avr\lib\avr4\libm.a(fp_zero.o)
 .data          0x00800179        0x0 C:\WinAVR-20100110\avr\lib\avr4\libm.a(lrint.o)
 .data          0x00800179        0x0 C:\WinAVR-20100110\avr\lib\avr4\libm.a(mulsf3.o)
 .data          0x00800179        0x0 C:\WinAVR-20100110\avr\lib\avr4\libm.a(mulsf3x.o)
 .data          0x00800179        0x0 C:\WinAVR-20100110\avr\lib\avr4\libm.a(pow.o)
 .data          0x00800179        0x0 C:\WinAVR-20100110\avr\lib\avr4\libm.a(exp.o)
 .data          0x00800179        0x0 C:\WinAVR-20100110\avr\lib\avr4\libm.a(fp_powser.o)
 .data          0x00800179        0x0 C:\WinAVR-20100110\avr\lib\avr4\libm.a(inverse.o)
 .data          0x00800179        0x0 C:\WinAVR-20100110\avr\lib\avr4\libm.a(ldexp.o)
 .data          0x00800179        0x0 C:\WinAVR-20100110\avr\lib\avr4\libm.a(log.o)
 .data          0x00800179        0x0 C:\WinAVR-20100110\avr\lib\avr4\libm.a(modf.o)
 .data          0x00800179        0x0 C:\WinAVR-20100110\avr\lib\avr4\libm.a(fp_mpack.o)
 .data          0x00800179        0x0 C:\WinAVR-20100110\avr\lib\avr4\libprintf_flt.a(vfprintf_flt.o)
 .data          0x00800179        0x0 c:/winavr-20100110/bin/../lib/gcc/avr/4.3.3/avr5\libgcc.a(_mulsi3.o)
 .data          0x00800179        0x0 c:/winavr-20100110/bin/../lib/gcc/avr/4.3.3/avr5\libgcc.a(_udivmodsi4.o)
 .data          0x00800179        0x0 c:/winavr-20100110/bin/../lib/gcc/avr/4.3.3/avr5\libgcc.a(_prologue.o)
 .data          0x00800179        0x0 c:/winavr-20100110/bin/../lib/gcc/avr/4.3.3/avr5\libgcc.a(_epilogue.o)
 .data          0x00800179        0x0 c:/winavr-20100110/bin/../lib/gcc/avr/4.3.3/avr5\libgcc.a(_exit.o)
 .data          0x00800179        0x0 c:/winavr-20100110/bin/../lib/gcc/avr/4.3.3/avr5\libgcc.a(_copy_data.o)
 .data          0x00800179        0x0 c:/winavr-20100110/bin/../lib/gcc/avr/4.3.3/avr5\libgcc.a(_clear_bss.o)
 .data          0x00800179        0x6 C:\WinAVR-20100110\avr\lib\avr4\libc.a(malloc.o)
                0x0080017b                __malloc_heap_start
                0x0080017d                __malloc_heap_end
                0x00800179                __malloc_margin
 .data          0x0080017f        0x0 C:\WinAVR-20100110\avr\lib\avr4\libc.a(ftoa_engine.o)
 .data          0x0080017f        0x0 C:\WinAVR-20100110\avr\lib\avr4\libc.a(strnlen_P.o)
 .data          0x0080017f        0x0 C:\WinAVR-20100110\avr\lib\avr4\libc.a(strnlen.o)
 .data          0x0080017f        0x0 C:\WinAVR-20100110\avr\lib\avr4\libc.a(fputc.o)
 .data          0x0080017f        0x0 C:\WinAVR-20100110\avr\lib\avr4\libc.a(iob.o)
 .data          0x0080017f        0x0 C:\WinAVR-20100110\avr\lib\avr4\libc.a(puts.o)
 .data          0x0080017f        0x0 C:\WinAVR-20100110\avr\lib\avr4\libc.a(ultoa_invert.o)
 *(.data*)
 *(.rodata)
 *(.rodata*)
 *(.gnu.linkonce.d*)
                0x00800180                . = ALIGN (0x2)
 *fill*         0x0080017f        0x1 00
                0x00800180                _edata = .
                0x00800180                PROVIDE (__data_end, .)

.bss            0x00800180       0xff
                0x00800180                PROVIDE (__bss_start, .)
 *(.bss)
 .bss           0x00800180        0x0 c:/winavr-20100110/bin/../lib/gcc/avr/4.3.3/../../../../avr/lib/avr5/crtm324p.o
 .bss           0x00800180        0x2 Project.o
                0x00800180                sampleVariable
 .bss           0x00800182        0x0 C:\Program Files\AVR Libraries\libcapi324v221.a(ADC_open.o)
 .bss           0x00800182        0x0 C:\Program Files\AVR Libraries\libcapi324v221.a(ADC_sample.o)
 .bss           0x00800182        0x0 C:\Program Files\AVR Libraries\libcapi324v221.a(ADC_set_channel.o)
 .bss           0x00800182        0x0 C:\Program Files\AVR Libraries\libcapi324v221.a(ADC_set_VREF.o)
 .bss           0x00800182        0x0 C:\Program Files\AVR Libraries\libcapi324v221.a(CBOT_main.o)
 .bss           0x00800182        0x0 C:\Program Files\AVR Libraries\libcapi324v221.a(LCD_clear.o)
 .bss           0x00800182        0x0 C:\Program Files\AVR Libraries\libcapi324v221.a(LCD_open.o)
 .bss           0x00800182        0x0 C:\Program Files\AVR Libraries\libcapi324v221.a(LCD_set_backlight.o)
 .bss           0x00800182        0x0 C:\Program Files\AVR Libraries\libcapi324v221.a(LCD_set_next_PGC.o)
 .bss           0x00800182        0x0 C:\Program Files\AVR Libraries\libcapi324v221.a(LCD_set_PGC_addr.o)
 .bss           0x00800182        0x0 C:\Program Files\AVR Libraries\libcapi324v221.a(LCD_write.o)
 .bss           0x00800182        0x0 C:\Program Files\AVR Libraries\libcapi324v221.a(LED_clr_pattern.o)
 .bss           0x00800182        0x0 C:\Program Files\AVR Libraries\libcapi324v221.a(LED_open.o)
 .bss           0x00800182        0x0 C:\Program Files\AVR Libraries\libcapi324v221.a(LED_set_patttern.o)
 .bss           0x00800182        0x0 C:\Program Files\AVR Libraries\libcapi324v221.a(SPI_set_slave_addr.o)
 .bss           0x00800182        0x0 C:\Program Files\AVR Libraries\libcapi324v221.a(SPI_transmit.o)
 .bss           0x00800182        0x0 C:\Program Files\AVR Libraries\libcapi324v221.a(SPKR_open.o)
 .bss           0x00800182        0x0 C:\Program Files\AVR Libraries\libcapi324v221.a(SYS_get_state.o)
 .bss           0x00800182        0x0 C:\Program Files\AVR Libraries\libcapi324v221.a(SYS_globals.o)
 .bss           0x00800182        0x0 C:\Program Files\AVR Libraries\libcapi324v221.a(SYS_set_state.o)
 .bss           0x00800182        0xe C:\Program Files\AVR Libraries\libcapi324v221.a(ATTINY_get_SW_state.o)
 .bss           0x00800190        0x0 C:\Program Files\AVR Libraries\libcapi324v221.a(ATTINY_open.o)
 .bss           0x00800190        0x0 C:\Program Files\AVR Libraries\libcapi324v221.a(TMRSRVC_delay.o)
 .bss           0x00800190        0x0 C:\Program Files\AVR Libraries\libcapi324v221.a(TMRSRVC_new.o)
 .bss           0x00800190        0x0 C:\Program Files\AVR Libraries\libcapi324v221.a(I2C_MSTR_get.o)
 .bss           0x00800190        0x0 C:\Program Files\AVR Libraries\libcapi324v221.a(I2C_MSTR_send.o)
 .bss           0x00800190        0x0 C:\Program Files\AVR Libraries\libcapi324v221.a(I2C_MSTR_start.o)
 .bss           0x00800190        0x0 C:\Program Files\AVR Libraries\libcapi324v221.a(I2C_MSTR_stop.o)
 .bss           0x00800190        0x0 C:\Program Files\AVR Libraries\libcapi324v221.a(I2C_open.o)
 .bss           0x00800190        0x0 C:\Program Files\AVR Libraries\libcapi324v221.a(I2C_set_BRG.o)
 .bss           0x00800190        0x0 C:\Program Files\AVR Libraries\libcapi324v221.a(__ADC_init.o)
 .bss           0x00800190        0x0 C:\Program Files\AVR Libraries\libcapi324v221.a(CBOT_init.o)
 .bss           0x00800190        0x0 C:\Program Files\AVR Libraries\libcapi324v221.a(CBOT_isr.o)
 .bss           0x00800190        0x0 C:\Program Files\AVR Libraries\libcapi324v221.a(ISR_attach.o)
 .bss           0x00800190       0x40 C:\Program Files\AVR Libraries\libcapi324v221.a(ISR_globals.o)
                0x00800190                CBOT_ISR_vtable
 .bss           0x008001d0        0x0 C:\Program Files\AVR Libraries\libcapi324v221.a(ISR_open.o)
 .bss           0x008001d0        0x0 C:\Program Files\AVR Libraries\libcapi324v221.a(LCD_globals.o)
 .bss           0x008001d0        0x0 C:\Program Files\AVR Libraries\libcapi324v221.a(__LCD_init.o)
 .bss           0x008001d0        0x0 C:\Program Files\AVR Libraries\libcapi324v221.a(__LCD_putchar.o)
 .bss           0x008001d0        0x0 C:\Program Files\AVR Libraries\libcapi324v221.a(__LED_clr_pattern.o)
 .bss           0x008001d0        0x0 C:\Program Files\AVR Libraries\libcapi324v221.a(__LED_init.o)
 .bss           0x008001d0        0x0 C:\Program Files\AVR Libraries\libcapi324v221.a(__LED_set_pattern.o)
 .bss           0x008001d0        0x0 C:\Program Files\AVR Libraries\libcapi324v221.a(ATMEGA_open.o)
 .bss           0x008001d0        0x0 C:\Program Files\AVR Libraries\libcapi324v221.a(ATMEGA_set_clk_mode.o)
 .bss           0x008001d0       0x10 C:\Program Files\AVR Libraries\libcapi324v221.a(SPI_globals.o)
                0x008001d0                spi_config_func_LUT
 .bss           0x008001e0        0x0 C:\Program Files\AVR Libraries\libcapi324v221.a(SPI_open.o)
 .bss           0x008001e0        0x0 C:\Program Files\AVR Libraries\libcapi324v221.a(SPI_set_config_func.o)
 .bss           0x008001e0        0x0 C:\Program Files\AVR Libraries\libcapi324v221.a(ISR__SPKR__TIMER1_COMPA_vect.o)
 .bss           0x008001e0        0x0 C:\Program Files\AVR Libraries\libcapi324v221.a(SPKR_clk.o)
 .bss           0x008001e0        0x0 C:\Program Files\AVR Libraries\libcapi324v221.a(SPKR_close.o)
 .bss           0x008001e0       0x10 C:\Program Files\AVR Libraries\libcapi324v221.a(SPKR_globals.o)
                0x008001ee                p_Freq_LUT
                0x008001e2                spkr_accum32
                0x008001e6                spkr_freq
                0x008001ec                beep_freq
                0x008001ea                beep_accum16
                0x008001e1                beep_mode_active
                0x008001e0                tone_mode_active
 .bss           0x008001f0        0x0 C:\Program Files\AVR Libraries\libcapi324v221.a(__SPKR_init.o)
 .bss           0x008001f0        0x0 C:\Program Files\AVR Libraries\libcapi324v221.a(SPKR_play_beep.o)
 .bss           0x008001f0        0x0 C:\Program Files\AVR Libraries\libcapi324v221.a(__SPKR_stop.o)
 .bss           0x008001f0        0x0 C:\Program Files\AVR Libraries\libcapi324v221.a(SYS_init.o)
 .bss           0x008001f0        0x0 C:\Program Files\AVR Libraries\libcapi324v221.a(ATTINY_get_sensors.o)
 .bss           0x008001f0        0x0 C:\Program Files\AVR Libraries\libcapi324v221.a(ATTINY_globals.o)
 .bss           0x008001f0        0x2 C:\Program Files\AVR Libraries\libcapi324v221.a(TMRSRVC_globals.o)
                0x008001f1                timer_run_status
                0x008001f0                timer_busy_status
 .bss           0x008001f2        0x0 C:\Program Files\AVR Libraries\libcapi324v221.a(__TMRSRVC_insert.o)
 .bss           0x008001f2        0x0 C:\Program Files\AVR Libraries\libcapi324v221.a(TMRSRVC_open.o)
 .bss           0x008001f2        0x0 C:\Program Files\AVR Libraries\libcapi324v221.a(__TMRSRVC_start.o)
 .bss           0x008001f2        0x0 C:\Program Files\AVR Libraries\libcapi324v221.a(TMRSRVC_start.o)
 .bss           0x008001f2        0x0 C:\Program Files\AVR Libraries\libcapi324v221.a(I2C_enable.o)
 .bss           0x008001f2        0x0 C:\Program Files\AVR Libraries\libcapi324v221.a(I2C_globals.o)
 .bss           0x008001f2        0x0 C:\Program Files\AVR Libraries\libcapi324v221.a(__I2C_init.o)
 .bss           0x008001f2        0x0 C:\Program Files\AVR Libraries\libcapi324v221.a(__ISR_attach.o)
 .bss           0x008001f2        0x0 C:\Program Files\AVR Libraries\libcapi324v221.a(__ATMEGA_init.o)
 .bss           0x008001f2        0x0 C:\Program Files\AVR Libraries\libcapi324v221.a(SPI_cfgrs.o)
 .bss           0x008001f2        0x0 C:\Program Files\AVR Libraries\libcapi324v221.a(__SPI_init.o)
 .bss           0x008001f2        0x0 C:\Program Files\AVR Libraries\libcapi324v221.a(SPI_receive.o)
 .bss           0x008001f2        0x0 C:\Program Files\AVR Libraries\libcapi324v221.a(SPKR_beep.o)
 .bss           0x008001f2        0x0 C:\Program Files\AVR Libraries\libcapi324v221.a(__SPKR_close.o)
 .bss           0x008001f2        0x0 C:\Program Files\AVR Libraries\libcapi324v221.a(ISR__TIMER0_COMPA_vect.o)
 .bss           0x008001f2        0x0 C:\Program Files\AVR Libraries\libcapi324v221.a(__TMRSRVC_init.o)
 .bss           0x008001f2        0x0 C:\Program Files\AVR Libraries\libcapi324v221.a(TMRSRVC_tick.o)
 .bss           0x008001f2        0x0 C:\Program Files\AVR Libraries\libcapi324v221.a(SPKR_beep_clk.o)
 .bss           0x008001f2        0x0 C:\Program Files\AVR Libraries\libcapi324v221.a(STEPPER_clk.o)
 .bss           0x008001f2        0x0 C:\Program Files\AVR Libraries\libcapi324v221.a(STEPPER_globals.o)
 .bss           0x008001f2        0x0 C:\Program Files\AVR Libraries\libcapi324v221.a(STEPPER_process_accel.o)
 .bss           0x008001f2        0x1 C:\Program Files\AVR Libraries\libcapi324v221.a(STEPPER_process_run_mode.o)
 .bss           0x008001f3        0x0 C:\Program Files\AVR Libraries\libcapi324v221.a(STEPPER_process_step_mode.o)
 .bss           0x008001f3        0x0 C:\Program Files\AVR Libraries\libcapi324v221.a(STEPPER_set_speed.o)
 .bss           0x008001f3        0x0 C:\Program Files\AVR Libraries\libcapi324v221.a(STEPPER_stop.o)
 .bss           0x008001f3        0x0 C:\Program Files\AVR Libraries\libcapi324v221.a(TMRSRVC_process.o)
 .bss           0x008001f3        0x0 C:\Program Files\AVR Libraries\libcapi324v221.a(TMRSRVC_stop.o)
 .bss           0x008001f3        0x4 C:\Program Files\AVR Libraries\libcapi324v221.a(STEPPER_process_pwm.o)
 .bss           0x008001f7        0x0 C:\Program Files\AVR Libraries\libcapi324v221.a(STEPPER_set_steps.o)
 .bss           0x008001f7        0x0 C:\WinAVR-20100110\avr\lib\avr4\libm.a(addsf3.o)
 .bss           0x008001f7        0x0 C:\WinAVR-20100110\avr\lib\avr4\libm.a(addsf3x.o)
 .bss           0x008001f7        0x0 C:\WinAVR-20100110\avr\lib\avr4\libm.a(divsf3.o)
 .bss           0x008001f7        0x0 C:\WinAVR-20100110\avr\lib\avr4\libm.a(divsf3x.o)
 .bss           0x008001f7        0x0 C:\WinAVR-20100110\avr\lib\avr4\libm.a(floatsisf.o)
 .bss           0x008001f7        0x0 C:\WinAVR-20100110\avr\lib\avr4\libm.a(fp_inf.o)
 .bss           0x008001f7        0x0 C:\WinAVR-20100110\avr\lib\avr4\libm.a(fp_nan.o)
 .bss           0x008001f7        0x0 C:\WinAVR-20100110\avr\lib\avr4\libm.a(fp_pscA.o)
 .bss           0x008001f7        0x0 C:\WinAVR-20100110\avr\lib\avr4\libm.a(fp_pscB.o)
 .bss           0x008001f7        0x0 C:\WinAVR-20100110\avr\lib\avr4\libm.a(fp_round.o)
 .bss           0x008001f7        0x0 C:\WinAVR-20100110\avr\lib\avr4\libm.a(fp_split3.o)
 .bss           0x008001f7        0x0 C:\WinAVR-20100110\avr\lib\avr4\libm.a(fp_zero.o)
 .bss           0x008001f7        0x0 C:\WinAVR-20100110\avr\lib\avr4\libm.a(lrint.o)
 .bss           0x008001f7        0x0 C:\WinAVR-20100110\avr\lib\avr4\libm.a(mulsf3.o)
 .bss           0x008001f7        0x0 C:\WinAVR-20100110\avr\lib\avr4\libm.a(mulsf3x.o)
 .bss           0x008001f7        0x0 C:\WinAVR-20100110\avr\lib\avr4\libm.a(pow.o)
 .bss           0x008001f7        0x0 C:\WinAVR-20100110\avr\lib\avr4\libm.a(exp.o)
 .bss           0x008001f7        0x0 C:\WinAVR-20100110\avr\lib\avr4\libm.a(fp_powser.o)
 .bss           0x008001f7        0x0 C:\WinAVR-20100110\avr\lib\avr4\libm.a(inverse.o)
 .bss           0x008001f7        0x0 C:\WinAVR-20100110\avr\lib\avr4\libm.a(ldexp.o)
 .bss           0x008001f7        0x0 C:\WinAVR-20100110\avr\lib\avr4\libm.a(log.o)
 .bss           0x008001f7        0x0 C:\WinAVR-20100110\avr\lib\avr4\libm.a(modf.o)
 .bss           0x008001f7        0x0 C:\WinAVR-20100110\avr\lib\avr4\libm.a(fp_mpack.o)
 .bss           0x008001f7        0x0 C:\WinAVR-20100110\avr\lib\avr4\libprintf_flt.a(vfprintf_flt.o)
 .bss           0x008001f7        0x0 c:/winavr-20100110/bin/../lib/gcc/avr/4.3.3/avr5\libgcc.a(_mulsi3.o)
 .bss           0x008001f7        0x0 c:/winavr-20100110/bin/../lib/gcc/avr/4.3.3/avr5\libgcc.a(_udivmodsi4.o)
 .bss           0x008001f7        0x0 c:/winavr-20100110/bin/../lib/gcc/avr/4.3.3/avr5\libgcc.a(_prologue.o)
 .bss           0x008001f7        0x0 c:/winavr-20100110/bin/../lib/gcc/avr/4.3.3/avr5\libgcc.a(_epilogue.o)
 .bss           0x008001f7        0x0 c:/winavr-20100110/bin/../lib/gcc/avr/4.3.3/avr5\libgcc.a(_exit.o)
 .bss           0x008001f7        0x0 c:/winavr-20100110/bin/../lib/gcc/avr/4.3.3/avr5\libgcc.a(_copy_data.o)
 .bss           0x008001f7        0x0 c:/winavr-20100110/bin/../lib/gcc/avr/4.3.3/avr5\libgcc.a(_clear_bss.o)
 .bss           0x008001f7        0x0 C:\WinAVR-20100110\avr\lib\avr4\libc.a(malloc.o)
 .bss           0x008001f7        0x0 C:\WinAVR-20100110\avr\lib\avr4\libc.a(ftoa_engine.o)
 .bss           0x008001f7        0x0 C:\WinAVR-20100110\avr\lib\avr4\libc.a(strnlen_P.o)
 .bss           0x008001f7        0x0 C:\WinAVR-20100110\avr\lib\avr4\libc.a(strnlen.o)
 .bss           0x008001f7        0x0 C:\WinAVR-20100110\avr\lib\avr4\libc.a(fputc.o)
 .bss           0x008001f7        0x0 C:\WinAVR-20100110\avr\lib\avr4\libc.a(iob.o)
 .bss           0x008001f7        0x0 C:\WinAVR-20100110\avr\lib\avr4\libc.a(puts.o)
 .bss           0x008001f7        0x0 C:\WinAVR-20100110\avr\lib\avr4\libc.a(ultoa_invert.o)
 *(.bss*)
 *(COMMON)
 COMMON         0x008001f7        0x6 Project.o
                0x008001f7                LCopstat
                0x008001f9                LEopstat
                0x008001fb                ATopstat
 COMMON         0x008001fd       0x13 C:\Program Files\AVR Libraries\libcapi324v221.a(SYS_globals.o)
                0x008001fd                CBOT_system
 COMMON         0x00800210        0x5 C:\Program Files\AVR Libraries\libcapi324v221.a(LCD_globals.o)
                0x00800210                LCD_params
 COMMON         0x00800215        0x1 C:\Program Files\AVR Libraries\libcapi324v221.a(SPI_globals.o)
                0x00800215                curr_spi_addr
 COMMON         0x00800216       0x1e C:\Program Files\AVR Libraries\libcapi324v221.a(ATTINY_globals.o)
                0x00800216                ATTINY_params
 COMMON         0x00800234        0x3 C:\Program Files\AVR Libraries\libcapi324v221.a(TMRSRVC_globals.o)
                0x00800234                tmrNodes
 COMMON         0x00800237        0x5 C:\Program Files\AVR Libraries\libcapi324v221.a(I2C_globals.o)
                0x00800237                I2C_params
 COMMON         0x0080023c       0x39 C:\Program Files\AVR Libraries\libcapi324v221.a(STEPPER_globals.o)
                0x0080023c                STEPPER_params
                0x00800273                step_done
 COMMON         0x00800275        0x4 C:\WinAVR-20100110\avr\lib\avr4\libc.a(malloc.o)
                0x00800275                __brkval
                0x00800277                __flp
 COMMON         0x00800279        0x6 C:\WinAVR-20100110\avr\lib\avr4\libc.a(iob.o)
                0x00800279                __iob
                0x0080027f                PROVIDE (__bss_end, .)
                0x00003eca                __data_load_start = LOADADDR (.data)
                0x00003f4a                __data_load_end = (__data_load_start + SIZEOF (.data))

.noinit         0x0080027f        0x0
                0x0080027f                PROVIDE (__noinit_start, .)
 *(.noinit*)
                0x0080027f                PROVIDE (__noinit_end, .)
                0x0080027f                _end = .
                0x0080027f                PROVIDE (__heap_start, .)

.eeprom         0x00810000        0x0
 *(.eeprom*)
                0x00810000                __eeprom_end = .

.fuse
 *(.fuse)
 *(.lfuse)
 *(.hfuse)
 *(.efuse)

.lock
 *(.lock*)

.signature
 *(.signature*)

.stab
 *(.stab)

.stabstr
 *(.stabstr)

.stab.excl
 *(.stab.excl)

.stab.exclstr
 *(.stab.exclstr)

.stab.index
 *(.stab.index)

.stab.indexstr
 *(.stab.indexstr)

.comment
 *(.comment)

.debug
 *(.debug)

.line
 *(.line)

.debug_srcinfo
 *(.debug_srcinfo)

.debug_sfnames
 *(.debug_sfnames)

.debug_aranges  0x00000000       0x20
 *(.debug_aranges)
 .debug_aranges
                0x00000000       0x20 Project.o

.debug_pubnames
                0x00000000      0x174
 *(.debug_pubnames)
 .debug_pubnames
                0x00000000      0x174 Project.o

.debug_info     0x00000000      0x8b2
 *(.debug_info)
 .debug_info    0x00000000      0x8b2 Project.o
 *(.gnu.linkonce.wi.*)

.debug_abbrev   0x00000000      0x12d
 *(.debug_abbrev)
 .debug_abbrev  0x00000000      0x12d Project.o

.debug_line     0x00000000      0x73a
 *(.debug_line)
 .debug_line    0x00000000      0x73a Project.o

.debug_frame    0x00000000      0x130
 *(.debug_frame)
 .debug_frame   0x00000000      0x130 Project.o

.debug_str      0x00000000      0x772
 *(.debug_str)
 .debug_str     0x00000000      0x772 Project.o
                                0x806 (size before relaxing)

.debug_loc      0x00000000      0x6d3
 *(.debug_loc)
 .debug_loc     0x00000000      0x6d3 Project.o

.debug_macinfo
 *(.debug_macinfo)
OUTPUT(Project.elf elf32-avr)
LOAD linker stubs
