Archive member included because of file (symbol)

C:\Program Files\AVR Libraries\libcapi324v221.a(ADC_open.o)
                              LightSensing.o (ADC_open)
C:\Program Files\AVR Libraries\libcapi324v221.a(ADC_sample.o)
                              CEEN_Interfaces.o (ADC_sample)
C:\Program Files\AVR Libraries\libcapi324v221.a(ADC_set_channel.o)
                              CEEN_Interfaces.o (ADC_set_channel)
C:\Program Files\AVR Libraries\libcapi324v221.a(ADC_set_VREF.o)
                              CEEN_Interfaces.o (ADC_set_VREF)
C:\Program Files\AVR Libraries\libcapi324v221.a(CBOT_main.o)
                              c:/winavr-20100110/bin/../lib/gcc/avr/4.3.3/../../../../avr/lib/avr5/crtm324p.o (main)
C:\Program Files\AVR Libraries\libcapi324v221.a(LCD_clear.o)
                              CEEN_Interfaces.o (LCD_clear)
C:\Program Files\AVR Libraries\libcapi324v221.a(LCD_open.o)
                              LightSensing.o (LCD_open)
C:\Program Files\AVR Libraries\libcapi324v221.a(LCD_set_backlight.o)
                              C:\Program Files\AVR Libraries\libcapi324v221.a(LCD_open.o) (LCD_set_backlight)
C:\Program Files\AVR Libraries\libcapi324v221.a(LCD_set_next_PGC.o)
                              C:\Program Files\AVR Libraries\libcapi324v221.a(LCD_clear.o) (LCD_set_next_PGC)
C:\Program Files\AVR Libraries\libcapi324v221.a(LCD_set_PGC_addr.o)
                              C:\Program Files\AVR Libraries\libcapi324v221.a(LCD_clear.o) (LCD_set_PGC_addr)
C:\Program Files\AVR Libraries\libcapi324v221.a(LCD_write.o)
                              C:\Program Files\AVR Libraries\libcapi324v221.a(LCD_clear.o) (LCD_write)
C:\Program Files\AVR Libraries\libcapi324v221.a(LED_clr_pattern.o)
                              CEEN_Interfaces.o (LED_clr_pattern)
C:\Program Files\AVR Libraries\libcapi324v221.a(LED_open.o)
                              LightSensing.o (LED_open)
C:\Program Files\AVR Libraries\libcapi324v221.a(LED_set_patttern.o)
                              CEEN_Interfaces.o (LED_set_pattern)
C:\Program Files\AVR Libraries\libcapi324v221.a(SPI_set_slave_addr.o)
                              C:\Program Files\AVR Libraries\libcapi324v221.a(LCD_set_backlight.o) (SPI_set_slave_addr)
C:\Program Files\AVR Libraries\libcapi324v221.a(SPI_transmit.o)
                              C:\Program Files\AVR Libraries\libcapi324v221.a(LCD_set_backlight.o) (SPI_transmit)
C:\Program Files\AVR Libraries\libcapi324v221.a(SPKR_open.o)
                              LightSensing.o (SPKR_open)
C:\Program Files\AVR Libraries\libcapi324v221.a(STEPPER_get_nSteps.o)
                              LightSensing.o (STEPPER_get_nSteps)
C:\Program Files\AVR Libraries\libcapi324v221.a(STEPPER_globals.o)
                              C:\Program Files\AVR Libraries\libcapi324v221.a(STEPPER_get_nSteps.o) (STEPPER_params)
C:\Program Files\AVR Libraries\libcapi324v221.a(STEPPER_move.o)
                              LightSensing.o (STEPPER_move)
C:\Program Files\AVR Libraries\libcapi324v221.a(STEPPER_open.o)
                              LightSensing.o (STEPPER_open)
C:\Program Files\AVR Libraries\libcapi324v221.a(STEPPER_run.o)
                              C:\Program Files\AVR Libraries\libcapi324v221.a(STEPPER_move.o) (STEPPER_run)
C:\Program Files\AVR Libraries\libcapi324v221.a(STEPPER_set_accel.o)
                              C:\Program Files\AVR Libraries\libcapi324v221.a(STEPPER_move.o) (STEPPER_set_accel)
C:\Program Files\AVR Libraries\libcapi324v221.a(STEPPER_set_dir.o)
                              C:\Program Files\AVR Libraries\libcapi324v221.a(STEPPER_run.o) (STEPPER_set_dir)
C:\Program Files\AVR Libraries\libcapi324v221.a(STEPPER_set_mode.o)
                              C:\Program Files\AVR Libraries\libcapi324v221.a(STEPPER_move.o) (STEPPER_set_mode)
C:\Program Files\AVR Libraries\libcapi324v221.a(STEPPER_set_speed.o)
                              C:\Program Files\AVR Libraries\libcapi324v221.a(STEPPER_run.o) (STEPPER_set_speed)
C:\Program Files\AVR Libraries\libcapi324v221.a(STEPPER_step.o)
                              C:\Program Files\AVR Libraries\libcapi324v221.a(STEPPER_move.o) (STEPPER_step)
C:\Program Files\AVR Libraries\libcapi324v221.a(STEPPER_wait_and_then.o)
                              C:\Program Files\AVR Libraries\libcapi324v221.a(STEPPER_move.o) (STEPPER_wait_and_then)
C:\Program Files\AVR Libraries\libcapi324v221.a(SYS_get_state.o)
                              C:\Program Files\AVR Libraries\libcapi324v221.a(ADC_open.o) (SYS_get_state)
C:\Program Files\AVR Libraries\libcapi324v221.a(SYS_globals.o)
                              C:\Program Files\AVR Libraries\libcapi324v221.a(SYS_get_state.o) (CBOT_system)
C:\Program Files\AVR Libraries\libcapi324v221.a(SYS_set_state.o)
                              C:\Program Files\AVR Libraries\libcapi324v221.a(ADC_open.o) (SYS_set_state)
[...]
Memory Configuration

Name             Origin             Length             Attributes
text             0x00000000         0x00020000         xr
data             0x00800060         0x0000ffa0         rw !x
eeprom           0x00810000         0x00010000         rw !x
fuse             0x00820000         0x00000400         rw !x
lock             0x00830000         0x00000400         rw !x
signature        0x00840000         0x00000400         rw !x
*default*        0x00000000         0xffffffff

Linker script and memory map

Address of section .data set to 0x800100
LOAD c:/winavr-20100110/bin/../lib/gcc/avr/4.3.3/../../../../avr/lib/avr5/crtm324p.o
LOAD CEEN_Interfaces.o
LOAD LightSensing.o
LOAD C:\Program Files\AVR Libraries\libcapi324v221.a
LOAD C:\WinAVR-20100110\avr\lib\avr4\libm.a
LOAD C:\WinAVR-20100110\avr\lib\avr4\libprintf_flt.a
LOAD c:/winavr-20100110/bin/../lib/gcc/avr/4.3.3/avr5\libgcc.a
LOAD C:\WinAVR-20100110\avr\lib\avr4\libc.a
LOAD c:/winavr-20100110/bin/../lib/gcc/avr/4.3.3/avr5\libgcc.a

.hash
 *(.hash)

.dynsym
 *(.dynsym)

.dynstr
 *(.dynstr)

.gnu.version
 *(.gnu.version)

.gnu.version_d
 *(.gnu.version_d)

.gnu.version_r
 *(.gnu.version_r)

.rel.init
 *(.rel.init)

.rela.init
 *(.rela.init)

.rel.text
 *(.rel.text)
 *(.rel.text.*)
 *(.rel.gnu.linkonce.t*)

.rela.text
 *(.rela.text)
 *(.rela.text.*)
 *(.rela.gnu.linkonce.t*)

.rel.fini
 *(.rel.fini)

.rela.fini
 *(.rela.fini)

.rel.rodata
 *(.rel.rodata)
 *(.rel.rodata.*)
 *(.rel.gnu.linkonce.r*)

.rela.rodata
 *(.rela.rodata)
 *(.rela.rodata.*)
 *(.rela.gnu.linkonce.r*)

.rel.data
 *(.rel.data)
 *(.rel.data.*)
 *(.rel.gnu.linkonce.d*)

.rela.data
 *(.rela.data)
 *(.rela.data.*)
 *(.rela.gnu.linkonce.d*)

.rel.ctors
 *(.rel.ctors)

.rela.ctors
 *(.rela.ctors)

.rel.dtors
 *(.rel.dtors)

.rela.dtors
 *(.rela.dtors)

.rel.got
 *(.rel.got)

.rela.got
 *(.rela.got)

.rel.bss
 *(.rel.bss)

.rela.bss
 *(.rela.bss)

.rel.plt
 *(.rel.plt)

.rela.plt
 *(.rela.plt)

.text           0x00000000     0x56b4
 *(.vectors)
 .vectors       0x00000000       0x7c c:/winavr-20100110/bin/../lib/gcc/avr/4.3.3/../../../../avr/lib/avr5/crtm324p.o
                0x00000000                __vectors
                0x00000000                __vector_default
 *(.vectors)
 *(.progmem.gcc*)
 .progmem.gcc_sw_table
                0x0000007c       0x26 C:\Program Files\AVR Libraries\libcapi324v221.a(SYS_get_state.o)
 .progmem.gcc_sw_table
                0x000000a2       0x26 C:\Program Files\AVR Libraries\libcapi324v221.a(SYS_set_state.o)
 .progmem.gcc_fplib
                0x000000c8       0x28 C:\WinAVR-20100110\avr\lib\avr4\libm.a(exp.o)
 .progmem.gcc_fplib
                0x000000f0       0x5a C:\WinAVR-20100110\avr\lib\avr4\libm.a(log.o)
 *(.progmem*)
 .progmem.data  0x0000014a      0x415 C:\Program Files\AVR Libraries\libcapi324v221.a(LCD_globals.o)
                0x0000014a                char_bitmap
                0x0000035f                CEENBoT_Inc_logo_bitmap
 .progmem.data  0x0000055f        0x8 C:\WinAVR-20100110\avr\lib\avr4\libprintf_flt.a(vfprintf_flt.o)
 .progmem.data  0x00000567       0xfa C:\WinAVR-20100110\avr\lib\avr4\libc.a(ftoa_engine.o)
                0x00000662                . = ALIGN (0x2)
 *fill*         0x00000661        0x1 00
                0x00000662                __trampolines_start = .
 *(.trampolines)
 .trampolines   0x00000662        0x0 linker stubs
 *(.trampolines*)
                0x00000662                __trampolines_end = .
 *(.jumptables)
 *(.jumptables*)
 *(.lowtext)
 *(.lowtext*)
                0x00000662                __ctors_start = .
 *(.ctors)
                0x00000662                __ctors_end = .
                0x00000662                __dtors_start = .
 *(.dtors)
                0x00000662                __dtors_end = .
 SORT(*)(.ctors)
 SORT(*)(.dtors)
 *(.init0)
 .init0         0x00000662        0x0 c:/winavr-20100110/bin/../lib/gcc/avr/4.3.3/../../../../avr/lib/avr5/crtm324p.o
                0x00000662                __init
 *(.init0)
 *(.init1)
 *(.init1)
 *(.init2)
 .init2         0x00000662        0xc c:/winavr-20100110/bin/../lib/gcc/avr/4.3.3/../../../../avr/lib/avr5/crtm324p.o
 *(.init2)
 *(.init3)
 *(.init3)
 *(.init4)
 .init4         0x0000066e       0x16 c:/winavr-20100110/bin/../lib/gcc/avr/4.3.3/avr5\libgcc.a(_copy_data.o)
                0x0000066e                __do_copy_data
 .init4         0x00000684       0x10 c:/winavr-20100110/bin/../lib/gcc/avr/4.3.3/avr5\libgcc.a(_clear_bss.o)
                0x00000684                __do_clear_bss
 *(.init4)
 *(.init5)
 *(.init5)
 *(.init6)
 *(.init6)
 *(.init7)
 *(.init7)
 *(.init8)
 *(.init8)
 *(.init9)
 .init9         0x00000694        0x8 c:/winavr-20100110/bin/../lib/gcc/avr/4.3.3/../../../../avr/lib/avr5/crtm324p.o
 *(.init9)
 *(.text)
 .text          0x0000069c        0x4 c:/winavr-20100110/bin/../lib/gcc/avr/4.3.3/../../../../avr/lib/avr5/crtm324p.o
                0x0000069c                __vector_22
                0x0000069c                __vector_28
                0x0000069c                __vector_1
                0x0000069c                __vector_24
                0x0000069c                __bad_interrupt
                0x0000069c                __vector_3
                0x0000069c                __vector_23
                0x0000069c                __vector_30
                0x0000069c                __vector_25
                0x0000069c                __vector_19
                0x0000069c                __vector_27
                0x0000069c                __vector_2
                0x0000069c                __vector_21
                0x0000069c                __vector_29
                0x0000069c                __vector_8
                0x0000069c                __vector_26
                0x0000069c                __vector_20
 .text          0x000006a0      0x546 CEEN_Interfaces.o
                0x00000ada                getLeftLight
                0x000006ec                read_pixel_8
                0x00000ab0                getRightLight
                0x00000b04                WaitButton
                0x0000081c                read_pixel_4
                0x00000a6a                getLeftIR
                0x00000998                getBackIR
                0x00000738                read_pixel_7
                0x00000784                read_pixel_6
                0x00000a24                getRightIR
                0x00000900                read_pixel_1
                0x000007d0                read_pixel_5
                0x0000094c                get_revision
                0x00000868                read_pixel_3
                0x000009de                getFrontIR
                0x000006a0                get_ambient_temp
                0x000008b4                read_pixel_2
 .text          0x00000be6      0xea2 LightSensing.o
                0x00000ff6                check_threshhold
                0x00000be6                prefilter
                0x000012c0                moveWall
                0x00000f14                pidController
                0x000018ee                moveWander
                0x0000129c                moveBehavior
                0x00001164                moveAway
                0x00001112                checkIR
                0x000010e6                move_arc_stwt
                0x000015a2                moveLight
                0x000010e8                checkLightSensor
                0x00001a14                CBOT_main
 .text          0x00001a88       0x1c C:\Program Files\AVR Libraries\libcapi324v221.a(ADC_open.o)
                0x00001a88                ADC_open
 .text          0x00001aa4       0x3a C:\Program Files\AVR Libraries\libcapi324v221.a(ADC_sample.o)
                0x00001aa4                ADC_sample
 .text          0x00001ade       0x6e C:\Program Files\AVR Libraries\libcapi324v221.a(ADC_set_channel.o)
                0x00001ade                ADC_set_channel
 .text          0x00001b4c       0x16 C:\Program Files\AVR Libraries\libcapi324v221.a(ADC_set_VREF.o)
                0x00001b4c                ADC_set_VREF
 .text          0x00001b62       0x12 C:\Program Files\AVR Libraries\libcapi324v221.a(CBOT_main.o)
                0x00001b62                main
 .text          0x00001b74       0x3a C:\Program Files\AVR Libraries\libcapi324v221.a(LCD_clear.o)
                0x00001b74                LCD_clear
 .text          0x00001bae      0x102 C:\Program Files\AVR Libraries\libcapi324v221.a(LCD_open.o)
                0x00001bae                LCD_open
 .text          0x00001cb0       0x42 C:\Program Files\AVR Libraries\libcapi324v221.a(LCD_set_backlight.o)
                0x00001cb0                LCD_set_backlight
 .text          0x00001cf2        0xe C:\Program Files\AVR Libraries\libcapi324v221.a(LCD_set_next_PGC.o)
                0x00001cf2                LCD_set_next_PGC
 .text          0x00001d00       0x32 C:\Program Files\AVR Libraries\libcapi324v221.a(LCD_set_PGC_addr.o)
                0x00001d00                LCD_set_PGC_addr
 .text          0x00001d32       0x36 C:\Program Files\AVR Libraries\libcapi324v221.a(LCD_write.o)
                0x00001d32                LCD_write
 .text          0x00001d68       0x18 C:\Program Files\AVR Libraries\libcapi324v221.a(LED_clr_pattern.o)
                0x00001d68                LED_clr_pattern
 .text          0x00001d80       0x12 C:\Program Files\AVR Libraries\libcapi324v221.a(LED_open.o)
                0x00001d80                LED_open
 .text          0x00001d92       0x18 C:\Program Files\AVR Libraries\libcapi324v221.a(LED_set_patttern.o)
                0x00001d92                LED_set_pattern
 .text          0x00001daa       0xa2 C:\Program Files\AVR Libraries\libcapi324v221.a(SPI_set_slave_addr.o)
                0x00001daa                SPI_set_slave_addr
 .text          0x00001e4c       0x1e C:\Program Files\AVR Libraries\libcapi324v221.a(SPI_transmit.o)
                0x00001e4c                SPI_transmit
 .text          0x00001e6a      0x13c C:\Program Files\AVR Libraries\libcapi324v221.a(SPKR_open.o)
                0x00001f34                __SPKR_open_tone_mode
                0x00001f8c                SPKR_open
                0x00001e6a                __SPKR_set_up_freq_LUT
                0x00001f08                __SPKR_open_beep_mode
 .text          0x00001fa6       0x16 C:\Program Files\AVR Libraries\libcapi324v221.a(STEPPER_get_nSteps.o)
                0x00001fa6                STEPPER_get_nSteps
 .text          0x00001fbc        0x0 C:\Program Files\AVR Libraries\libcapi324v221.a(STEPPER_globals.o)
 .text          0x00001fbc      0x2c8 C:\Program Files\AVR Libraries\libcapi324v221.a(STEPPER_move.o)
                0x00002136                STEPPER_move
 .text          0x00002284       0xae C:\Program Files\AVR Libraries\libcapi324v221.a(STEPPER_open.o)
                0x00002284                STEPPER_open
 .text          0x00002332       0x2e C:\Program Files\AVR Libraries\libcapi324v221.a(STEPPER_run.o)
                0x00002332                STEPPER_run
 .text          0x00002360       0x44 C:\Program Files\AVR Libraries\libcapi324v221.a(STEPPER_set_accel.o)
                0x00002360                STEPPER_set_accel
 .text          0x000023a4       0x2a C:\Program Files\AVR Libraries\libcapi324v221.a(STEPPER_set_dir.o)
                0x000023a4                STEPPER_set_dir
 .text          0x000023ce       0x2a C:\Program Files\AVR Libraries\libcapi324v221.a(STEPPER_set_mode.o)
                0x000023ce                STEPPER_set_mode
 .text          0x000023f8       0x44 C:\Program Files\AVR Libraries\libcapi324v221.a(STEPPER_set_speed.o)
                0x000023f8                STEPPER_set_speed
 .text          0x0000243c      0x118 C:\Program Files\AVR Libraries\libcapi324v221.a(STEPPER_step.o)
                0x0000243c                STEPPER_step
 .text          0x00002554       0x9c C:\Program Files\AVR Libraries\libcapi324v221.a(STEPPER_wait_and_then.o)
                0x00002554                STEPPER_wait_and_then
 .text          0x000025f0       0x90 C:\Program Files\AVR Libraries\libcapi324v221.a(SYS_get_state.o)
                0x000025f0                SYS_get_state
 .text          0x00002680        0x0 C:\Program Files\AVR Libraries\libcapi324v221.a(SYS_globals.o)
 .text          0x00002680       0x8e C:\Program Files\AVR Libraries\libcapi324v221.a(SYS_set_state.o)
                0x00002680                SYS_set_state
 .text          0x0000270e       0x9c C:\Program Files\AVR Libraries\libcapi324v221.a(ATTINY_get_SW_state.o)
                0x0000270e                ATTINY_get_SW_state
 .text          0x000027aa       0x9e C:\Program Files\AVR Libraries\libcapi324v221.a(ATTINY_open.o)
                0x000027aa                ATTINY_open
 .text          0x00002848       0x42 C:\Program Files\AVR Libraries\libcapi324v221.a(TMRSRVC_delay.o)
                0x00002848                TMRSRVC_delay
 .text          0x0000288a       0x7c C:\Program Files\AVR Libraries\libcapi324v221.a(TMRSRVC_new.o)
                0x0000288a                TMRSRVC_new
 .text          0x00002906       0x58 C:\Program Files\AVR Libraries\libcapi324v221.a(I2C_MSTR_get.o)
                0x00002906                I2C_MSTR_get
 .text          0x0000295e       0x4c C:\Program Files\AVR Libraries\libcapi324v221.a(I2C_MSTR_send.o)
                0x0000295e                I2C_MSTR_send
 .text          0x000029aa       0x8c C:\Program Files\AVR Libraries\libcapi324v221.a(I2C_MSTR_start.o)
                0x000029aa                I2C_MSTR_start
 .text          0x00002a36       0x28 C:\Program Files\AVR Libraries\libcapi324v221.a(I2C_MSTR_stop.o)
                0x00002a36                I2C_MSTR_stop
 .text          0x00002a5e       0x3c C:\Program Files\AVR Libraries\libcapi324v221.a(I2C_open.o)
                0x00002a5e                I2C_open
 .text          0x00002a9a       0x12 C:\Program Files\AVR Libraries\libcapi324v221.a(I2C_set_BRG.o)
                0x00002a9a                I2C_set_BRG
 .text          0x00002aac       0x16 C:\Program Files\AVR Libraries\libcapi324v221.a(__ADC_init.o)
                0x00002aac                __ADC_init
 .text          0x00002ac2       0x1c C:\Program Files\AVR Libraries\libcapi324v221.a(CBOT_init.o)
                0x00002ac2                CBOT_init
 .text          0x00002ade      0x480 C:\Program Files\AVR Libraries\libcapi324v221.a(CBOT_isr.o)
                0x00002d72                __vector_12
                0x00002eba                __vector_6
                0x00002c7c                __vector_11
                0x00002cce                __vector_13
                0x00002b34                __vector_17
                0x00002f0c                __vector_7
                0x00002e68                __vector_5
                0x00002e16                __vector_4
                0x00002bd8                __vector_9
                0x00002dc4                __vector_15
                0x00002ade                CBOT_ISR_init
                0x00002d20                __vector_14
                0x00002c2a                __vector_10
                0x00002ae2                __vector_16
                0x00002b86                __vector_18
 .text          0x00002f5e       0x28 C:\Program Files\AVR Libraries\libcapi324v221.a(ISR_attach.o)
                0x00002f5e                ISR_attach
 .text          0x00002f86        0x0 C:\Program Files\AVR Libraries\libcapi324v221.a(ISR_globals.o)
 .text          0x00002f86       0x28 C:\Program Files\AVR Libraries\libcapi324v221.a(ISR_open.o)
                0x00002f86                ISR_open
 .text          0x00002fae        0x0 C:\Program Files\AVR Libraries\libcapi324v221.a(LCD_globals.o)
 .text          0x00002fae        0x4 C:\Program Files\AVR Libraries\libcapi324v221.a(__LCD_init.o)
                0x00002fae                __LCD_init
 .text          0x00002fb2      0x15a C:\Program Files\AVR Libraries\libcapi324v221.a(__LCD_putchar.o)
                0x00002fb2                __LCD_putchar
 .text          0x0000310c        0xa C:\Program Files\AVR Libraries\libcapi324v221.a(__LED_clr_pattern.o)
                0x0000310c                __LED_clr_pattern
 .text          0x00003116        0x6 C:\Program Files\AVR Libraries\libcapi324v221.a(__LED_init.o)
                0x00003116                __LED_init
 .text          0x0000311c        0xa C:\Program Files\AVR Libraries\libcapi324v221.a(__LED_set_pattern.o)
                0x0000311c                __LED_set_pattern
 .text          0x00003126       0x24 C:\Program Files\AVR Libraries\libcapi324v221.a(ATMEGA_open.o)
                0x00003126                ATMEGA_open
 .text          0x0000314a       0xa6 C:\Program Files\AVR Libraries\libcapi324v221.a(ATMEGA_set_clk_mode.o)
                0x0000314a                ATMEGA_set_clk_mode
 .text          0x000031f0        0x0 C:\Program Files\AVR Libraries\libcapi324v221.a(SPI_globals.o)
 .text          0x000031f0       0x72 C:\Program Files\AVR Libraries\libcapi324v221.a(SPI_open.o)
                0x000031f0                SPI_open
 .text          0x00003262       0x12 C:\Program Files\AVR Libraries\libcapi324v221.a(SPI_set_config_func.o)
                0x00003262                SPI_set_config_func
 .text          0x00003274        0x6 C:\Program Files\AVR Libraries\libcapi324v221.a(ISR__SPKR__TIMER1_COMPA_vect.o)
                0x00003274                __SPKR_TIMER1_COMPA_vect
 .text          0x0000327a       0x82 C:\Program Files\AVR Libraries\libcapi324v221.a(SPKR_clk.o)
                0x0000327a                SPKR_clk
 .text          0x000032fc       0x72 C:\Program Files\AVR Libraries\libcapi324v221.a(SPKR_close.o)
                0x0000335a                SPKR_close
                0x00003318                __SPKR_close_tone_mode
                0x000032fc                __SPKR_close_beep_mode
 .text          0x0000336e        0x0 C:\Program Files\AVR Libraries\libcapi324v221.a(SPKR_globals.o)
 .text          0x0000336e       0x54 C:\Program Files\AVR Libraries\libcapi324v221.a(__SPKR_init.o)
                0x0000336e                __SPKR_init
 .text          0x000033c2       0x9a C:\Program Files\AVR Libraries\libcapi324v221.a(SPKR_play_beep.o)
                0x000033c2                SPKR_play_beep
 .text          0x0000345c        0xc C:\Program Files\AVR Libraries\libcapi324v221.a(__SPKR_stop.o)
                0x0000345c                __SPKR_stop
 .text          0x00003468       0x2a C:\Program Files\AVR Libraries\libcapi324v221.a(STEPPER_go.o)
                0x00003468                STEPPER_go
 .text          0x00003492       0x14 C:\Program Files\AVR Libraries\libcapi324v221.a(__STEPPER_init.o)
                0x00003492                __STEPPER_init
 .text          0x000034a6       0x36 C:\Program Files\AVR Libraries\libcapi324v221.a(STEPPER_set_steps.o)
                0x000034a6                STEPPER_set_steps
 .text          0x000034dc       0x2a C:\Program Files\AVR Libraries\libcapi324v221.a(STEPPER_set_stop_mode.o)
                0x000034dc                STEPPER_set_stop_mode
 .text          0x00003506       0x7a C:\Program Files\AVR Libraries\libcapi324v221.a(STEPPER_setup_decels.o)
                0x00003506                STEPPER_setup_decels
 .text          0x00003580       0x46 C:\Program Files\AVR Libraries\libcapi324v221.a(SYS_init.o)
                0x00003580                SYS_init
 .text          0x000035c6       0x62 C:\Program Files\AVR Libraries\libcapi324v221.a(ATTINY_get_sensors.o)
                0x000035c6                ATTINY_get_sensors
 .text          0x00003628        0x0 C:\Program Files\AVR Libraries\libcapi324v221.a(ATTINY_globals.o)
 .text          0x00003628        0x0 C:\Program Files\AVR Libraries\libcapi324v221.a(TMRSRVC_globals.o)
 .text          0x00003628       0xd2 C:\Program Files\AVR Libraries\libcapi324v221.a(__TMRSRVC_insert.o)
                0x00003628                TMRSRVC_insert
 .text          0x000036fa       0x3e C:\Program Files\AVR Libraries\libcapi324v221.a(TMRSRVC_open.o)
                0x000036fa                TMRSRVC_open
 .text          0x00003738        0xc C:\Program Files\AVR Libraries\libcapi324v221.a(__TMRSRVC_start.o)
                0x00003738                __TMRSRVC_start
 .text          0x00003744        0x8 C:\Program Files\AVR Libraries\libcapi324v221.a(TMRSRVC_start.o)
                0x00003744                TMRSRVC_start
 .text          0x0000374c       0x14 C:\Program Files\AVR Libraries\libcapi324v221.a(I2C_enable.o)
                0x0000374c                I2C_enable
 .text          0x00003760        0x0 C:\Program Files\AVR Libraries\libcapi324v221.a(I2C_globals.o)
 .text          0x00003760        0x6 C:\Program Files\AVR Libraries\libcapi324v221.a(__I2C_init.o)
                0x00003760                __I2C_init
 .text          0x00003766       0x22 C:\Program Files\AVR Libraries\libcapi324v221.a(__ISR_attach.o)
                0x00003766                __ISR_attach
 .text          0x00003788        0x6 C:\Program Files\AVR Libraries\libcapi324v221.a(__ATMEGA_init.o)
                0x00003788                __ATMEGA_init
 .text          0x0000378e       0x52 C:\Program Files\AVR Libraries\libcapi324v221.a(SPI_cfgrs.o)
                0x0000379e                SPI_ATtiny0_config
                0x000037ce                SPI_FLASH_config
                0x0000378e                SPI_default_config
                0x000037be                SPI_LCD_config
                0x000037ae                SPI_PSXC_config
 .text          0x000037e0        0xe C:\Program Files\AVR Libraries\libcapi324v221.a(__SPI_init.o)
                0x000037e0                __SPI_init
 .text          0x000037ee       0x24 C:\Program Files\AVR Libraries\libcapi324v221.a(SPI_receive.o)
                0x000037ee                SPI_receive
 .text          0x00003812       0x2e C:\Program Files\AVR Libraries\libcapi324v221.a(SPKR_beep.o)
                0x00003812                SPKR_beep
 .text          0x00003840       0x38 C:\Program Files\AVR Libraries\libcapi324v221.a(__SPKR_close.o)
                0x00003840                __SPKR_close
 .text          0x00003878       0xda C:\Program Files\AVR Libraries\libcapi324v221.a(STEPPER_set_decel_step_values.o)
                0x00003878                STEPPER_set_decel_step_values
 .text          0x00003952        0xe C:\Program Files\AVR Libraries\libcapi324v221.a(ISR__TIMER0_COMPA_vect.o)
                0x00003952                __TIMER0_COMPA_vect
 .text          0x00003960       0x12 C:\Program Files\AVR Libraries\libcapi324v221.a(__TMRSRVC_init.o)
                0x00003960                __TMRSRVC_init
 .text          0x00003972       0x32 C:\Program Files\AVR Libraries\libcapi324v221.a(TMRSRVC_tick.o)
                0x00003972                TMRSRVC_tick
 .text          0x000039a4       0x4e C:\Program Files\AVR Libraries\libcapi324v221.a(SPKR_beep_clk.o)
                0x000039a4                SPKR_beep_clk
 .text          0x000039f2      0x162 C:\Program Files\AVR Libraries\libcapi324v221.a(STEPPER_clk.o)
                0x000039f2                STEPPER_clk
 .text          0x00003b54       0x8a C:\Program Files\AVR Libraries\libcapi324v221.a(STEPPER_process_accel.o)
                0x00003b54                STEPPER_process_accel
 .text          0x00003bde      0x206 C:\Program Files\AVR Libraries\libcapi324v221.a(STEPPER_process_run_mode.o)
                0x00003bde                STEPPER_process_run_mode
 .text          0x00003de4       0xa8 C:\Program Files\AVR Libraries\libcapi324v221.a(STEPPER_process_step_mode.o)
                0x00003de4                STEPPER_process_step_mode
 .text          0x00003e8c       0x4a C:\Program Files\AVR Libraries\libcapi324v221.a(STEPPER_stop.o)
                0x00003e8c                STEPPER_stop
 .text          0x00003ed6       0xd6 C:\Program Files\AVR Libraries\libcapi324v221.a(TMRSRVC_process.o)
                0x00003ed6                TMRSRVC_process
 .text          0x00003fac        0x6 C:\Program Files\AVR Libraries\libcapi324v221.a(TMRSRVC_stop.o)
                0x00003fac                TMRSRVC_stop
 .text          0x00003fb2      0x130 C:\Program Files\AVR Libraries\libcapi324v221.a(STEPPER_process_pwm.o)
                0x00003fb2                STEPPER_process_pwm
 .text          0x000040e2        0x0 C:\WinAVR-20100110\avr\lib\avr4\libm.a(addsf3.o)
 .text          0x000040e2        0x0 C:\WinAVR-20100110\avr\lib\avr4\libm.a(addsf3x.o)
 .text          0x000040e2        0x0 C:\WinAVR-20100110\avr\lib\avr4\libm.a(cmpsf2.o)
 .text          0x000040e2        0x0 C:\WinAVR-20100110\avr\lib\avr4\libm.a(divsf3.o)
 .text          0x000040e2        0x0 C:\WinAVR-20100110\avr\lib\avr4\libm.a(divsf3x.o)
 .text          0x000040e2        0x0 C:\WinAVR-20100110\avr\lib\avr4\libm.a(fixsfsi.o)
 .text          0x000040e2        0x0 C:\WinAVR-20100110\avr\lib\avr4\libm.a(fixunssfsi.o)
 .text          0x000040e2        0x0 C:\WinAVR-20100110\avr\lib\avr4\libm.a(floatsisf.o)
 .text          0x000040e2        0x0 C:\WinAVR-20100110\avr\lib\avr4\libm.a(fp_cmp.o)
 .text          0x000040e2        0x0 C:\WinAVR-20100110\avr\lib\avr4\libm.a(fp_inf.o)
 .text          0x000040e2        0x0 C:\WinAVR-20100110\avr\lib\avr4\libm.a(fp_nan.o)
 .text          0x000040e2        0x0 C:\WinAVR-20100110\avr\lib\avr4\libm.a(fp_pscA.o)
 .text          0x000040e2        0x0 C:\WinAVR-20100110\avr\lib\avr4\libm.a(fp_pscB.o)
 .text          0x000040e2        0x0 C:\WinAVR-20100110\avr\lib\avr4\libm.a(fp_round.o)
 .text          0x000040e2        0x0 C:\WinAVR-20100110\avr\lib\avr4\libm.a(fp_split3.o)
 .text          0x000040e2        0x0 C:\WinAVR-20100110\avr\lib\avr4\libm.a(fp_zero.o)
 .text          0x000040e2        0x0 C:\WinAVR-20100110\avr\lib\avr4\libm.a(gesf2.o)
 .text          0x000040e2        0x0 C:\WinAVR-20100110\avr\lib\avr4\libm.a(lrint.o)
 .text          0x000040e2        0x0 C:\WinAVR-20100110\avr\lib\avr4\libm.a(mulsf3.o)
 .text          0x000040e2        0x0 C:\WinAVR-20100110\avr\lib\avr4\libm.a(mulsf3x.o)
 .text          0x000040e2        0x0 C:\WinAVR-20100110\avr\lib\avr4\libm.a(pow.o)
 .text          0x000040e2        0x0 C:\WinAVR-20100110\avr\lib\avr4\libm.a(exp.o)
 .text          0x000040e2        0x0 C:\WinAVR-20100110\avr\lib\avr4\libm.a(fp_powser.o)
 .text          0x000040e2        0x0 C:\WinAVR-20100110\avr\lib\avr4\libm.a(inverse.o)
 .text          0x000040e2        0x0 C:\WinAVR-20100110\avr\lib\avr4\libm.a(ldexp.o)
 .text          0x000040e2        0x0 C:\WinAVR-20100110\avr\lib\avr4\libm.a(log.o)
 .text          0x000040e2        0x0 C:\WinAVR-20100110\avr\lib\avr4\libm.a(modf.o)
 .text          0x000040e2        0x0 C:\WinAVR-20100110\avr\lib\avr4\libm.a(fp_mpack.o)
 .text          0x000040e2        0x0 C:\WinAVR-20100110\avr\lib\avr4\libprintf_flt.a(vfprintf_flt.o)
 .text          0x000040e2        0x0 c:/winavr-20100110/bin/../lib/gcc/avr/4.3.3/avr5\libgcc.a(_mulsi3.o)
 .text          0x000040e2        0x0 c:/winavr-20100110/bin/../lib/gcc/avr/4.3.3/avr5\libgcc.a(_divmodhi4.o)
 .text          0x000040e2        0x0 c:/winavr-20100110/bin/../lib/gcc/avr/4.3.3/avr5\libgcc.a(_udivmodsi4.o)
 .text          0x000040e2        0x0 c:/winavr-20100110/bin/../lib/gcc/avr/4.3.3/avr5\libgcc.a(_prologue.o)
 .text          0x000040e2        0x0 c:/winavr-20100110/bin/../lib/gcc/avr/4.3.3/avr5\libgcc.a(_epilogue.o)
 .text          0x000040e2        0x0 c:/winavr-20100110/bin/../lib/gcc/avr/4.3.3/avr5\libgcc.a(_exit.o)
 .text          0x000040e2        0x0 c:/winavr-20100110/bin/../lib/gcc/avr/4.3.3/avr5\libgcc.a(_copy_data.o)
 .text          0x000040e2        0x0 c:/winavr-20100110/bin/../lib/gcc/avr/4.3.3/avr5\libgcc.a(_clear_bss.o)
 .text          0x000040e2        0x0 c:/winavr-20100110/bin/../lib/gcc/avr/4.3.3/avr5\libgcc.a(_udivmodhi4.o)
 .text          0x000040e2        0x0 C:\WinAVR-20100110\avr\lib\avr4\libc.a(malloc.o)
 .text          0x000040e2        0x0 C:\WinAVR-20100110\avr\lib\avr4\libc.a(rand.o)
 .text          0x000040e2        0x0 C:\WinAVR-20100110\avr\lib\avr4\libc.a(ftoa_engine.o)
 .text          0x000040e2        0x0 C:\WinAVR-20100110\avr\lib\avr4\libc.a(strnlen_P.o)
 .text          0x000040e2        0x0 C:\WinAVR-20100110\avr\lib\avr4\libc.a(strnlen.o)
 .text          0x000040e2        0x0 C:\WinAVR-20100110\avr\lib\avr4\libc.a(fputc.o)
 .text          0x000040e2        0x0 C:\WinAVR-20100110\avr\lib\avr4\libc.a(iob.o)
 .text          0x000040e2        0x0 C:\WinAVR-20100110\avr\lib\avr4\libc.a(puts.o)
 .text          0x000040e2        0x0 C:\WinAVR-20100110\avr\lib\avr4\libc.a(ultoa_invert.o)
 .text          0x000040e2        0x0 c:/winavr-20100110/bin/../lib/gcc/avr/4.3.3/avr5\libgcc.a(_divmodsi4.o)
                0x000040e2                . = ALIGN (0x2)
 *(.text.*)
 .text.avr-libc.fplib
                0x000040e2        0xa C:\WinAVR-20100110\avr\lib\avr4\libm.a(addsf3.o)
                0x000040e2                __subsf3
                0x000040e4                __addsf3
 .text.avr-libc.fplib
                0x000040ec       0xc0 C:\WinAVR-20100110\avr\lib\avr4\libm.a(addsf3x.o)
                0x00004106                __addsf3x
 .text.avr-libc.fplib
                0x000041ac        0x8 C:\WinAVR-20100110\avr\lib\avr4\libm.a(cmpsf2.o)
                0x000041ac                __lesf2
                0x000041ac                __nesf2
                0x000041ac                __eqsf2
                0x000041ac                __cmpsf2
                0x000041ac                __ltsf2
 .text.avr-libc.fplib
                0x000041b4        0x4 C:\WinAVR-20100110\avr\lib\avr4\libm.a(divsf3.o)
                0x000041b4                __divsf3
 .text.avr-libc.fplib
                0x000041b8       0xcc C:\WinAVR-20100110\avr\lib\avr4\libm.a(divsf3x.o)
                0x000041ce                __divsf3x
                0x000041d2                __divsf3_pse
 .text.avr-libc.fplib
                0x00004284        0xa C:\WinAVR-20100110\avr\lib\avr4\libm.a(fixsfsi.o)
                0x00004284                __fixsfsi
 .text.avr-libc.fplib
                0x0000428e       0x58 C:\WinAVR-20100110\avr\lib\avr4\libm.a(fixunssfsi.o)
                0x0000428e                __fixunssfsi
 .text.avr-libc.fplib
                0x000042e6       0x7a C:\WinAVR-20100110\avr\lib\avr4\libm.a(floatsisf.o)
                0x000042ea                __floatsisf
                0x000042e6                __floatunsisf
 .text.avr-libc.fplib
                0x00004360       0x48 C:\WinAVR-20100110\avr\lib\avr4\libm.a(fp_cmp.o)
                0x00004360                __fp_cmp
 .text.avr-libc.fplib
                0x000043a8        0xc C:\WinAVR-20100110\avr\lib\avr4\libm.a(fp_inf.o)
                0x000043a8                __fp_inf
 .text.avr-libc.fplib
                0x000043b4        0x6 C:\WinAVR-20100110\avr\lib\avr4\libm.a(fp_nan.o)
                0x000043b4                __fp_nan
 .text.avr-libc.fplib
                0x000043ba        0xe C:\WinAVR-20100110\avr\lib\avr4\libm.a(fp_pscA.o)
                0x000043ba                __fp_pscA
 .text.avr-libc.fplib
                0x000043c8        0xe C:\WinAVR-20100110\avr\lib\avr4\libm.a(fp_pscB.o)
                0x000043c8                __fp_pscB
 .text.avr-libc.fplib
                0x000043d6       0x22 C:\WinAVR-20100110\avr\lib\avr4\libm.a(fp_round.o)
                0x000043d6                __fp_round
 .text.avr-libc.fplib
                0x000043f8       0x44 C:\WinAVR-20100110\avr\lib\avr4\libm.a(fp_split3.o)
                0x000043f8                __fp_split3
                0x00004408                __fp_splitA
 .text.avr-libc.fplib
                0x0000443c        0xe C:\WinAVR-20100110\avr\lib\avr4\libm.a(fp_zero.o)
                0x0000443c                __fp_zero
                0x0000443e                __fp_szero
 .text.avr-libc.fplib
                0x0000444a        0x8 C:\WinAVR-20100110\avr\lib\avr4\libm.a(gesf2.o)
                0x0000444a                __gtsf2
                0x0000444a                __gesf2
 .text.avr-libc.fplib
                0x00004452       0x74 C:\WinAVR-20100110\avr\lib\avr4\libm.a(lrint.o)
                0x00004452                lrint
 .text.avr-libc.fplib
                0x000044c6        0x4 C:\WinAVR-20100110\avr\lib\avr4\libm.a(mulsf3.o)
                0x000044c6                __mulsf3
 .text.avr-libc.fplib
                0x000044ca       0xc2 C:\WinAVR-20100110\avr\lib\avr4\libm.a(mulsf3x.o)
                0x000044e2                __mulsf3_pse
                0x000044de                __mulsf3x
 .text.avr-libc.fplib
                0x0000458c       0x98 C:\WinAVR-20100110\avr\lib\avr4\libm.a(pow.o)
                0x0000458c                pow
 .text.avr-libc.fplib
                0x00004624       0x62 C:\WinAVR-20100110\avr\lib\avr4\libm.a(exp.o)
                0x0000462e                exp
 .text.avr-libc.fplib
                0x00004686       0x4a C:\WinAVR-20100110\avr\lib\avr4\libm.a(fp_powser.o)
                0x00004686                __fp_powser
 .text.avr-libc.fplib
                0x000046d0        0xe C:\WinAVR-20100110\avr\lib\avr4\libm.a(inverse.o)
                0x000046d0                inverse
 .text.avr-libc.fplib
                0x000046de       0x6c C:\WinAVR-20100110\avr\lib\avr4\libm.a(ldexp.o)
                0x000046e2                ldexp
 .text.avr-libc.fplib
                0x0000474a       0x8a C:\WinAVR-20100110\avr\lib\avr4\libm.a(log.o)
                0x00004754                log
 .text.avr-libc.fplib
                0x000047d4       0x66 C:\WinAVR-20100110\avr\lib\avr4\libm.a(modf.o)
                0x000047d4                modff
                0x000047d4                modf
 .text.avr-libc.fplib
                0x0000483a       0x1c C:\WinAVR-20100110\avr\lib\avr4\libm.a(fp_mpack.o)
                0x0000483e                __fp_mpack_finite
                0x0000483a                __fp_mpack
 .text.avr-libc
                0x00004856      0x6d0 C:\WinAVR-20100110\avr\lib\avr4\libprintf_flt.a(vfprintf_flt.o)
                0x00004856                vfprintf
 .text.libgcc   0x00004f26       0x3e c:/winavr-20100110/bin/../lib/gcc/avr/4.3.3/avr5\libgcc.a(_mulsi3.o)
                0x00004f26                __mulsi3
 .text.libgcc   0x00004f64       0x26 c:/winavr-20100110/bin/../lib/gcc/avr/4.3.3/avr5\libgcc.a(_divmodhi4.o)
                0x00004f64                __divmodhi4
                0x00004f64                _div
 .text.libgcc   0x00004f8a       0x44 c:/winavr-20100110/bin/../lib/gcc/avr/4.3.3/avr5\libgcc.a(_udivmodsi4.o)
                0x00004f8a                __udivmodsi4
 .text.libgcc   0x00004fce       0x38 c:/winavr-20100110/bin/../lib/gcc/avr/4.3.3/avr5\libgcc.a(_prologue.o)
                0x00004fce                __prologue_saves__
 .text.libgcc   0x00005006       0x36 c:/winavr-20100110/bin/../lib/gcc/avr/4.3.3/avr5\libgcc.a(_epilogue.o)
                0x00005006                __epilogue_restores__
 .text.libgcc   0x0000503c        0x0 c:/winavr-20100110/bin/../lib/gcc/avr/4.3.3/avr5\libgcc.a(_exit.o)
 .text.libgcc   0x0000503c        0x0 c:/winavr-20100110/bin/../lib/gcc/avr/4.3.3/avr5\libgcc.a(_copy_data.o)
 .text.libgcc   0x0000503c        0x0 c:/winavr-20100110/bin/../lib/gcc/avr/4.3.3/avr5\libgcc.a(_clear_bss.o)
 .text.libgcc   0x0000503c       0x28 c:/winavr-20100110/bin/../lib/gcc/avr/4.3.3/avr5\libgcc.a(_udivmodhi4.o)
                0x0000503c                __udivmodhi4
 .text.avr-libc
                0x00005064      0x20a C:\WinAVR-20100110\avr\lib\avr4\libc.a(malloc.o)
                0x00005064                malloc
                0x000051be                free
 .text.avr-libc
                0x0000526e       0xb2 C:\WinAVR-20100110\avr\lib\avr4\libc.a(rand.o)
                0x000052fe                rand_r
                0x00005302                rand
                0x0000530a                srand
 .text.avr-libc
                0x00005320      0x1b0 C:\WinAVR-20100110\avr\lib\avr4\libc.a(ftoa_engine.o)
                0x00005320                __ftoa_engine
 .text.avr-libc
                0x000054d0       0x16 C:\WinAVR-20100110\avr\lib\avr4\libc.a(strnlen_P.o)
                0x000054d0                strnlen_P
 .text.avr-libc
                0x000054e6       0x16 C:\WinAVR-20100110\avr\lib\avr4\libc.a(strnlen.o)
                0x000054e6                strnlen
 .text.avr-libc
                0x000054fc       0x58 C:\WinAVR-20100110\avr\lib\avr4\libc.a(fputc.o)
                0x000054fc                fputc
 .text.avr-libc
                0x00005554       0x6a C:\WinAVR-20100110\avr\lib\avr4\libc.a(puts.o)
                0x00005554                puts
 .text.avr-libc
                0x000055be       0xbc C:\WinAVR-20100110\avr\lib\avr4\libc.a(ultoa_invert.o)
                0x000055be                __ultoa_invert
 .text.libgcc   0x0000567a       0x36 c:/winavr-20100110/bin/../lib/gcc/avr/4.3.3/avr5\libgcc.a(_divmodsi4.o)
                0x0000567a                __divmodsi4
                0x000056b0                . = ALIGN (0x2)
 *(.fini9)
 .fini9         0x000056b0        0x0 c:/winavr-20100110/bin/../lib/gcc/avr/4.3.3/avr5\libgcc.a(_exit.o)
                0x000056b0                exit
                0x000056b0                _exit
 *(.fini9)
 *(.fini8)
 *(.fini8)
 *(.fini7)
 *(.fini7)
 *(.fini6)
 *(.fini6)
 *(.fini5)
 *(.fini5)
 *(.fini4)
 *(.fini4)
 *(.fini3)
 *(.fini3)
 *(.fini2)
 *(.fini2)
 *(.fini1)
 *(.fini1)
 *(.fini0)
 .fini0         0x000056b0        0x4 c:/winavr-20100110/bin/../lib/gcc/avr/4.3.3/avr5\libgcc.a(_exit.o)
 *(.fini0)
                0x000056b4                _etext = .

.data           0x00800100       0xa6 load address 0x000056b4
                0x00800100                PROVIDE (__data_start, .)
 *(.data)
 .data          0x00800100        0x0 c:/winavr-20100110/bin/../lib/gcc/avr/4.3.3/../../../../avr/lib/avr5/crtm324p.o
 .data          0x00800100       0x24 CEEN_Interfaces.o
 .data          0x00800124       0x23 LightSensing.o
 .data          0x00800147        0x0 C:\Program Files\AVR Libraries\libcapi324v221.a(ADC_open.o)
 .data          0x00800147        0x0 C:\Program Files\AVR Libraries\libcapi324v221.a(ADC_sample.o)
 .data          0x00800147        0x1 C:\Program Files\AVR Libraries\libcapi324v221.a(ADC_set_channel.o)
 .data          0x00800148        0x0 C:\Program Files\AVR Libraries\libcapi324v221.a(ADC_set_VREF.o)
 .data          0x00800148        0x0 C:\Program Files\AVR Libraries\libcapi324v221.a(CBOT_main.o)
 .data          0x00800148        0x0 C:\Program Files\AVR Libraries\libcapi324v221.a(LCD_clear.o)
 .data          0x00800148        0x0 C:\Program Files\AVR Libraries\libcapi324v221.a(LCD_open.o)
 .data          0x00800148        0x0 C:\Program Files\AVR Libraries\libcapi324v221.a(LCD_set_backlight.o)
 .data          0x00800148        0x0 C:\Program Files\AVR Libraries\libcapi324v221.a(LCD_set_next_PGC.o)
 .data          0x00800148        0x0 C:\Program Files\AVR Libraries\libcapi324v221.a(LCD_set_PGC_addr.o)
 .data          0x00800148        0x0 C:\Program Files\AVR Libraries\libcapi324v221.a(LCD_write.o)
 .data          0x00800148        0x0 C:\Program Files\AVR Libraries\libcapi324v221.a(LED_clr_pattern.o)
 .data          0x00800148        0x0 C:\Program Files\AVR Libraries\libcapi324v221.a(LED_open.o)
 .data          0x00800148        0x0 C:\Program Files\AVR Libraries\libcapi324v221.a(LED_set_patttern.o)
 .data          0x00800148        0x0 C:\Program Files\AVR Libraries\libcapi324v221.a(SPI_set_slave_addr.o)
 .data          0x00800148        0x0 C:\Program Files\AVR Libraries\libcapi324v221.a(SPI_transmit.o)
 .data          0x00800148        0x0 C:\Program Files\AVR Libraries\libcapi324v221.a(SPKR_open.o)
 .data          0x00800148        0x0 C:\Program Files\AVR Libraries\libcapi324v221.a(STEPPER_get_nSteps.o)
 .data          0x00800148        0x8 C:\Program Files\AVR Libraries\libcapi324v221.a(STEPPER_globals.o)
                0x0080014c                Motor_R_LUT
                0x00800148                Motor_L_LUT
 .data          0x00800150        0x0 C:\Program Files\AVR Libraries\libcapi324v221.a(STEPPER_move.o)
 .data          0x00800150        0x0 C:\Program Files\AVR Libraries\libcapi324v221.a(STEPPER_open.o)
 .data          0x00800150        0x0 C:\Program Files\AVR Libraries\libcapi324v221.a(STEPPER_run.o)
 .data          0x00800150        0x0 C:\Program Files\AVR Libraries\libcapi324v221.a(STEPPER_set_accel.o)
 .data          0x00800150        0x0 C:\Program Files\AVR Libraries\libcapi324v221.a(STEPPER_set_dir.o)
 .data          0x00800150        0x0 C:\Program Files\AVR Libraries\libcapi324v221.a(STEPPER_set_mode.o)
 .data          0x00800150        0x0 C:\Program Files\AVR Libraries\libcapi324v221.a(STEPPER_set_speed.o)
 .data          0x00800150        0x0 C:\Program Files\AVR Libraries\libcapi324v221.a(STEPPER_step.o)
 .data          0x00800150        0x0 C:\Program Files\AVR Libraries\libcapi324v221.a(STEPPER_wait_and_then.o)
 .data          0x00800150        0x0 C:\Program Files\AVR Libraries\libcapi324v221.a(SYS_get_state.o)
 .data          0x00800150        0x0 C:\Program Files\AVR Libraries\libcapi324v221.a(SYS_globals.o)
 .data          0x00800150        0x0 C:\Program Files\AVR Libraries\libcapi324v221.a(SYS_set_state.o)
 .data          0x00800150        0x6 C:\Program Files\AVR Libraries\libcapi324v221.a(ATTINY_get_SW_state.o)
 .data          0x00800156        0x0 C:\Program Files\AVR Libraries\libcapi324v221.a(ATTINY_open.o)
 .data          0x00800156        0x0 C:\Program Files\AVR Libraries\libcapi324v221.a(TMRSRVC_delay.o)
 .data          0x00800156        0x0 C:\Program Files\AVR Libraries\libcapi324v221.a(TMRSRVC_new.o)
 .data          0x00800156        0x0 C:\Program Files\AVR Libraries\libcapi324v221.a(I2C_MSTR_get.o)
 .data          0x00800156        0x0 C:\Program Files\AVR Libraries\libcapi324v221.a(I2C_MSTR_send.o)
 .data          0x00800156        0x0 C:\Program Files\AVR Libraries\libcapi324v221.a(I2C_MSTR_start.o)
 .data          0x00800156        0x0 C:\Program Files\AVR Libraries\libcapi324v221.a(I2C_MSTR_stop.o)
 .data          0x00800156        0x0 C:\Program Files\AVR Libraries\libcapi324v221.a(I2C_open.o)
 .data          0x00800156        0x0 C:\Program Files\AVR Libraries\libcapi324v221.a(I2C_set_BRG.o)
 .data          0x00800156        0x0 C:\Program Files\AVR Libraries\libcapi324v221.a(__ADC_init.o)
 .data          0x00800156        0x0 C:\Program Files\AVR Libraries\libcapi324v221.a(CBOT_init.o)
 .data          0x00800156        0x0 C:\Program Files\AVR Libraries\libcapi324v221.a(CBOT_isr.o)
 .data          0x00800156        0x0 C:\Program Files\AVR Libraries\libcapi324v221.a(ISR_attach.o)
 .data          0x00800156        0x0 C:\Program Files\AVR Libraries\libcapi324v221.a(ISR_globals.o)
 .data          0x00800156        0x0 C:\Program Files\AVR Libraries\libcapi324v221.a(ISR_open.o)
 .data          0x00800156        0xe C:\Program Files\AVR Libraries\libcapi324v221.a(LCD_globals.o)
                0x00800156                LCD_stdout
 .data          0x00800164        0x0 C:\Program Files\AVR Libraries\libcapi324v221.a(__LCD_init.o)
 .data          0x00800164        0x0 C:\Program Files\AVR Libraries\libcapi324v221.a(__LCD_putchar.o)
 .data          0x00800164        0x0 C:\Program Files\AVR Libraries\libcapi324v221.a(__LED_clr_pattern.o)
 .data          0x00800164        0x0 C:\Program Files\AVR Libraries\libcapi324v221.a(__LED_init.o)
 .data          0x00800164        0x0 C:\Program Files\AVR Libraries\libcapi324v221.a(__LED_set_pattern.o)
 .data          0x00800164        0x0 C:\Program Files\AVR Libraries\libcapi324v221.a(ATMEGA_open.o)
 .data          0x00800164        0x0 C:\Program Files\AVR Libraries\libcapi324v221.a(ATMEGA_set_clk_mode.o)
 .data          0x00800164        0x0 C:\Program Files\AVR Libraries\libcapi324v221.a(SPI_globals.o)
 .data          0x00800164        0x0 C:\Program Files\AVR Libraries\libcapi324v221.a(SPI_open.o)
 .data          0x00800164        0x0 C:\Program Files\AVR Libraries\libcapi324v221.a(SPI_set_config_func.o)
 .data          0x00800164        0x0 C:\Program Files\AVR Libraries\libcapi324v221.a(ISR__SPKR__TIMER1_COMPA_vect.o)
 .data          0x00800164        0x0 C:\Program Files\AVR Libraries\libcapi324v221.a(SPKR_clk.o)
 .data          0x00800164        0x0 C:\Program Files\AVR Libraries\libcapi324v221.a(SPKR_close.o)
 .data          0x00800164       0x38 C:\Program Files\AVR Libraries\libcapi324v221.a(SPKR_globals.o)
                0x00800194                diatonic_LUT
                0x00800164                note_LUT
 .data          0x0080019c        0x0 C:\Program Files\AVR Libraries\libcapi324v221.a(__SPKR_init.o)
 .data          0x0080019c        0x0 C:\Program Files\AVR Libraries\libcapi324v221.a(SPKR_play_beep.o)
 .data          0x0080019c        0x0 C:\Program Files\AVR Libraries\libcapi324v221.a(__SPKR_stop.o)
 .data          0x0080019c        0x0 C:\Program Files\AVR Libraries\libcapi324v221.a(STEPPER_go.o)
 .data          0x0080019c        0x0 C:\Program Files\AVR Libraries\libcapi324v221.a(__STEPPER_init.o)
 .data          0x0080019c        0x0 C:\Program Files\AVR Libraries\libcapi324v221.a(STEPPER_set_steps.o)
 .data          0x0080019c        0x0 C:\Program Files\AVR Libraries\libcapi324v221.a(STEPPER_set_stop_mode.o)
 .data          0x0080019c        0x0 C:\Program Files\AVR Libraries\libcapi324v221.a(STEPPER_setup_decels.o)
 .data          0x0080019c        0x0 C:\Program Files\AVR Libraries\libcapi324v221.a(SYS_init.o)
 .data          0x0080019c        0x0 C:\Program Files\AVR Libraries\libcapi324v221.a(ATTINY_get_sensors.o)
 .data          0x0080019c        0x0 C:\Program Files\AVR Libraries\libcapi324v221.a(ATTINY_globals.o)
 .data          0x0080019c        0x0 C:\Program Files\AVR Libraries\libcapi324v221.a(TMRSRVC_globals.o)
 .data          0x0080019c        0x0 C:\Program Files\AVR Libraries\libcapi324v221.a(__TMRSRVC_insert.o)
 .data          0x0080019c        0x0 C:\Program Files\AVR Libraries\libcapi324v221.a(TMRSRVC_open.o)
 .data          0x0080019c        0x0 C:\Program Files\AVR Libraries\libcapi324v221.a(__TMRSRVC_start.o)
 .data          0x0080019c        0x0 C:\Program Files\AVR Libraries\libcapi324v221.a(TMRSRVC_start.o)
 .data          0x0080019c        0x0 C:\Program Files\AVR Libraries\libcapi324v221.a(I2C_enable.o)
 .data          0x0080019c        0x0 C:\Program Files\AVR Libraries\libcapi324v221.a(I2C_globals.o)
 .data          0x0080019c        0x0 C:\Program Files\AVR Libraries\libcapi324v221.a(__I2C_init.o)
 .data          0x0080019c        0x0 C:\Program Files\AVR Libraries\libcapi324v221.a(__ISR_attach.o)
 .data          0x0080019c        0x0 C:\Program Files\AVR Libraries\libcapi324v221.a(__ATMEGA_init.o)
 .data          0x0080019c        0x0 C:\Program Files\AVR Libraries\libcapi324v221.a(SPI_cfgrs.o)
 .data          0x0080019c        0x0 C:\Program Files\AVR Libraries\libcapi324v221.a(__SPI_init.o)
 .data          0x0080019c        0x0 C:\Program Files\AVR Libraries\libcapi324v221.a(SPI_receive.o)
 .data          0x0080019c        0x0 C:\Program Files\AVR Libraries\libcapi324v221.a(SPKR_beep.o)
 .data          0x0080019c        0x0 C:\Program Files\AVR Libraries\libcapi324v221.a(__SPKR_close.o)
 .data          0x0080019c        0x0 C:\Program Files\AVR Libraries\libcapi324v221.a(STEPPER_set_decel_step_values.o)
 .data          0x0080019c        0x0 C:\Program Files\AVR Libraries\libcapi324v221.a(ISR__TIMER0_COMPA_vect.o)
 .data          0x0080019c        0x0 C:\Program Files\AVR Libraries\libcapi324v221.a(__TMRSRVC_init.o)
 .data          0x0080019c        0x0 C:\Program Files\AVR Libraries\libcapi324v221.a(TMRSRVC_tick.o)
 .data          0x0080019c        0x0 C:\Program Files\AVR Libraries\libcapi324v221.a(SPKR_beep_clk.o)
 .data          0x0080019c        0x0 C:\Program Files\AVR Libraries\libcapi324v221.a(STEPPER_clk.o)
 .data          0x0080019c        0x0 C:\Program Files\AVR Libraries\libcapi324v221.a(STEPPER_process_accel.o)
 .data          0x0080019c        0x0 C:\Program Files\AVR Libraries\libcapi324v221.a(STEPPER_process_run_mode.o)
 .data          0x0080019c        0x0 C:\Program Files\AVR Libraries\libcapi324v221.a(STEPPER_process_step_mode.o)
 .data          0x0080019c        0x0 C:\Program Files\AVR Libraries\libcapi324v221.a(STEPPER_stop.o)
 .data          0x0080019c        0x0 C:\Program Files\AVR Libraries\libcapi324v221.a(TMRSRVC_process.o)
 .data          0x0080019c        0x0 C:\Program Files\AVR Libraries\libcapi324v221.a(TMRSRVC_stop.o)
 .data          0x0080019c        0x0 C:\Program Files\AVR Libraries\libcapi324v221.a(STEPPER_process_pwm.o)
 .data          0x0080019c        0x0 C:\WinAVR-20100110\avr\lib\avr4\libm.a(addsf3.o)
 .data          0x0080019c        0x0 C:\WinAVR-20100110\avr\lib\avr4\libm.a(addsf3x.o)
 .data          0x0080019c        0x0 C:\WinAVR-20100110\avr\lib\avr4\libm.a(cmpsf2.o)
 .data          0x0080019c        0x0 C:\WinAVR-20100110\avr\lib\avr4\libm.a(divsf3.o)
 .data          0x0080019c        0x0 C:\WinAVR-20100110\avr\lib\avr4\libm.a(divsf3x.o)
 .data          0x0080019c        0x0 C:\WinAVR-20100110\avr\lib\avr4\libm.a(fixsfsi.o)
 .data          0x0080019c        0x0 C:\WinAVR-20100110\avr\lib\avr4\libm.a(fixunssfsi.o)
 .data          0x0080019c        0x0 C:\WinAVR-20100110\avr\lib\avr4\libm.a(floatsisf.o)
 .data          0x0080019c        0x0 C:\WinAVR-20100110\avr\lib\avr4\libm.a(fp_cmp.o)
 .data          0x0080019c        0x0 C:\WinAVR-20100110\avr\lib\avr4\libm.a(fp_inf.o)
 .data          0x0080019c        0x0 C:\WinAVR-20100110\avr\lib\avr4\libm.a(fp_nan.o)
 .data          0x0080019c        0x0 C:\WinAVR-20100110\avr\lib\avr4\libm.a(fp_pscA.o)
 .data          0x0080019c        0x0 C:\WinAVR-20100110\avr\lib\avr4\libm.a(fp_pscB.o)
 .data          0x0080019c        0x0 C:\WinAVR-20100110\avr\lib\avr4\libm.a(fp_round.o)
 .data          0x0080019c        0x0 C:\WinAVR-20100110\avr\lib\avr4\libm.a(fp_split3.o)
 .data          0x0080019c        0x0 C:\WinAVR-20100110\avr\lib\avr4\libm.a(fp_zero.o)
 .data          0x0080019c        0x0 C:\WinAVR-20100110\avr\lib\avr4\libm.a(gesf2.o)
 .data          0x0080019c        0x0 C:\WinAVR-20100110\avr\lib\avr4\libm.a(lrint.o)
 .data          0x0080019c        0x0 C:\WinAVR-20100110\avr\lib\avr4\libm.a(mulsf3.o)
 .data          0x0080019c        0x0 C:\WinAVR-20100110\avr\lib\avr4\libm.a(mulsf3x.o)
 .data          0x0080019c        0x0 C:\WinAVR-20100110\avr\lib\avr4\libm.a(pow.o)
 .data          0x0080019c        0x0 C:\WinAVR-20100110\avr\lib\avr4\libm.a(exp.o)
 .data          0x0080019c        0x0 C:\WinAVR-20100110\avr\lib\avr4\libm.a(fp_powser.o)
 .data          0x0080019c        0x0 C:\WinAVR-20100110\avr\lib\avr4\libm.a(inverse.o)
 .data          0x0080019c        0x0 C:\WinAVR-20100110\avr\lib\avr4\libm.a(ldexp.o)
 .data          0x0080019c        0x0 C:\WinAVR-20100110\avr\lib\avr4\libm.a(log.o)
 .data          0x0080019c        0x0 C:\WinAVR-20100110\avr\lib\avr4\libm.a(modf.o)
 .data          0x0080019c        0x0 C:\WinAVR-20100110\avr\lib\avr4\libm.a(fp_mpack.o)
 .data          0x0080019c        0x0 C:\WinAVR-20100110\avr\lib\avr4\libprintf_flt.a(vfprintf_flt.o)
 .data          0x0080019c        0x0 c:/winavr-20100110/bin/../lib/gcc/avr/4.3.3/avr5\libgcc.a(_mulsi3.o)
 .data          0x0080019c        0x0 c:/winavr-20100110/bin/../lib/gcc/avr/4.3.3/avr5\libgcc.a(_divmodhi4.o)
 .data          0x0080019c        0x0 c:/winavr-20100110/bin/../lib/gcc/avr/4.3.3/avr5\libgcc.a(_udivmodsi4.o)
 .data          0x0080019c        0x0 c:/winavr-20100110/bin/../lib/gcc/avr/4.3.3/avr5\libgcc.a(_prologue.o)
 .data          0x0080019c        0x0 c:/winavr-20100110/bin/../lib/gcc/avr/4.3.3/avr5\libgcc.a(_epilogue.o)
 .data          0x0080019c        0x0 c:/winavr-20100110/bin/../lib/gcc/avr/4.3.3/avr5\libgcc.a(_exit.o)
 .data          0x0080019c        0x0 c:/winavr-20100110/bin/../lib/gcc/avr/4.3.3/avr5\libgcc.a(_copy_data.o)
 .data          0x0080019c        0x0 c:/winavr-20100110/bin/../lib/gcc/avr/4.3.3/avr5\libgcc.a(_clear_bss.o)
 .data          0x0080019c        0x0 c:/winavr-20100110/bin/../lib/gcc/avr/4.3.3/avr5\libgcc.a(_udivmodhi4.o)
 .data          0x0080019c        0x6 C:\WinAVR-20100110\avr\lib\avr4\libc.a(malloc.o)
                0x0080019e                __malloc_heap_start
                0x008001a0                __malloc_heap_end
                0x0080019c                __malloc_margin
 .data          0x008001a2        0x4 C:\WinAVR-20100110\avr\lib\avr4\libc.a(rand.o)
 .data          0x008001a6        0x0 C:\WinAVR-20100110\avr\lib\avr4\libc.a(ftoa_engine.o)
 .data          0x008001a6        0x0 C:\WinAVR-20100110\avr\lib\avr4\libc.a(strnlen_P.o)
 .data          0x008001a6        0x0 C:\WinAVR-20100110\avr\lib\avr4\libc.a(strnlen.o)
 .data          0x008001a6        0x0 C:\WinAVR-20100110\avr\lib\avr4\libc.a(fputc.o)
 .data          0x008001a6        0x0 C:\WinAVR-20100110\avr\lib\avr4\libc.a(iob.o)
 .data          0x008001a6        0x0 C:\WinAVR-20100110\avr\lib\avr4\libc.a(puts.o)
 .data          0x008001a6        0x0 C:\WinAVR-20100110\avr\lib\avr4\libc.a(ultoa_invert.o)
 .data          0x008001a6        0x0 c:/winavr-20100110/bin/../lib/gcc/avr/4.3.3/avr5\libgcc.a(_divmodsi4.o)
 *(.data*)
 *(.rodata)
 *(.rodata*)
 *(.gnu.linkonce.d*)
                0x008001a6                . = ALIGN (0x2)
                0x008001a6                _edata = .
                0x008001a6                PROVIDE (__data_end, .)

.bss            0x008001a6      0x2ff
                0x008001a6                PROVIDE (__bss_start, .)
 *(.bss)
 .bss           0x008001a6        0x0 c:/winavr-20100110/bin/../lib/gcc/avr/4.3.3/../../../../avr/lib/avr5/crtm324p.o
 .bss           0x008001a6        0x0 CEEN_Interfaces.o
 .bss           0x008001a6       0x20 LightSensing.o
                0x008001b6                ftIR
                0x008001a6                Ierror
                0x008001ba                bkIR
                0x008001be                rightLightVolt
                0x008001aa                error_old
                0x008001ae                ltIR
                0x008001b2                rtIR
                0x008001c2                leftLightVolt
 .bss           0x008001c6        0x0 C:\Program Files\AVR Libraries\libcapi324v221.a(ADC_open.o)
 .bss           0x008001c6        0x0 C:\Program Files\AVR Libraries\libcapi324v221.a(ADC_sample.o)
 .bss           0x008001c6        0x0 C:\Program Files\AVR Libraries\libcapi324v221.a(ADC_set_channel.o)
 .bss           0x008001c6        0x0 C:\Program Files\AVR Libraries\libcapi324v221.a(ADC_set_VREF.o)
 .bss           0x008001c6        0x0 C:\Program Files\AVR Libraries\libcapi324v221.a(CBOT_main.o)
 .bss           0x008001c6        0x0 C:\Program Files\AVR Libraries\libcapi324v221.a(LCD_clear.o)
 .bss           0x008001c6        0x0 C:\Program Files\AVR Libraries\libcapi324v221.a(LCD_open.o)
 .bss           0x008001c6        0x0 C:\Program Files\AVR Libraries\libcapi324v221.a(LCD_set_backlight.o)
 .bss           0x008001c6        0x0 C:\Program Files\AVR Libraries\libcapi324v221.a(LCD_set_next_PGC.o)
 .bss           0x008001c6        0x0 C:\Program Files\AVR Libraries\libcapi324v221.a(LCD_set_PGC_addr.o)
 .bss           0x008001c6        0x0 C:\Program Files\AVR Libraries\libcapi324v221.a(LCD_write.o)
 .bss           0x008001c6        0x0 C:\Program Files\AVR Libraries\libcapi324v221.a(LED_clr_pattern.o)
 .bss           0x008001c6        0x0 C:\Program Files\AVR Libraries\libcapi324v221.a(LED_open.o)
 .bss           0x008001c6        0x0 C:\Program Files\AVR Libraries\libcapi324v221.a(LED_set_patttern.o)
 .bss           0x008001c6        0x0 C:\Program Files\AVR Libraries\libcapi324v221.a(SPI_set_slave_addr.o)
 .bss           0x008001c6        0x0 C:\Program Files\AVR Libraries\libcapi324v221.a(SPI_transmit.o)
 .bss           0x008001c6        0x0 C:\Program Files\AVR Libraries\libcapi324v221.a(SPKR_open.o)
 .bss           0x008001c6        0x0 C:\Program Files\AVR Libraries\libcapi324v221.a(STEPPER_get_nSteps.o)
 .bss           0x008001c6        0x0 C:\Program Files\AVR Libraries\libcapi324v221.a(STEPPER_globals.o)
 .bss           0x008001c6        0x0 C:\Program Files\AVR Libraries\libcapi324v221.a(STEPPER_move.o)
 .bss           0x008001c6        0x0 C:\Program Files\AVR Libraries\libcapi324v221.a(STEPPER_open.o)
 .bss           0x008001c6        0x0 C:\Program Files\AVR Libraries\libcapi324v221.a(STEPPER_run.o)
 .bss           0x008001c6        0x0 C:\Program Files\AVR Libraries\libcapi324v221.a(STEPPER_set_accel.o)
 .bss           0x008001c6        0x0 C:\Program Files\AVR Libraries\libcapi324v221.a(STEPPER_set_dir.o)
 .bss           0x008001c6        0x0 C:\Program Files\AVR Libraries\libcapi324v221.a(STEPPER_set_mode.o)
 .bss           0x008001c6        0x0 C:\Program Files\AVR Libraries\libcapi324v221.a(STEPPER_set_speed.o)
 .bss           0x008001c6        0x2 C:\Program Files\AVR Libraries\libcapi324v221.a(STEPPER_step.o)
 .bss           0x008001c8        0x0 C:\Program Files\AVR Libraries\libcapi324v221.a(STEPPER_wait_and_then.o)
 .bss           0x008001c8        0x0 C:\Program Files\AVR Libraries\libcapi324v221.a(SYS_get_state.o)
 .bss           0x008001c8        0x0 C:\Program Files\AVR Libraries\libcapi324v221.a(SYS_globals.o)
 .bss           0x008001c8        0x0 C:\Program Files\AVR Libraries\libcapi324v221.a(SYS_set_state.o)
 .bss           0x008001c8        0xe C:\Program Files\AVR Libraries\libcapi324v221.a(ATTINY_get_SW_state.o)
 .bss           0x008001d6        0x0 C:\Program Files\AVR Libraries\libcapi324v221.a(ATTINY_open.o)
 .bss           0x008001d6        0x0 C:\Program Files\AVR Libraries\libcapi324v221.a(TMRSRVC_delay.o)
 .bss           0x008001d6        0x0 C:\Program Files\AVR Libraries\libcapi324v221.a(TMRSRVC_new.o)
 .bss           0x008001d6        0x0 C:\Program Files\AVR Libraries\libcapi324v221.a(I2C_MSTR_get.o)
 .bss           0x008001d6        0x0 C:\Program Files\AVR Libraries\libcapi324v221.a(I2C_MSTR_send.o)
 .bss           0x008001d6        0x0 C:\Program Files\AVR Libraries\libcapi324v221.a(I2C_MSTR_start.o)
 .bss           0x008001d6        0x0 C:\Program Files\AVR Libraries\libcapi324v221.a(I2C_MSTR_stop.o)
 .bss           0x008001d6        0x0 C:\Program Files\AVR Libraries\libcapi324v221.a(I2C_open.o)
 .bss           0x008001d6        0x0 C:\Program Files\AVR Libraries\libcapi324v221.a(I2C_set_BRG.o)
 .bss           0x008001d6        0x0 C:\Program Files\AVR Libraries\libcapi324v221.a(__ADC_init.o)
 .bss           0x008001d6        0x0 C:\Program Files\AVR Libraries\libcapi324v221.a(CBOT_init.o)
 .bss           0x008001d6        0x0 C:\Program Files\AVR Libraries\libcapi324v221.a(CBOT_isr.o)
 .bss           0x008001d6        0x0 C:\Program Files\AVR Libraries\libcapi324v221.a(ISR_attach.o)
 .bss           0x008001d6       0x40 C:\Program Files\AVR Libraries\libcapi324v221.a(ISR_globals.o)
                0x008001d6                CBOT_ISR_vtable
 .bss           0x00800216        0x0 C:\Program Files\AVR Libraries\libcapi324v221.a(ISR_open.o)
 .bss           0x00800216        0x0 C:\Program Files\AVR Libraries\libcapi324v221.a(LCD_globals.o)
 .bss           0x00800216        0x0 C:\Program Files\AVR Libraries\libcapi324v221.a(__LCD_init.o)
 .bss           0x00800216        0x0 C:\Program Files\AVR Libraries\libcapi324v221.a(__LCD_putchar.o)
 .bss           0x00800216        0x0 C:\Program Files\AVR Libraries\libcapi324v221.a(__LED_clr_pattern.o)
 .bss           0x00800216        0x0 C:\Program Files\AVR Libraries\libcapi324v221.a(__LED_init.o)
 .bss           0x00800216        0x0 C:\Program Files\AVR Libraries\libcapi324v221.a(__LED_set_pattern.o)
 .bss           0x00800216        0x0 C:\Program Files\AVR Libraries\libcapi324v221.a(ATMEGA_open.o)
 .bss           0x00800216        0x0 C:\Program Files\AVR Libraries\libcapi324v221.a(ATMEGA_set_clk_mode.o)
 .bss           0x00800216       0x10 C:\Program Files\AVR Libraries\libcapi324v221.a(SPI_globals.o)
                0x00800216                spi_config_func_LUT
 .bss           0x00800226        0x0 C:\Program Files\AVR Libraries\libcapi324v221.a(SPI_open.o)
 .bss           0x00800226        0x0 C:\Program Files\AVR Libraries\libcapi324v221.a(SPI_set_config_func.o)
 .bss           0x00800226        0x0 C:\Program Files\AVR Libraries\libcapi324v221.a(ISR__SPKR__TIMER1_COMPA_vect.o)
 .bss           0x00800226        0x0 C:\Program Files\AVR Libraries\libcapi324v221.a(SPKR_clk.o)
 .bss           0x00800226        0x0 C:\Program Files\AVR Libraries\libcapi324v221.a(SPKR_close.o)
 .bss           0x00800226       0x10 C:\Program Files\AVR Libraries\libcapi324v221.a(SPKR_globals.o)
                0x00800234                p_Freq_LUT
                0x00800228                spkr_accum32
                0x0080022c                spkr_freq
                0x00800232                beep_freq
                0x00800230                beep_accum16
                0x00800227                beep_mode_active
                0x00800226                tone_mode_active
 .bss           0x00800236        0x0 C:\Program Files\AVR Libraries\libcapi324v221.a(__SPKR_init.o)
 .bss           0x00800236        0x0 C:\Program Files\AVR Libraries\libcapi324v221.a(SPKR_play_beep.o)
 .bss           0x00800236        0x0 C:\Program Files\AVR Libraries\libcapi324v221.a(__SPKR_stop.o)
 .bss           0x00800236        0x0 C:\Program Files\AVR Libraries\libcapi324v221.a(STEPPER_go.o)
 .bss           0x00800236        0x0 C:\Program Files\AVR Libraries\libcapi324v221.a(__STEPPER_init.o)
 .bss           0x00800236        0x0 C:\Program Files\AVR Libraries\libcapi324v221.a(STEPPER_set_steps.o)
 .bss           0x00800236        0x0 C:\Program Files\AVR Libraries\libcapi324v221.a(STEPPER_set_stop_mode.o)
 .bss           0x00800236        0x0 C:\Program Files\AVR Libraries\libcapi324v221.a(STEPPER_setup_decels.o)
 .bss           0x00800236        0x0 C:\Program Files\AVR Libraries\libcapi324v221.a(SYS_init.o)
 .bss           0x00800236        0x0 C:\Program Files\AVR Libraries\libcapi324v221.a(ATTINY_get_sensors.o)
 .bss           0x00800236        0x0 C:\Program Files\AVR Libraries\libcapi324v221.a(ATTINY_globals.o)
 .bss           0x00800236        0x2 C:\Program Files\AVR Libraries\libcapi324v221.a(TMRSRVC_globals.o)
                0x00800237                timer_run_status
                0x00800236                timer_busy_status
 .bss           0x00800238        0x0 C:\Program Files\AVR Libraries\libcapi324v221.a(__TMRSRVC_insert.o)
 .bss           0x00800238        0x0 C:\Program Files\AVR Libraries\libcapi324v221.a(TMRSRVC_open.o)
 .bss           0x00800238        0x0 C:\Program Files\AVR Libraries\libcapi324v221.a(__TMRSRVC_start.o)
 .bss           0x00800238        0x0 C:\Program Files\AVR Libraries\libcapi324v221.a(TMRSRVC_start.o)
 .bss           0x00800238        0x0 C:\Program Files\AVR Libraries\libcapi324v221.a(I2C_enable.o)
 .bss           0x00800238        0x0 C:\Program Files\AVR Libraries\libcapi324v221.a(I2C_globals.o)
 .bss           0x00800238        0x0 C:\Program Files\AVR Libraries\libcapi324v221.a(__I2C_init.o)
 .bss           0x00800238        0x0 C:\Program Files\AVR Libraries\libcapi324v221.a(__ISR_attach.o)
 .bss           0x00800238        0x0 C:\Program Files\AVR Libraries\libcapi324v221.a(__ATMEGA_init.o)
 .bss           0x00800238        0x0 C:\Program Files\AVR Libraries\libcapi324v221.a(SPI_cfgrs.o)
 .bss           0x00800238        0x0 C:\Program Files\AVR Libraries\libcapi324v221.a(__SPI_init.o)
 .bss           0x00800238        0x0 C:\Program Files\AVR Libraries\libcapi324v221.a(SPI_receive.o)
 .bss           0x00800238        0x0 C:\Program Files\AVR Libraries\libcapi324v221.a(SPKR_beep.o)
 .bss           0x00800238        0x0 C:\Program Files\AVR Libraries\libcapi324v221.a(__SPKR_close.o)
 .bss           0x00800238        0x0 C:\Program Files\AVR Libraries\libcapi324v221.a(STEPPER_set_decel_step_values.o)
 .bss           0x00800238        0x0 C:\Program Files\AVR Libraries\libcapi324v221.a(ISR__TIMER0_COMPA_vect.o)
 .bss           0x00800238        0x0 C:\Program Files\AVR Libraries\libcapi324v221.a(__TMRSRVC_init.o)
 .bss           0x00800238        0x0 C:\Program Files\AVR Libraries\libcapi324v221.a(TMRSRVC_tick.o)
 .bss           0x00800238        0x0 C:\Program Files\AVR Libraries\libcapi324v221.a(SPKR_beep_clk.o)
 .bss           0x00800238        0x0 C:\Program Files\AVR Libraries\libcapi324v221.a(STEPPER_clk.o)
 .bss           0x00800238        0x0 C:\Program Files\AVR Libraries\libcapi324v221.a(STEPPER_process_accel.o)
 .bss           0x00800238        0x1 C:\Program Files\AVR Libraries\libcapi324v221.a(STEPPER_process_run_mode.o)
 .bss           0x00800239        0x0 C:\Program Files\AVR Libraries\libcapi324v221.a(STEPPER_process_step_mode.o)
 .bss           0x00800239        0x0 C:\Program Files\AVR Libraries\libcapi324v221.a(STEPPER_stop.o)
 .bss           0x00800239        0x0 C:\Program Files\AVR Libraries\libcapi324v221.a(TMRSRVC_process.o)
 .bss           0x00800239        0x0 C:\Program Files\AVR Libraries\libcapi324v221.a(TMRSRVC_stop.o)
 .bss           0x00800239        0x4 C:\Program Files\AVR Libraries\libcapi324v221.a(STEPPER_process_pwm.o)
 .bss           0x0080023d        0x0 C:\WinAVR-20100110\avr\lib\avr4\libm.a(addsf3.o)
 .bss           0x0080023d        0x0 C:\WinAVR-20100110\avr\lib\avr4\libm.a(addsf3x.o)
 .bss           0x0080023d        0x0 C:\WinAVR-20100110\avr\lib\avr4\libm.a(cmpsf2.o)
 .bss           0x0080023d        0x0 C:\WinAVR-20100110\avr\lib\avr4\libm.a(divsf3.o)
 .bss           0x0080023d        0x0 C:\WinAVR-20100110\avr\lib\avr4\libm.a(divsf3x.o)
 .bss           0x0080023d        0x0 C:\WinAVR-20100110\avr\lib\avr4\libm.a(fixsfsi.o)
 .bss           0x0080023d        0x0 C:\WinAVR-20100110\avr\lib\avr4\libm.a(fixunssfsi.o)
 .bss           0x0080023d        0x0 C:\WinAVR-20100110\avr\lib\avr4\libm.a(floatsisf.o)
 .bss           0x0080023d        0x0 C:\WinAVR-20100110\avr\lib\avr4\libm.a(fp_cmp.o)
 .bss           0x0080023d        0x0 C:\WinAVR-20100110\avr\lib\avr4\libm.a(fp_inf.o)
 .bss           0x0080023d        0x0 C:\WinAVR-20100110\avr\lib\avr4\libm.a(fp_nan.o)
 .bss           0x0080023d        0x0 C:\WinAVR-20100110\avr\lib\avr4\libm.a(fp_pscA.o)
 .bss           0x0080023d        0x0 C:\WinAVR-20100110\avr\lib\avr4\libm.a(fp_pscB.o)
 .bss           0x0080023d        0x0 C:\WinAVR-20100110\avr\lib\avr4\libm.a(fp_round.o)
 .bss           0x0080023d        0x0 C:\WinAVR-20100110\avr\lib\avr4\libm.a(fp_split3.o)
 .bss           0x0080023d        0x0 C:\WinAVR-20100110\avr\lib\avr4\libm.a(fp_zero.o)
 .bss           0x0080023d        0x0 C:\WinAVR-20100110\avr\lib\avr4\libm.a(gesf2.o)
 .bss           0x0080023d        0x0 C:\WinAVR-20100110\avr\lib\avr4\libm.a(lrint.o)
 .bss           0x0080023d        0x0 C:\WinAVR-20100110\avr\lib\avr4\libm.a(mulsf3.o)
 .bss           0x0080023d        0x0 C:\WinAVR-20100110\avr\lib\avr4\libm.a(mulsf3x.o)
 .bss           0x0080023d        0x0 C:\WinAVR-20100110\avr\lib\avr4\libm.a(pow.o)
 .bss           0x0080023d        0x0 C:\WinAVR-20100110\avr\lib\avr4\libm.a(exp.o)
 .bss           0x0080023d        0x0 C:\WinAVR-20100110\avr\lib\avr4\libm.a(fp_powser.o)
 .bss           0x0080023d        0x0 C:\WinAVR-20100110\avr\lib\avr4\libm.a(inverse.o)
 .bss           0x0080023d        0x0 C:\WinAVR-20100110\avr\lib\avr4\libm.a(ldexp.o)
 .bss           0x0080023d        0x0 C:\WinAVR-20100110\avr\lib\avr4\libm.a(log.o)
 .bss           0x0080023d        0x0 C:\WinAVR-20100110\avr\lib\avr4\libm.a(modf.o)
 .bss           0x0080023d        0x0 C:\WinAVR-20100110\avr\lib\avr4\libm.a(fp_mpack.o)
 .bss           0x0080023d        0x0 C:\WinAVR-20100110\avr\lib\avr4\libprintf_flt.a(vfprintf_flt.o)
 .bss           0x0080023d        0x0 c:/winavr-20100110/bin/../lib/gcc/avr/4.3.3/avr5\libgcc.a(_mulsi3.o)
 .bss           0x0080023d        0x0 c:/winavr-20100110/bin/../lib/gcc/avr/4.3.3/avr5\libgcc.a(_divmodhi4.o)
 .bss           0x0080023d        0x0 c:/winavr-20100110/bin/../lib/gcc/avr/4.3.3/avr5\libgcc.a(_udivmodsi4.o)
 .bss           0x0080023d        0x0 c:/winavr-20100110/bin/../lib/gcc/avr/4.3.3/avr5\libgcc.a(_prologue.o)
 .bss           0x0080023d        0x0 c:/winavr-20100110/bin/../lib/gcc/avr/4.3.3/avr5\libgcc.a(_epilogue.o)
 .bss           0x0080023d        0x0 c:/winavr-20100110/bin/../lib/gcc/avr/4.3.3/avr5\libgcc.a(_exit.o)
 .bss           0x0080023d        0x0 c:/winavr-20100110/bin/../lib/gcc/avr/4.3.3/avr5\libgcc.a(_copy_data.o)
 .bss           0x0080023d        0x0 c:/winavr-20100110/bin/../lib/gcc/avr/4.3.3/avr5\libgcc.a(_clear_bss.o)
 .bss           0x0080023d        0x0 c:/winavr-20100110/bin/../lib/gcc/avr/4.3.3/avr5\libgcc.a(_udivmodhi4.o)
 .bss           0x0080023d        0x0 C:\WinAVR-20100110\avr\lib\avr4\libc.a(malloc.o)
 .bss           0x0080023d        0x0 C:\WinAVR-20100110\avr\lib\avr4\libc.a(rand.o)
 .bss           0x0080023d        0x0 C:\WinAVR-20100110\avr\lib\avr4\libc.a(ftoa_engine.o)
 .bss           0x0080023d        0x0 C:\WinAVR-20100110\avr\lib\avr4\libc.a(strnlen_P.o)
 .bss           0x0080023d        0x0 C:\WinAVR-20100110\avr\lib\avr4\libc.a(strnlen.o)
 .bss           0x0080023d        0x0 C:\WinAVR-20100110\avr\lib\avr4\libc.a(fputc.o)
 .bss           0x0080023d        0x0 C:\WinAVR-20100110\avr\lib\avr4\libc.a(iob.o)
 .bss           0x0080023d        0x0 C:\WinAVR-20100110\avr\lib\avr4\libc.a(puts.o)
 .bss           0x0080023d        0x0 C:\WinAVR-20100110\avr\lib\avr4\libc.a(ultoa_invert.o)
 .bss           0x0080023d        0x0 c:/winavr-20100110/bin/../lib/gcc/avr/4.3.3/avr5\libgcc.a(_divmodsi4.o)
 *(.bss*)
 *(COMMON)
 COMMON         0x0080023d        0x6 CEEN_Interfaces.o
                0x0080023d                LCopstat
                0x0080023f                LEopstat
                0x00800241                ATopstat
 COMMON         0x00800243      0x1e0 LightSensing.o
                0x00800243                ltIR_old
                0x008002bb                bkIR_old
                0x00800333                ftIR_old
                0x008003ab                rtIR_old
 COMMON         0x00800423       0x39 C:\Program Files\AVR Libraries\libcapi324v221.a(STEPPER_globals.o)
                0x00800423                STEPPER_params
                0x0080045a                step_done
 COMMON         0x0080045c       0x13 C:\Program Files\AVR Libraries\libcapi324v221.a(SYS_globals.o)
                0x0080045c                CBOT_system
 COMMON         0x0080046f        0x5 C:\Program Files\AVR Libraries\libcapi324v221.a(LCD_globals.o)
                0x0080046f                LCD_params
 COMMON         0x00800474        0x1 C:\Program Files\AVR Libraries\libcapi324v221.a(SPI_globals.o)
                0x00800474                curr_spi_addr
 COMMON         0x00800475       0x1e C:\Program Files\AVR Libraries\libcapi324v221.a(ATTINY_globals.o)
                0x00800475                ATTINY_params
 COMMON         0x00800493        0x3 C:\Program Files\AVR Libraries\libcapi324v221.a(TMRSRVC_globals.o)
                0x00800493                tmrNodes
 COMMON         0x00800496        0x5 C:\Program Files\AVR Libraries\libcapi324v221.a(I2C_globals.o)
                0x00800496                I2C_params
 COMMON         0x0080049b        0x4 C:\WinAVR-20100110\avr\lib\avr4\libc.a(malloc.o)
                0x0080049b                __brkval
                0x0080049d                __flp
 COMMON         0x0080049f        0x6 C:\WinAVR-20100110\avr\lib\avr4\libc.a(iob.o)
                0x0080049f                __iob
                0x008004a5                PROVIDE (__bss_end, .)
                0x000056b4                __data_load_start = LOADADDR (.data)
                0x0000575a                __data_load_end = (__data_load_start + SIZEOF (.data))

.noinit         0x008004a5        0x0
                0x008004a5                PROVIDE (__noinit_start, .)
 *(.noinit*)
                0x008004a5                PROVIDE (__noinit_end, .)
                0x008004a5                _end = .
                0x008004a5                PROVIDE (__heap_start, .)

.eeprom         0x00810000        0x0
 *(.eeprom*)
                0x00810000                __eeprom_end = .

.fuse
 *(.fuse)
 *(.lfuse)
 *(.hfuse)
 *(.efuse)

.lock
 *(.lock*)

.signature
 *(.signature*)

.stab
 *(.stab)

.stabstr
 *(.stabstr)

.stab.excl
 *(.stab.excl)

.stab.exclstr
 *(.stab.exclstr)

.stab.index
 *(.stab.index)

.stab.indexstr
 *(.stab.indexstr)

.comment
 *(.comment)

.debug
 *(.debug)

.line
 *(.line)

.debug_srcinfo
 *(.debug_srcinfo)

.debug_sfnames
 *(.debug_sfnames)

.debug_aranges  0x00000000       0x40
 *(.debug_aranges)
 .debug_aranges
                0x00000000       0x20 CEEN_Interfaces.o
 .debug_aranges
                0x00000020       0x20 LightSensing.o

.debug_pubnames
                0x00000000      0x2e0
 *(.debug_pubnames)
 .debug_pubnames
                0x00000000      0x153 CEEN_Interfaces.o
 .debug_pubnames
                0x00000153      0x18d LightSensing.o

.debug_info     0x00000000      0xf13
 *(.debug_info)
 .debug_info    0x00000000      0x782 CEEN_Interfaces.o
 .debug_info    0x00000782      0x791 LightSensing.o
 *(.gnu.linkonce.wi.*)

.debug_abbrev   0x00000000      0x2b2
 *(.debug_abbrev)
 .debug_abbrev  0x00000000      0x10b CEEN_Interfaces.o
 .debug_abbrev  0x0000010b      0x1a7 LightSensing.o

.debug_line     0x00000000      0xc50
 *(.debug_line)
 .debug_line    0x00000000      0x709 CEEN_Interfaces.o
 .debug_line    0x00000709      0x547 LightSensing.o

.debug_frame    0x00000000      0x1f0
 *(.debug_frame)
 .debug_frame   0x00000000      0x120 CEEN_Interfaces.o
 .debug_frame   0x00000120       0xd0 LightSensing.o

.debug_str      0x00000000      0xa38
 *(.debug_str)
 .debug_str     0x00000000      0x6ad CEEN_Interfaces.o
                                0x73c (size before relaxing)
 .debug_str     0x000006ad      0x38b LightSensing.o
                                0x6a8 (size before relaxing)

.debug_loc      0x00000000      0xace
 *(.debug_loc)
 .debug_loc     0x00000000      0x6d3 CEEN_Interfaces.o
 .debug_loc     0x000006d3      0x3fb LightSensing.o

.debug_macinfo
 *(.debug_macinfo)
OUTPUT(WallFollowing.elf elf32-avr)
LOAD linker stubs
