Archive member included because of file (symbol)

C:\Program Files\AVR Libraries\libcapi324v221.a(ADC_open.o)
                              WallFollowing.o (ADC_open)
C:\Program Files\AVR Libraries\libcapi324v221.a(ADC_sample.o)
                              CEEN_Interfaces.o (ADC_sample)
C:\Program Files\AVR Libraries\libcapi324v221.a(ADC_set_channel.o)
                              CEEN_Interfaces.o (ADC_set_channel)
C:\Program Files\AVR Libraries\libcapi324v221.a(ADC_set_VREF.o)
                              WallFollowing.o (ADC_set_VREF)
C:\Program Files\AVR Libraries\libcapi324v221.a(CBOT_main.o)
                              c:/winavr-20100110/bin/../lib/gcc/avr/4.3.3/../../../../avr/lib/avr5/crtm324p.o (main)
C:\Program Files\AVR Libraries\libcapi324v221.a(LCD_clear.o)
                              WallFollowing.o (LCD_clear)
C:\Program Files\AVR Libraries\libcapi324v221.a(LCD_open.o)
                              WallFollowing.o (LCD_open)
C:\Program Files\AVR Libraries\libcapi324v221.a(LCD_set_backlight.o)
                              C:\Program Files\AVR Libraries\libcapi324v221.a(LCD_open.o) (LCD_set_backlight)
C:\Program Files\AVR Libraries\libcapi324v221.a(LCD_set_next_PGC.o)
                              C:\Program Files\AVR Libraries\libcapi324v221.a(LCD_clear.o) (LCD_set_next_PGC)
C:\Program Files\AVR Libraries\libcapi324v221.a(LCD_set_PGC_addr.o)
                              C:\Program Files\AVR Libraries\libcapi324v221.a(LCD_clear.o) (LCD_set_PGC_addr)
C:\Program Files\AVR Libraries\libcapi324v221.a(LCD_write.o)
                              C:\Program Files\AVR Libraries\libcapi324v221.a(LCD_clear.o) (LCD_write)
C:\Program Files\AVR Libraries\libcapi324v221.a(LED_clr_pattern.o)
                              CEEN_Interfaces.o (LED_clr_pattern)
C:\Program Files\AVR Libraries\libcapi324v221.a(LED_open.o)
                              WallFollowing.o (LED_open)
C:\Program Files\AVR Libraries\libcapi324v221.a(LED_set_patttern.o)
                              CEEN_Interfaces.o (LED_set_pattern)
C:\Program Files\AVR Libraries\libcapi324v221.a(SPI_set_slave_addr.o)
                              C:\Program Files\AVR Libraries\libcapi324v221.a(LCD_set_backlight.o) (SPI_set_slave_addr)
C:\Program Files\AVR Libraries\libcapi324v221.a(SPI_transmit.o)
                              C:\Program Files\AVR Libraries\libcapi324v221.a(LCD_set_backlight.o) (SPI_transmit)
C:\Program Files\AVR Libraries\libcapi324v221.a(SPKR_open.o)
                              WallFollowing.o (SPKR_open)
C:\Program Files\AVR Libraries\libcapi324v221.a(STEPPER_get_nSteps.o)
                              WallFollowing.o (STEPPER_get_nSteps)
C:\Program Files\AVR Libraries\libcapi324v221.a(STEPPER_globals.o)
                              C:\Program Files\AVR Libraries\libcapi324v221.a(STEPPER_get_nSteps.o) (STEPPER_params)
C:\Program Files\AVR Libraries\libcapi324v221.a(STEPPER_move.o)
                              WallFollowing.o (STEPPER_move)
C:\Program Files\AVR Libraries\libcapi324v221.a(STEPPER_open.o)
                              WallFollowing.o (STEPPER_open)
C:\Program Files\AVR Libraries\libcapi324v221.a(STEPPER_run.o)
                              C:\Program Files\AVR Libraries\libcapi324v221.a(STEPPER_move.o) (STEPPER_run)
C:\Program Files\AVR Libraries\libcapi324v221.a(STEPPER_set_accel.o)
                              C:\Program Files\AVR Libraries\libcapi324v221.a(STEPPER_move.o) (STEPPER_set_accel)
C:\Program Files\AVR Libraries\libcapi324v221.a(STEPPER_set_dir.o)
                              C:\Program Files\AVR Libraries\libcapi324v221.a(STEPPER_run.o) (STEPPER_set_dir)
C:\Program Files\AVR Libraries\libcapi324v221.a(STEPPER_set_mode.o)
                              C:\Program Files\AVR Libraries\libcapi324v221.a(STEPPER_move.o) (STEPPER_set_mode)
C:\Program Files\AVR Libraries\libcapi324v221.a(STEPPER_set_speed.o)
                              C:\Program Files\AVR Libraries\libcapi324v221.a(STEPPER_run.o) (STEPPER_set_speed)
C:\Program Files\AVR Libraries\libcapi324v221.a(STEPPER_step.o)
                              C:\Program Files\AVR Libraries\libcapi324v221.a(STEPPER_move.o) (STEPPER_step)
C:\Program Files\AVR Libraries\libcapi324v221.a(STEPPER_wait_and_then.o)
                              C:\Program Files\AVR Libraries\libcapi324v221.a(STEPPER_move.o) (STEPPER_wait_and_then)
C:\Program Files\AVR Libraries\libcapi324v221.a(SYS_get_state.o)
                              C:\Program Files\AVR Libraries\libcapi324v221.a(ADC_open.o) (SYS_get_state)
C:\Program Files\AVR Libraries\libcapi324v221.a(SYS_globals.o)
                              C:\Program Files\AVR Libraries\libcapi324v221.a(SYS_get_state.o) (CBOT_system)
C:\Program Files\AVR Libraries\libcapi324v221.a(SYS_set_state.o)
                              C:\Program Files\AVR Libraries\libcapi324v221.a(ADC_open.o) (SYS_set_state)
[...]
Memory Configuration

Name             Origin             Length             Attributes
text             0x00000000         0x00020000         xr
data             0x00800060         0x0000ffa0         rw !x
eeprom           0x00810000         0x00010000         rw !x
fuse             0x00820000         0x00000400         rw !x
lock             0x00830000         0x00000400         rw !x
signature        0x00840000         0x00000400         rw !x
*default*        0x00000000         0xffffffff

Linker script and memory map

Address of section .data set to 0x800100
LOAD c:/winavr-20100110/bin/../lib/gcc/avr/4.3.3/../../../../avr/lib/avr5/crtm324p.o
LOAD WallFollowing.o
LOAD CEEN_Interfaces.o
LOAD C:\Program Files\AVR Libraries\libcapi324v221.a
LOAD C:\WinAVR-20100110\avr\lib\avr4\libm.a
LOAD C:\WinAVR-20100110\avr\lib\avr4\libprintf_flt.a
LOAD c:/winavr-20100110/bin/../lib/gcc/avr/4.3.3/avr5\libgcc.a
LOAD C:\WinAVR-20100110\avr\lib\avr4\libc.a
LOAD c:/winavr-20100110/bin/../lib/gcc/avr/4.3.3/avr5\libgcc.a

.hash
 *(.hash)

.dynsym
 *(.dynsym)

.dynstr
 *(.dynstr)

.gnu.version
 *(.gnu.version)

.gnu.version_d
 *(.gnu.version_d)

.gnu.version_r
 *(.gnu.version_r)

.rel.init
 *(.rel.init)

.rela.init
 *(.rela.init)

.rel.text
 *(.rel.text)
 *(.rel.text.*)
 *(.rel.gnu.linkonce.t*)

.rela.text
 *(.rela.text)
 *(.rela.text.*)
 *(.rela.gnu.linkonce.t*)

.rel.fini
 *(.rel.fini)

.rela.fini
 *(.rela.fini)

.rel.rodata
 *(.rel.rodata)
 *(.rel.rodata.*)
 *(.rel.gnu.linkonce.r*)

.rela.rodata
 *(.rela.rodata)
 *(.rela.rodata.*)
 *(.rela.gnu.linkonce.r*)

.rel.data
 *(.rel.data)
 *(.rel.data.*)
 *(.rel.gnu.linkonce.d*)

.rela.data
 *(.rela.data)
 *(.rela.data.*)
 *(.rela.gnu.linkonce.d*)

.rel.ctors
 *(.rel.ctors)

.rela.ctors
 *(.rela.ctors)

.rel.dtors
 *(.rel.dtors)

.rela.dtors
 *(.rela.dtors)

.rel.got
 *(.rel.got)

.rela.got
 *(.rela.got)

.rel.bss
 *(.rel.bss)

.rela.bss
 *(.rela.bss)

.rel.plt
 *(.rel.plt)

.rela.plt
 *(.rela.plt)

.text           0x00000000     0x54cc
 *(.vectors)
 .vectors       0x00000000       0x7c c:/winavr-20100110/bin/../lib/gcc/avr/4.3.3/../../../../avr/lib/avr5/crtm324p.o
                0x00000000                __vectors
                0x00000000                __vector_default
 *(.vectors)
 *(.progmem.gcc*)
 .progmem.gcc_sw_table
                0x0000007c       0x26 C:\Program Files\AVR Libraries\libcapi324v221.a(SYS_get_state.o)
 .progmem.gcc_sw_table
                0x000000a2       0x26 C:\Program Files\AVR Libraries\libcapi324v221.a(SYS_set_state.o)
 .progmem.gcc_fplib
                0x000000c8       0x28 C:\WinAVR-20100110\avr\lib\avr4\libm.a(exp.o)
 .progmem.gcc_fplib
                0x000000f0       0x5a C:\WinAVR-20100110\avr\lib\avr4\libm.a(log.o)
 *(.progmem*)
 .progmem.data  0x0000014a      0x415 C:\Program Files\AVR Libraries\libcapi324v221.a(LCD_globals.o)
                0x0000014a                char_bitmap
                0x0000035f                CEENBoT_Inc_logo_bitmap
 .progmem.data  0x0000055f        0x8 C:\WinAVR-20100110\avr\lib\avr4\libprintf_flt.a(vfprintf_flt.o)
 .progmem.data  0x00000567       0xfa C:\WinAVR-20100110\avr\lib\avr4\libc.a(ftoa_engine.o)
                0x00000662                . = ALIGN (0x2)
 *fill*         0x00000661        0x1 00
                0x00000662                __trampolines_start = .
 *(.trampolines)
 .trampolines   0x00000662        0x0 linker stubs
 *(.trampolines*)
                0x00000662                __trampolines_end = .
 *(.jumptables)
 *(.jumptables*)
 *(.lowtext)
 *(.lowtext*)
                0x00000662                __ctors_start = .
 *(.ctors)
                0x00000662                __ctors_end = .
                0x00000662                __dtors_start = .
 *(.dtors)
                0x00000662                __dtors_end = .
 SORT(*)(.ctors)
 SORT(*)(.dtors)
 *(.init0)
 .init0         0x00000662        0x0 c:/winavr-20100110/bin/../lib/gcc/avr/4.3.3/../../../../avr/lib/avr5/crtm324p.o
                0x00000662                __init
 *(.init0)
 *(.init1)
 *(.init1)
 *(.init2)
 .init2         0x00000662        0xc c:/winavr-20100110/bin/../lib/gcc/avr/4.3.3/../../../../avr/lib/avr5/crtm324p.o
 *(.init2)
 *(.init3)
 *(.init3)
 *(.init4)
 .init4         0x0000066e       0x16 c:/winavr-20100110/bin/../lib/gcc/avr/4.3.3/avr5\libgcc.a(_copy_data.o)
                0x0000066e                __do_copy_data
 .init4         0x00000684       0x10 c:/winavr-20100110/bin/../lib/gcc/avr/4.3.3/avr5\libgcc.a(_clear_bss.o)
                0x00000684                __do_clear_bss
 *(.init4)
 *(.init5)
 *(.init5)
 *(.init6)
 *(.init6)
 *(.init7)
 *(.init7)
 *(.init8)
 *(.init8)
 *(.init9)
 .init9         0x00000694        0x8 c:/winavr-20100110/bin/../lib/gcc/avr/4.3.3/../../../../avr/lib/avr5/crtm324p.o
 *(.init9)
 *(.text)
 .text          0x0000069c        0x4 c:/winavr-20100110/bin/../lib/gcc/avr/4.3.3/../../../../avr/lib/avr5/crtm324p.o
                0x0000069c                __vector_22
                0x0000069c                __vector_28
                0x0000069c                __vector_1
                0x0000069c                __vector_24
                0x0000069c                __bad_interrupt
                0x0000069c                __vector_3
                0x0000069c                __vector_23
                0x0000069c                __vector_30
                0x0000069c                __vector_25
                0x0000069c                __vector_19
                0x0000069c                __vector_27
                0x0000069c                __vector_2
                0x0000069c                __vector_21
                0x0000069c                __vector_29
                0x0000069c                __vector_8
                0x0000069c                __vector_26
                0x0000069c                __vector_20
 .text          0x000006a0      0xc96 WallFollowing.o
                0x00000930                check_threshhold
                0x000006a0                prefilter
                0x00000fc0                moveWall
                0x00000852                pidController
                0x00000d2e                moveWander
                0x00000a74                moveAway
                0x00000a22                checkIR
                0x00000a20                move_arc_stwt
                0x000012e2                CBOT_main
 .text          0x00001336      0x546 CEEN_Interfaces.o
                0x00001770                getLeftLight
                0x00001382                read_pixel_8
                0x00001746                getRightLight
                0x0000179a                WaitButton
                0x000014b2                read_pixel_4
                0x00001700                getLeftIR
                0x0000162e                getBackIR
                0x000013ce                read_pixel_7
                0x0000141a                read_pixel_6
                0x000016ba                getRightIR
                0x00001596                read_pixel_1
                0x00001466                read_pixel_5
                0x000015e2                get_revision
                0x000014fe                read_pixel_3
                0x00001674                getFrontIR
                0x00001336                get_ambient_temp
                0x0000154a                read_pixel_2
 .text          0x0000187c       0x1c C:\Program Files\AVR Libraries\libcapi324v221.a(ADC_open.o)
                0x0000187c                ADC_open
 .text          0x00001898       0x3a C:\Program Files\AVR Libraries\libcapi324v221.a(ADC_sample.o)
                0x00001898                ADC_sample
 .text          0x000018d2       0x6e C:\Program Files\AVR Libraries\libcapi324v221.a(ADC_set_channel.o)
                0x000018d2                ADC_set_channel
 .text          0x00001940       0x16 C:\Program Files\AVR Libraries\libcapi324v221.a(ADC_set_VREF.o)
                0x00001940                ADC_set_VREF
 .text          0x00001956       0x12 C:\Program Files\AVR Libraries\libcapi324v221.a(CBOT_main.o)
                0x00001956                main
 .text          0x00001968       0x3a C:\Program Files\AVR Libraries\libcapi324v221.a(LCD_clear.o)
                0x00001968                LCD_clear
 .text          0x000019a2      0x102 C:\Program Files\AVR Libraries\libcapi324v221.a(LCD_open.o)
                0x000019a2                LCD_open
 .text          0x00001aa4       0x42 C:\Program Files\AVR Libraries\libcapi324v221.a(LCD_set_backlight.o)
                0x00001aa4                LCD_set_backlight
 .text          0x00001ae6        0xe C:\Program Files\AVR Libraries\libcapi324v221.a(LCD_set_next_PGC.o)
                0x00001ae6                LCD_set_next_PGC
 .text          0x00001af4       0x32 C:\Program Files\AVR Libraries\libcapi324v221.a(LCD_set_PGC_addr.o)
                0x00001af4                LCD_set_PGC_addr
 .text          0x00001b26       0x36 C:\Program Files\AVR Libraries\libcapi324v221.a(LCD_write.o)
                0x00001b26                LCD_write
 .text          0x00001b5c       0x18 C:\Program Files\AVR Libraries\libcapi324v221.a(LED_clr_pattern.o)
                0x00001b5c                LED_clr_pattern
 .text          0x00001b74       0x12 C:\Program Files\AVR Libraries\libcapi324v221.a(LED_open.o)
                0x00001b74                LED_open
 .text          0x00001b86       0x18 C:\Program Files\AVR Libraries\libcapi324v221.a(LED_set_patttern.o)
                0x00001b86                LED_set_pattern
 .text          0x00001b9e       0xa2 C:\Program Files\AVR Libraries\libcapi324v221.a(SPI_set_slave_addr.o)
                0x00001b9e                SPI_set_slave_addr
 .text          0x00001c40       0x1e C:\Program Files\AVR Libraries\libcapi324v221.a(SPI_transmit.o)
                0x00001c40                SPI_transmit
 .text          0x00001c5e      0x13c C:\Program Files\AVR Libraries\libcapi324v221.a(SPKR_open.o)
                0x00001d28                __SPKR_open_tone_mode
                0x00001d80                SPKR_open
                0x00001c5e                __SPKR_set_up_freq_LUT
                0x00001cfc                __SPKR_open_beep_mode
 .text          0x00001d9a       0x16 C:\Program Files\AVR Libraries\libcapi324v221.a(STEPPER_get_nSteps.o)
                0x00001d9a                STEPPER_get_nSteps
 .text          0x00001db0        0x0 C:\Program Files\AVR Libraries\libcapi324v221.a(STEPPER_globals.o)
 .text          0x00001db0      0x2c8 C:\Program Files\AVR Libraries\libcapi324v221.a(STEPPER_move.o)
                0x00001f2a                STEPPER_move
 .text          0x00002078       0xae C:\Program Files\AVR Libraries\libcapi324v221.a(STEPPER_open.o)
                0x00002078                STEPPER_open
 .text          0x00002126       0x2e C:\Program Files\AVR Libraries\libcapi324v221.a(STEPPER_run.o)
                0x00002126                STEPPER_run
 .text          0x00002154       0x44 C:\Program Files\AVR Libraries\libcapi324v221.a(STEPPER_set_accel.o)
                0x00002154                STEPPER_set_accel
 .text          0x00002198       0x2a C:\Program Files\AVR Libraries\libcapi324v221.a(STEPPER_set_dir.o)
                0x00002198                STEPPER_set_dir
 .text          0x000021c2       0x2a C:\Program Files\AVR Libraries\libcapi324v221.a(STEPPER_set_mode.o)
                0x000021c2                STEPPER_set_mode
 .text          0x000021ec       0x44 C:\Program Files\AVR Libraries\libcapi324v221.a(STEPPER_set_speed.o)
                0x000021ec                STEPPER_set_speed
 .text          0x00002230      0x118 C:\Program Files\AVR Libraries\libcapi324v221.a(STEPPER_step.o)
                0x00002230                STEPPER_step
 .text          0x00002348       0x9c C:\Program Files\AVR Libraries\libcapi324v221.a(STEPPER_wait_and_then.o)
                0x00002348                STEPPER_wait_and_then
 .text          0x000023e4       0x90 C:\Program Files\AVR Libraries\libcapi324v221.a(SYS_get_state.o)
                0x000023e4                SYS_get_state
 .text          0x00002474        0x0 C:\Program Files\AVR Libraries\libcapi324v221.a(SYS_globals.o)
 .text          0x00002474       0x8e C:\Program Files\AVR Libraries\libcapi324v221.a(SYS_set_state.o)
                0x00002474                SYS_set_state
 .text          0x00002502       0x9c C:\Program Files\AVR Libraries\libcapi324v221.a(ATTINY_get_SW_state.o)
                0x00002502                ATTINY_get_SW_state
 .text          0x0000259e       0x9e C:\Program Files\AVR Libraries\libcapi324v221.a(ATTINY_open.o)
                0x0000259e                ATTINY_open
 .text          0x0000263c       0x42 C:\Program Files\AVR Libraries\libcapi324v221.a(TMRSRVC_delay.o)
                0x0000263c                TMRSRVC_delay
 .text          0x0000267e       0x7c C:\Program Files\AVR Libraries\libcapi324v221.a(TMRSRVC_new.o)
                0x0000267e                TMRSRVC_new
 .text          0x000026fa       0x58 C:\Program Files\AVR Libraries\libcapi324v221.a(I2C_MSTR_get.o)
                0x000026fa                I2C_MSTR_get
 .text          0x00002752       0x4c C:\Program Files\AVR Libraries\libcapi324v221.a(I2C_MSTR_send.o)
                0x00002752                I2C_MSTR_send
 .text          0x0000279e       0x8c C:\Program Files\AVR Libraries\libcapi324v221.a(I2C_MSTR_start.o)
                0x0000279e                I2C_MSTR_start
 .text          0x0000282a       0x28 C:\Program Files\AVR Libraries\libcapi324v221.a(I2C_MSTR_stop.o)
                0x0000282a                I2C_MSTR_stop
 .text          0x00002852       0x3c C:\Program Files\AVR Libraries\libcapi324v221.a(I2C_open.o)
                0x00002852                I2C_open
 .text          0x0000288e       0x12 C:\Program Files\AVR Libraries\libcapi324v221.a(I2C_set_BRG.o)
                0x0000288e                I2C_set_BRG
 .text          0x000028a0       0x16 C:\Program Files\AVR Libraries\libcapi324v221.a(__ADC_init.o)
                0x000028a0                __ADC_init
 .text          0x000028b6       0x1c C:\Program Files\AVR Libraries\libcapi324v221.a(CBOT_init.o)
                0x000028b6                CBOT_init
 .text          0x000028d2      0x480 C:\Program Files\AVR Libraries\libcapi324v221.a(CBOT_isr.o)
                0x00002b66                __vector_12
                0x00002cae                __vector_6
                0x00002a70                __vector_11
                0x00002ac2                __vector_13
                0x00002928                __vector_17
                0x00002d00                __vector_7
                0x00002c5c                __vector_5
                0x00002c0a                __vector_4
                0x000029cc                __vector_9
                0x00002bb8                __vector_15
                0x000028d2                CBOT_ISR_init
                0x00002b14                __vector_14
                0x00002a1e                __vector_10
                0x000028d6                __vector_16
                0x0000297a                __vector_18
 .text          0x00002d52       0x28 C:\Program Files\AVR Libraries\libcapi324v221.a(ISR_attach.o)
                0x00002d52                ISR_attach
 .text          0x00002d7a        0x0 C:\Program Files\AVR Libraries\libcapi324v221.a(ISR_globals.o)
 .text          0x00002d7a       0x28 C:\Program Files\AVR Libraries\libcapi324v221.a(ISR_open.o)
                0x00002d7a                ISR_open
 .text          0x00002da2        0x0 C:\Program Files\AVR Libraries\libcapi324v221.a(LCD_globals.o)
 .text          0x00002da2        0x4 C:\Program Files\AVR Libraries\libcapi324v221.a(__LCD_init.o)
                0x00002da2                __LCD_init
 .text          0x00002da6      0x15a C:\Program Files\AVR Libraries\libcapi324v221.a(__LCD_putchar.o)
                0x00002da6                __LCD_putchar
 .text          0x00002f00        0xa C:\Program Files\AVR Libraries\libcapi324v221.a(__LED_clr_pattern.o)
                0x00002f00                __LED_clr_pattern
 .text          0x00002f0a        0x6 C:\Program Files\AVR Libraries\libcapi324v221.a(__LED_init.o)
                0x00002f0a                __LED_init
 .text          0x00002f10        0xa C:\Program Files\AVR Libraries\libcapi324v221.a(__LED_set_pattern.o)
                0x00002f10                __LED_set_pattern
 .text          0x00002f1a       0x24 C:\Program Files\AVR Libraries\libcapi324v221.a(ATMEGA_open.o)
                0x00002f1a                ATMEGA_open
 .text          0x00002f3e       0xa6 C:\Program Files\AVR Libraries\libcapi324v221.a(ATMEGA_set_clk_mode.o)
                0x00002f3e                ATMEGA_set_clk_mode
 .text          0x00002fe4        0x0 C:\Program Files\AVR Libraries\libcapi324v221.a(SPI_globals.o)
 .text          0x00002fe4       0x72 C:\Program Files\AVR Libraries\libcapi324v221.a(SPI_open.o)
                0x00002fe4                SPI_open
 .text          0x00003056       0x12 C:\Program Files\AVR Libraries\libcapi324v221.a(SPI_set_config_func.o)
                0x00003056                SPI_set_config_func
 .text          0x00003068        0x6 C:\Program Files\AVR Libraries\libcapi324v221.a(ISR__SPKR__TIMER1_COMPA_vect.o)
                0x00003068                __SPKR_TIMER1_COMPA_vect
 .text          0x0000306e       0x82 C:\Program Files\AVR Libraries\libcapi324v221.a(SPKR_clk.o)
                0x0000306e                SPKR_clk
 .text          0x000030f0       0x72 C:\Program Files\AVR Libraries\libcapi324v221.a(SPKR_close.o)
                0x0000314e                SPKR_close
                0x0000310c                __SPKR_close_tone_mode
                0x000030f0                __SPKR_close_beep_mode
 .text          0x00003162        0x0 C:\Program Files\AVR Libraries\libcapi324v221.a(SPKR_globals.o)
 .text          0x00003162       0x54 C:\Program Files\AVR Libraries\libcapi324v221.a(__SPKR_init.o)
                0x00003162                __SPKR_init
 .text          0x000031b6       0x9a C:\Program Files\AVR Libraries\libcapi324v221.a(SPKR_play_beep.o)
                0x000031b6                SPKR_play_beep
 .text          0x00003250        0xc C:\Program Files\AVR Libraries\libcapi324v221.a(__SPKR_stop.o)
                0x00003250                __SPKR_stop
 .text          0x0000325c       0x2a C:\Program Files\AVR Libraries\libcapi324v221.a(STEPPER_go.o)
                0x0000325c                STEPPER_go
 .text          0x00003286       0x14 C:\Program Files\AVR Libraries\libcapi324v221.a(__STEPPER_init.o)
                0x00003286                __STEPPER_init
 .text          0x0000329a       0x36 C:\Program Files\AVR Libraries\libcapi324v221.a(STEPPER_set_steps.o)
                0x0000329a                STEPPER_set_steps
 .text          0x000032d0       0x2a C:\Program Files\AVR Libraries\libcapi324v221.a(STEPPER_set_stop_mode.o)
                0x000032d0                STEPPER_set_stop_mode
 .text          0x000032fa       0x7a C:\Program Files\AVR Libraries\libcapi324v221.a(STEPPER_setup_decels.o)
                0x000032fa                STEPPER_setup_decels
 .text          0x00003374       0x46 C:\Program Files\AVR Libraries\libcapi324v221.a(SYS_init.o)
                0x00003374                SYS_init
 .text          0x000033ba       0x62 C:\Program Files\AVR Libraries\libcapi324v221.a(ATTINY_get_sensors.o)
                0x000033ba                ATTINY_get_sensors
 .text          0x0000341c        0x0 C:\Program Files\AVR Libraries\libcapi324v221.a(ATTINY_globals.o)
 .text          0x0000341c        0x0 C:\Program Files\AVR Libraries\libcapi324v221.a(TMRSRVC_globals.o)
 .text          0x0000341c       0xd2 C:\Program Files\AVR Libraries\libcapi324v221.a(__TMRSRVC_insert.o)
                0x0000341c                TMRSRVC_insert
 .text          0x000034ee       0x3e C:\Program Files\AVR Libraries\libcapi324v221.a(TMRSRVC_open.o)
                0x000034ee                TMRSRVC_open
 .text          0x0000352c        0xc C:\Program Files\AVR Libraries\libcapi324v221.a(__TMRSRVC_start.o)
                0x0000352c                __TMRSRVC_start
 .text          0x00003538        0x8 C:\Program Files\AVR Libraries\libcapi324v221.a(TMRSRVC_start.o)
                0x00003538                TMRSRVC_start
 .text          0x00003540       0x14 C:\Program Files\AVR Libraries\libcapi324v221.a(I2C_enable.o)
                0x00003540                I2C_enable
 .text          0x00003554        0x0 C:\Program Files\AVR Libraries\libcapi324v221.a(I2C_globals.o)
 .text          0x00003554        0x6 C:\Program Files\AVR Libraries\libcapi324v221.a(__I2C_init.o)
                0x00003554                __I2C_init
 .text          0x0000355a       0x22 C:\Program Files\AVR Libraries\libcapi324v221.a(__ISR_attach.o)
                0x0000355a                __ISR_attach
 .text          0x0000357c        0x6 C:\Program Files\AVR Libraries\libcapi324v221.a(__ATMEGA_init.o)
                0x0000357c                __ATMEGA_init
 .text          0x00003582       0x52 C:\Program Files\AVR Libraries\libcapi324v221.a(SPI_cfgrs.o)
                0x00003592                SPI_ATtiny0_config
                0x000035c2                SPI_FLASH_config
                0x00003582                SPI_default_config
                0x000035b2                SPI_LCD_config
                0x000035a2                SPI_PSXC_config
 .text          0x000035d4        0xe C:\Program Files\AVR Libraries\libcapi324v221.a(__SPI_init.o)
                0x000035d4                __SPI_init
 .text          0x000035e2       0x24 C:\Program Files\AVR Libraries\libcapi324v221.a(SPI_receive.o)
                0x000035e2                SPI_receive
 .text          0x00003606       0x2e C:\Program Files\AVR Libraries\libcapi324v221.a(SPKR_beep.o)
                0x00003606                SPKR_beep
 .text          0x00003634       0x38 C:\Program Files\AVR Libraries\libcapi324v221.a(__SPKR_close.o)
                0x00003634                __SPKR_close
 .text          0x0000366c       0xda C:\Program Files\AVR Libraries\libcapi324v221.a(STEPPER_set_decel_step_values.o)
                0x0000366c                STEPPER_set_decel_step_values
 .text          0x00003746        0xe C:\Program Files\AVR Libraries\libcapi324v221.a(ISR__TIMER0_COMPA_vect.o)
                0x00003746                __TIMER0_COMPA_vect
 .text          0x00003754       0x12 C:\Program Files\AVR Libraries\libcapi324v221.a(__TMRSRVC_init.o)
                0x00003754                __TMRSRVC_init
 .text          0x00003766       0x32 C:\Program Files\AVR Libraries\libcapi324v221.a(TMRSRVC_tick.o)
                0x00003766                TMRSRVC_tick
 .text          0x00003798       0x4e C:\Program Files\AVR Libraries\libcapi324v221.a(SPKR_beep_clk.o)
                0x00003798                SPKR_beep_clk
 .text          0x000037e6      0x162 C:\Program Files\AVR Libraries\libcapi324v221.a(STEPPER_clk.o)
                0x000037e6                STEPPER_clk
 .text          0x00003948       0x8a C:\Program Files\AVR Libraries\libcapi324v221.a(STEPPER_process_accel.o)
                0x00003948                STEPPER_process_accel
 .text          0x000039d2      0x206 C:\Program Files\AVR Libraries\libcapi324v221.a(STEPPER_process_run_mode.o)
                0x000039d2                STEPPER_process_run_mode
 .text          0x00003bd8       0xa8 C:\Program Files\AVR Libraries\libcapi324v221.a(STEPPER_process_step_mode.o)
                0x00003bd8                STEPPER_process_step_mode
 .text          0x00003c80       0x4a C:\Program Files\AVR Libraries\libcapi324v221.a(STEPPER_stop.o)
                0x00003c80                STEPPER_stop
 .text          0x00003cca       0xd6 C:\Program Files\AVR Libraries\libcapi324v221.a(TMRSRVC_process.o)
                0x00003cca                TMRSRVC_process
 .text          0x00003da0        0x6 C:\Program Files\AVR Libraries\libcapi324v221.a(TMRSRVC_stop.o)
                0x00003da0                TMRSRVC_stop
 .text          0x00003da6      0x130 C:\Program Files\AVR Libraries\libcapi324v221.a(STEPPER_process_pwm.o)
                0x00003da6                STEPPER_process_pwm
 .text          0x00003ed6        0x0 C:\WinAVR-20100110\avr\lib\avr4\libm.a(addsf3.o)
 .text          0x00003ed6        0x0 C:\WinAVR-20100110\avr\lib\avr4\libm.a(addsf3x.o)
 .text          0x00003ed6        0x0 C:\WinAVR-20100110\avr\lib\avr4\libm.a(cmpsf2.o)
 .text          0x00003ed6        0x0 C:\WinAVR-20100110\avr\lib\avr4\libm.a(divsf3.o)
 .text          0x00003ed6        0x0 C:\WinAVR-20100110\avr\lib\avr4\libm.a(divsf3x.o)
 .text          0x00003ed6        0x0 C:\WinAVR-20100110\avr\lib\avr4\libm.a(fixsfsi.o)
 .text          0x00003ed6        0x0 C:\WinAVR-20100110\avr\lib\avr4\libm.a(fixunssfsi.o)
 .text          0x00003ed6        0x0 C:\WinAVR-20100110\avr\lib\avr4\libm.a(floatsisf.o)
 .text          0x00003ed6        0x0 C:\WinAVR-20100110\avr\lib\avr4\libm.a(fp_cmp.o)
 .text          0x00003ed6        0x0 C:\WinAVR-20100110\avr\lib\avr4\libm.a(fp_inf.o)
 .text          0x00003ed6        0x0 C:\WinAVR-20100110\avr\lib\avr4\libm.a(fp_nan.o)
 .text          0x00003ed6        0x0 C:\WinAVR-20100110\avr\lib\avr4\libm.a(fp_pscA.o)
 .text          0x00003ed6        0x0 C:\WinAVR-20100110\avr\lib\avr4\libm.a(fp_pscB.o)
 .text          0x00003ed6        0x0 C:\WinAVR-20100110\avr\lib\avr4\libm.a(fp_round.o)
 .text          0x00003ed6        0x0 C:\WinAVR-20100110\avr\lib\avr4\libm.a(fp_split3.o)
 .text          0x00003ed6        0x0 C:\WinAVR-20100110\avr\lib\avr4\libm.a(fp_zero.o)
 .text          0x00003ed6        0x0 C:\WinAVR-20100110\avr\lib\avr4\libm.a(gesf2.o)
 .text          0x00003ed6        0x0 C:\WinAVR-20100110\avr\lib\avr4\libm.a(lrint.o)
 .text          0x00003ed6        0x0 C:\WinAVR-20100110\avr\lib\avr4\libm.a(mulsf3.o)
 .text          0x00003ed6        0x0 C:\WinAVR-20100110\avr\lib\avr4\libm.a(mulsf3x.o)
 .text          0x00003ed6        0x0 C:\WinAVR-20100110\avr\lib\avr4\libm.a(pow.o)
 .text          0x00003ed6        0x0 C:\WinAVR-20100110\avr\lib\avr4\libm.a(exp.o)
 .text          0x00003ed6        0x0 C:\WinAVR-20100110\avr\lib\avr4\libm.a(fp_powser.o)
 .text          0x00003ed6        0x0 C:\WinAVR-20100110\avr\lib\avr4\libm.a(inverse.o)
 .text          0x00003ed6        0x0 C:\WinAVR-20100110\avr\lib\avr4\libm.a(ldexp.o)
 .text          0x00003ed6        0x0 C:\WinAVR-20100110\avr\lib\avr4\libm.a(log.o)
 .text          0x00003ed6        0x0 C:\WinAVR-20100110\avr\lib\avr4\libm.a(modf.o)
 .text          0x00003ed6        0x0 C:\WinAVR-20100110\avr\lib\avr4\libm.a(fp_mpack.o)
 .text          0x00003ed6        0x0 C:\WinAVR-20100110\avr\lib\avr4\libprintf_flt.a(vfprintf_flt.o)
 .text          0x00003ed6        0x0 c:/winavr-20100110/bin/../lib/gcc/avr/4.3.3/avr5\libgcc.a(_mulsi3.o)
 .text          0x00003ed6        0x0 c:/winavr-20100110/bin/../lib/gcc/avr/4.3.3/avr5\libgcc.a(_divmodhi4.o)
 .text          0x00003ed6        0x0 c:/winavr-20100110/bin/../lib/gcc/avr/4.3.3/avr5\libgcc.a(_udivmodsi4.o)
 .text          0x00003ed6        0x0 c:/winavr-20100110/bin/../lib/gcc/avr/4.3.3/avr5\libgcc.a(_prologue.o)
 .text          0x00003ed6        0x0 c:/winavr-20100110/bin/../lib/gcc/avr/4.3.3/avr5\libgcc.a(_epilogue.o)
 .text          0x00003ed6        0x0 c:/winavr-20100110/bin/../lib/gcc/avr/4.3.3/avr5\libgcc.a(_exit.o)
 .text          0x00003ed6        0x0 c:/winavr-20100110/bin/../lib/gcc/avr/4.3.3/avr5\libgcc.a(_copy_data.o)
 .text          0x00003ed6        0x0 c:/winavr-20100110/bin/../lib/gcc/avr/4.3.3/avr5\libgcc.a(_clear_bss.o)
 .text          0x00003ed6        0x0 c:/winavr-20100110/bin/../lib/gcc/avr/4.3.3/avr5\libgcc.a(_udivmodhi4.o)
 .text          0x00003ed6        0x0 C:\WinAVR-20100110\avr\lib\avr4\libc.a(malloc.o)
 .text          0x00003ed6        0x0 C:\WinAVR-20100110\avr\lib\avr4\libc.a(rand.o)
 .text          0x00003ed6        0x0 C:\WinAVR-20100110\avr\lib\avr4\libc.a(ftoa_engine.o)
 .text          0x00003ed6        0x0 C:\WinAVR-20100110\avr\lib\avr4\libc.a(strnlen_P.o)
 .text          0x00003ed6        0x0 C:\WinAVR-20100110\avr\lib\avr4\libc.a(strnlen.o)
 .text          0x00003ed6        0x0 C:\WinAVR-20100110\avr\lib\avr4\libc.a(fputc.o)
 .text          0x00003ed6        0x0 C:\WinAVR-20100110\avr\lib\avr4\libc.a(iob.o)
 .text          0x00003ed6        0x0 C:\WinAVR-20100110\avr\lib\avr4\libc.a(printf.o)
 .text          0x00003ed6        0x0 C:\WinAVR-20100110\avr\lib\avr4\libc.a(puts.o)
 .text          0x00003ed6        0x0 C:\WinAVR-20100110\avr\lib\avr4\libc.a(ultoa_invert.o)
 .text          0x00003ed6        0x0 c:/winavr-20100110/bin/../lib/gcc/avr/4.3.3/avr5\libgcc.a(_divmodsi4.o)
                0x00003ed6                . = ALIGN (0x2)
 *(.text.*)
 .text.avr-libc.fplib
                0x00003ed6        0xa C:\WinAVR-20100110\avr\lib\avr4\libm.a(addsf3.o)
                0x00003ed6                __subsf3
                0x00003ed8                __addsf3
 .text.avr-libc.fplib
                0x00003ee0       0xc0 C:\WinAVR-20100110\avr\lib\avr4\libm.a(addsf3x.o)
                0x00003efa                __addsf3x
 .text.avr-libc.fplib
                0x00003fa0        0x8 C:\WinAVR-20100110\avr\lib\avr4\libm.a(cmpsf2.o)
                0x00003fa0                __lesf2
                0x00003fa0                __nesf2
                0x00003fa0                __eqsf2
                0x00003fa0                __cmpsf2
                0x00003fa0                __ltsf2
 .text.avr-libc.fplib
                0x00003fa8        0x4 C:\WinAVR-20100110\avr\lib\avr4\libm.a(divsf3.o)
                0x00003fa8                __divsf3
 .text.avr-libc.fplib
                0x00003fac       0xcc C:\WinAVR-20100110\avr\lib\avr4\libm.a(divsf3x.o)
                0x00003fc2                __divsf3x
                0x00003fc6                __divsf3_pse
 .text.avr-libc.fplib
                0x00004078        0xa C:\WinAVR-20100110\avr\lib\avr4\libm.a(fixsfsi.o)
                0x00004078                __fixsfsi
 .text.avr-libc.fplib
                0x00004082       0x58 C:\WinAVR-20100110\avr\lib\avr4\libm.a(fixunssfsi.o)
                0x00004082                __fixunssfsi
 .text.avr-libc.fplib
                0x000040da       0x7a C:\WinAVR-20100110\avr\lib\avr4\libm.a(floatsisf.o)
                0x000040de                __floatsisf
                0x000040da                __floatunsisf
 .text.avr-libc.fplib
                0x00004154       0x48 C:\WinAVR-20100110\avr\lib\avr4\libm.a(fp_cmp.o)
                0x00004154                __fp_cmp
 .text.avr-libc.fplib
                0x0000419c        0xc C:\WinAVR-20100110\avr\lib\avr4\libm.a(fp_inf.o)
                0x0000419c                __fp_inf
 .text.avr-libc.fplib
                0x000041a8        0x6 C:\WinAVR-20100110\avr\lib\avr4\libm.a(fp_nan.o)
                0x000041a8                __fp_nan
 .text.avr-libc.fplib
                0x000041ae        0xe C:\WinAVR-20100110\avr\lib\avr4\libm.a(fp_pscA.o)
                0x000041ae                __fp_pscA
 .text.avr-libc.fplib
                0x000041bc        0xe C:\WinAVR-20100110\avr\lib\avr4\libm.a(fp_pscB.o)
                0x000041bc                __fp_pscB
 .text.avr-libc.fplib
                0x000041ca       0x22 C:\WinAVR-20100110\avr\lib\avr4\libm.a(fp_round.o)
                0x000041ca                __fp_round
 .text.avr-libc.fplib
                0x000041ec       0x44 C:\WinAVR-20100110\avr\lib\avr4\libm.a(fp_split3.o)
                0x000041ec                __fp_split3
                0x000041fc                __fp_splitA
 .text.avr-libc.fplib
                0x00004230        0xe C:\WinAVR-20100110\avr\lib\avr4\libm.a(fp_zero.o)
                0x00004230                __fp_zero
                0x00004232                __fp_szero
 .text.avr-libc.fplib
                0x0000423e        0x8 C:\WinAVR-20100110\avr\lib\avr4\libm.a(gesf2.o)
                0x0000423e                __gtsf2
                0x0000423e                __gesf2
 .text.avr-libc.fplib
                0x00004246       0x74 C:\WinAVR-20100110\avr\lib\avr4\libm.a(lrint.o)
                0x00004246                lrint
 .text.avr-libc.fplib
                0x000042ba        0x4 C:\WinAVR-20100110\avr\lib\avr4\libm.a(mulsf3.o)
                0x000042ba                __mulsf3
 .text.avr-libc.fplib
                0x000042be       0xc2 C:\WinAVR-20100110\avr\lib\avr4\libm.a(mulsf3x.o)
                0x000042d6                __mulsf3_pse
                0x000042d2                __mulsf3x
 .text.avr-libc.fplib
                0x00004380       0x98 C:\WinAVR-20100110\avr\lib\avr4\libm.a(pow.o)
                0x00004380                pow
 .text.avr-libc.fplib
                0x00004418       0x62 C:\WinAVR-20100110\avr\lib\avr4\libm.a(exp.o)
                0x00004422                exp
 .text.avr-libc.fplib
                0x0000447a       0x4a C:\WinAVR-20100110\avr\lib\avr4\libm.a(fp_powser.o)
                0x0000447a                __fp_powser
 .text.avr-libc.fplib
                0x000044c4        0xe C:\WinAVR-20100110\avr\lib\avr4\libm.a(inverse.o)
                0x000044c4                inverse
 .text.avr-libc.fplib
                0x000044d2       0x6c C:\WinAVR-20100110\avr\lib\avr4\libm.a(ldexp.o)
                0x000044d6                ldexp
 .text.avr-libc.fplib
                0x0000453e       0x8a C:\WinAVR-20100110\avr\lib\avr4\libm.a(log.o)
                0x00004548                log
 .text.avr-libc.fplib
                0x000045c8       0x66 C:\WinAVR-20100110\avr\lib\avr4\libm.a(modf.o)
                0x000045c8                modff
                0x000045c8                modf
 .text.avr-libc.fplib
                0x0000462e       0x1c C:\WinAVR-20100110\avr\lib\avr4\libm.a(fp_mpack.o)
                0x00004632                __fp_mpack_finite
                0x0000462e                __fp_mpack
 .text.avr-libc
                0x0000464a      0x6d0 C:\WinAVR-20100110\avr\lib\avr4\libprintf_flt.a(vfprintf_flt.o)
                0x0000464a                vfprintf
 .text.libgcc   0x00004d1a       0x3e c:/winavr-20100110/bin/../lib/gcc/avr/4.3.3/avr5\libgcc.a(_mulsi3.o)
                0x00004d1a                __mulsi3
 .text.libgcc   0x00004d58       0x26 c:/winavr-20100110/bin/../lib/gcc/avr/4.3.3/avr5\libgcc.a(_divmodhi4.o)
                0x00004d58                __divmodhi4
                0x00004d58                _div
 .text.libgcc   0x00004d7e       0x44 c:/winavr-20100110/bin/../lib/gcc/avr/4.3.3/avr5\libgcc.a(_udivmodsi4.o)
                0x00004d7e                __udivmodsi4
 .text.libgcc   0x00004dc2       0x38 c:/winavr-20100110/bin/../lib/gcc/avr/4.3.3/avr5\libgcc.a(_prologue.o)
                0x00004dc2                __prologue_saves__
 .text.libgcc   0x00004dfa       0x36 c:/winavr-20100110/bin/../lib/gcc/avr/4.3.3/avr5\libgcc.a(_epilogue.o)
                0x00004dfa                __epilogue_restores__
 .text.libgcc   0x00004e30        0x0 c:/winavr-20100110/bin/../lib/gcc/avr/4.3.3/avr5\libgcc.a(_exit.o)
 .text.libgcc   0x00004e30        0x0 c:/winavr-20100110/bin/../lib/gcc/avr/4.3.3/avr5\libgcc.a(_copy_data.o)
 .text.libgcc   0x00004e30        0x0 c:/winavr-20100110/bin/../lib/gcc/avr/4.3.3/avr5\libgcc.a(_clear_bss.o)
 .text.libgcc   0x00004e30       0x28 c:/winavr-20100110/bin/../lib/gcc/avr/4.3.3/avr5\libgcc.a(_udivmodhi4.o)
                0x00004e30                __udivmodhi4
 .text.avr-libc
                0x00004e58      0x20a C:\WinAVR-20100110\avr\lib\avr4\libc.a(malloc.o)
                0x00004e58                malloc
                0x00004fb2                free
 .text.avr-libc
                0x00005062       0xb2 C:\WinAVR-20100110\avr\lib\avr4\libc.a(rand.o)
                0x000050f2                rand_r
                0x000050f6                rand
                0x000050fe                srand
 .text.avr-libc
                0x00005114      0x1b0 C:\WinAVR-20100110\avr\lib\avr4\libc.a(ftoa_engine.o)
                0x00005114                __ftoa_engine
 .text.avr-libc
                0x000052c4       0x16 C:\WinAVR-20100110\avr\lib\avr4\libc.a(strnlen_P.o)
                0x000052c4                strnlen_P
 .text.avr-libc
                0x000052da       0x16 C:\WinAVR-20100110\avr\lib\avr4\libc.a(strnlen.o)
                0x000052da                strnlen
 .text.avr-libc
                0x000052f0       0x58 C:\WinAVR-20100110\avr\lib\avr4\libc.a(fputc.o)
                0x000052f0                fputc
 .text.avr-libc
                0x00005348       0x24 C:\WinAVR-20100110\avr\lib\avr4\libc.a(printf.o)
                0x00005348                printf
 .text.avr-libc
                0x0000536c       0x6a C:\WinAVR-20100110\avr\lib\avr4\libc.a(puts.o)
                0x0000536c                puts
 .text.avr-libc
                0x000053d6       0xbc C:\WinAVR-20100110\avr\lib\avr4\libc.a(ultoa_invert.o)
                0x000053d6                __ultoa_invert
 .text.libgcc   0x00005492       0x36 c:/winavr-20100110/bin/../lib/gcc/avr/4.3.3/avr5\libgcc.a(_divmodsi4.o)
                0x00005492                __divmodsi4
                0x000054c8                . = ALIGN (0x2)
 *(.fini9)
 .fini9         0x000054c8        0x0 c:/winavr-20100110/bin/../lib/gcc/avr/4.3.3/avr5\libgcc.a(_exit.o)
                0x000054c8                exit
                0x000054c8                _exit
 *(.fini9)
 *(.fini8)
 *(.fini8)
 *(.fini7)
 *(.fini7)
 *(.fini6)
 *(.fini6)
 *(.fini5)
 *(.fini5)
 *(.fini4)
 *(.fini4)
 *(.fini3)
 *(.fini3)
 *(.fini2)
 *(.fini2)
 *(.fini1)
 *(.fini1)
 *(.fini0)
 .fini0         0x000054c8        0x4 c:/winavr-20100110/bin/../lib/gcc/avr/4.3.3/avr5\libgcc.a(_exit.o)
 *(.fini0)
                0x000054cc                _etext = .

.data           0x00800100      0x102 load address 0x000054cc
                0x00800100                PROVIDE (__data_start, .)
 *(.data)
 .data          0x00800100        0x0 c:/winavr-20100110/bin/../lib/gcc/avr/4.3.3/../../../../avr/lib/avr5/crtm324p.o
 .data          0x00800100       0x7f WallFollowing.o
 .data          0x0080017f       0x24 CEEN_Interfaces.o
 .data          0x008001a3        0x0 C:\Program Files\AVR Libraries\libcapi324v221.a(ADC_open.o)
 .data          0x008001a3        0x0 C:\Program Files\AVR Libraries\libcapi324v221.a(ADC_sample.o)
 .data          0x008001a3        0x1 C:\Program Files\AVR Libraries\libcapi324v221.a(ADC_set_channel.o)
 .data          0x008001a4        0x0 C:\Program Files\AVR Libraries\libcapi324v221.a(ADC_set_VREF.o)
 .data          0x008001a4        0x0 C:\Program Files\AVR Libraries\libcapi324v221.a(CBOT_main.o)
 .data          0x008001a4        0x0 C:\Program Files\AVR Libraries\libcapi324v221.a(LCD_clear.o)
 .data          0x008001a4        0x0 C:\Program Files\AVR Libraries\libcapi324v221.a(LCD_open.o)
 .data          0x008001a4        0x0 C:\Program Files\AVR Libraries\libcapi324v221.a(LCD_set_backlight.o)
 .data          0x008001a4        0x0 C:\Program Files\AVR Libraries\libcapi324v221.a(LCD_set_next_PGC.o)
 .data          0x008001a4        0x0 C:\Program Files\AVR Libraries\libcapi324v221.a(LCD_set_PGC_addr.o)
 .data          0x008001a4        0x0 C:\Program Files\AVR Libraries\libcapi324v221.a(LCD_write.o)
 .data          0x008001a4        0x0 C:\Program Files\AVR Libraries\libcapi324v221.a(LED_clr_pattern.o)
 .data          0x008001a4        0x0 C:\Program Files\AVR Libraries\libcapi324v221.a(LED_open.o)
 .data          0x008001a4        0x0 C:\Program Files\AVR Libraries\libcapi324v221.a(LED_set_patttern.o)
 .data          0x008001a4        0x0 C:\Program Files\AVR Libraries\libcapi324v221.a(SPI_set_slave_addr.o)
 .data          0x008001a4        0x0 C:\Program Files\AVR Libraries\libcapi324v221.a(SPI_transmit.o)
 .data          0x008001a4        0x0 C:\Program Files\AVR Libraries\libcapi324v221.a(SPKR_open.o)
 .data          0x008001a4        0x0 C:\Program Files\AVR Libraries\libcapi324v221.a(STEPPER_get_nSteps.o)
 .data          0x008001a4        0x8 C:\Program Files\AVR Libraries\libcapi324v221.a(STEPPER_globals.o)
                0x008001a8                Motor_R_LUT
                0x008001a4                Motor_L_LUT
 .data          0x008001ac        0x0 C:\Program Files\AVR Libraries\libcapi324v221.a(STEPPER_move.o)
 .data          0x008001ac        0x0 C:\Program Files\AVR Libraries\libcapi324v221.a(STEPPER_open.o)
 .data          0x008001ac        0x0 C:\Program Files\AVR Libraries\libcapi324v221.a(STEPPER_run.o)
 .data          0x008001ac        0x0 C:\Program Files\AVR Libraries\libcapi324v221.a(STEPPER_set_accel.o)
 .data          0x008001ac        0x0 C:\Program Files\AVR Libraries\libcapi324v221.a(STEPPER_set_dir.o)
 .data          0x008001ac        0x0 C:\Program Files\AVR Libraries\libcapi324v221.a(STEPPER_set_mode.o)
 .data          0x008001ac        0x0 C:\Program Files\AVR Libraries\libcapi324v221.a(STEPPER_set_speed.o)
 .data          0x008001ac        0x0 C:\Program Files\AVR Libraries\libcapi324v221.a(STEPPER_step.o)
 .data          0x008001ac        0x0 C:\Program Files\AVR Libraries\libcapi324v221.a(STEPPER_wait_and_then.o)
 .data          0x008001ac        0x0 C:\Program Files\AVR Libraries\libcapi324v221.a(SYS_get_state.o)
 .data          0x008001ac        0x0 C:\Program Files\AVR Libraries\libcapi324v221.a(SYS_globals.o)
 .data          0x008001ac        0x0 C:\Program Files\AVR Libraries\libcapi324v221.a(SYS_set_state.o)
 .data          0x008001ac        0x6 C:\Program Files\AVR Libraries\libcapi324v221.a(ATTINY_get_SW_state.o)
 .data          0x008001b2        0x0 C:\Program Files\AVR Libraries\libcapi324v221.a(ATTINY_open.o)
 .data          0x008001b2        0x0 C:\Program Files\AVR Libraries\libcapi324v221.a(TMRSRVC_delay.o)
 .data          0x008001b2        0x0 C:\Program Files\AVR Libraries\libcapi324v221.a(TMRSRVC_new.o)
 .data          0x008001b2        0x0 C:\Program Files\AVR Libraries\libcapi324v221.a(I2C_MSTR_get.o)
 .data          0x008001b2        0x0 C:\Program Files\AVR Libraries\libcapi324v221.a(I2C_MSTR_send.o)
 .data          0x008001b2        0x0 C:\Program Files\AVR Libraries\libcapi324v221.a(I2C_MSTR_start.o)
 .data          0x008001b2        0x0 C:\Program Files\AVR Libraries\libcapi324v221.a(I2C_MSTR_stop.o)
 .data          0x008001b2        0x0 C:\Program Files\AVR Libraries\libcapi324v221.a(I2C_open.o)
 .data          0x008001b2        0x0 C:\Program Files\AVR Libraries\libcapi324v221.a(I2C_set_BRG.o)
 .data          0x008001b2        0x0 C:\Program Files\AVR Libraries\libcapi324v221.a(__ADC_init.o)
 .data          0x008001b2        0x0 C:\Program Files\AVR Libraries\libcapi324v221.a(CBOT_init.o)
 .data          0x008001b2        0x0 C:\Program Files\AVR Libraries\libcapi324v221.a(CBOT_isr.o)
 .data          0x008001b2        0x0 C:\Program Files\AVR Libraries\libcapi324v221.a(ISR_attach.o)
 .data          0x008001b2        0x0 C:\Program Files\AVR Libraries\libcapi324v221.a(ISR_globals.o)
 .data          0x008001b2        0x0 C:\Program Files\AVR Libraries\libcapi324v221.a(ISR_open.o)
 .data          0x008001b2        0xe C:\Program Files\AVR Libraries\libcapi324v221.a(LCD_globals.o)
                0x008001b2                LCD_stdout
 .data          0x008001c0        0x0 C:\Program Files\AVR Libraries\libcapi324v221.a(__LCD_init.o)
 .data          0x008001c0        0x0 C:\Program Files\AVR Libraries\libcapi324v221.a(__LCD_putchar.o)
 .data          0x008001c0        0x0 C:\Program Files\AVR Libraries\libcapi324v221.a(__LED_clr_pattern.o)
 .data          0x008001c0        0x0 C:\Program Files\AVR Libraries\libcapi324v221.a(__LED_init.o)
 .data          0x008001c0        0x0 C:\Program Files\AVR Libraries\libcapi324v221.a(__LED_set_pattern.o)
 .data          0x008001c0        0x0 C:\Program Files\AVR Libraries\libcapi324v221.a(ATMEGA_open.o)
 .data          0x008001c0        0x0 C:\Program Files\AVR Libraries\libcapi324v221.a(ATMEGA_set_clk_mode.o)
 .data          0x008001c0        0x0 C:\Program Files\AVR Libraries\libcapi324v221.a(SPI_globals.o)
 .data          0x008001c0        0x0 C:\Program Files\AVR Libraries\libcapi324v221.a(SPI_open.o)
 .data          0x008001c0        0x0 C:\Program Files\AVR Libraries\libcapi324v221.a(SPI_set_config_func.o)
 .data          0x008001c0        0x0 C:\Program Files\AVR Libraries\libcapi324v221.a(ISR__SPKR__TIMER1_COMPA_vect.o)
 .data          0x008001c0        0x0 C:\Program Files\AVR Libraries\libcapi324v221.a(SPKR_clk.o)
 .data          0x008001c0        0x0 C:\Program Files\AVR Libraries\libcapi324v221.a(SPKR_close.o)
 .data          0x008001c0       0x38 C:\Program Files\AVR Libraries\libcapi324v221.a(SPKR_globals.o)
                0x008001f0                diatonic_LUT
                0x008001c0                note_LUT
 .data          0x008001f8        0x0 C:\Program Files\AVR Libraries\libcapi324v221.a(__SPKR_init.o)
 .data          0x008001f8        0x0 C:\Program Files\AVR Libraries\libcapi324v221.a(SPKR_play_beep.o)
 .data          0x008001f8        0x0 C:\Program Files\AVR Libraries\libcapi324v221.a(__SPKR_stop.o)
 .data          0x008001f8        0x0 C:\Program Files\AVR Libraries\libcapi324v221.a(STEPPER_go.o)
 .data          0x008001f8        0x0 C:\Program Files\AVR Libraries\libcapi324v221.a(__STEPPER_init.o)
 .data          0x008001f8        0x0 C:\Program Files\AVR Libraries\libcapi324v221.a(STEPPER_set_steps.o)
 .data          0x008001f8        0x0 C:\Program Files\AVR Libraries\libcapi324v221.a(STEPPER_set_stop_mode.o)
 .data          0x008001f8        0x0 C:\Program Files\AVR Libraries\libcapi324v221.a(STEPPER_setup_decels.o)
 .data          0x008001f8        0x0 C:\Program Files\AVR Libraries\libcapi324v221.a(SYS_init.o)
 .data          0x008001f8        0x0 C:\Program Files\AVR Libraries\libcapi324v221.a(ATTINY_get_sensors.o)
 .data          0x008001f8        0x0 C:\Program Files\AVR Libraries\libcapi324v221.a(ATTINY_globals.o)
 .data          0x008001f8        0x0 C:\Program Files\AVR Libraries\libcapi324v221.a(TMRSRVC_globals.o)
 .data          0x008001f8        0x0 C:\Program Files\AVR Libraries\libcapi324v221.a(__TMRSRVC_insert.o)
 .data          0x008001f8        0x0 C:\Program Files\AVR Libraries\libcapi324v221.a(TMRSRVC_open.o)
 .data          0x008001f8        0x0 C:\Program Files\AVR Libraries\libcapi324v221.a(__TMRSRVC_start.o)
 .data          0x008001f8        0x0 C:\Program Files\AVR Libraries\libcapi324v221.a(TMRSRVC_start.o)
 .data          0x008001f8        0x0 C:\Program Files\AVR Libraries\libcapi324v221.a(I2C_enable.o)
 .data          0x008001f8        0x0 C:\Program Files\AVR Libraries\libcapi324v221.a(I2C_globals.o)
 .data          0x008001f8        0x0 C:\Program Files\AVR Libraries\libcapi324v221.a(__I2C_init.o)
 .data          0x008001f8        0x0 C:\Program Files\AVR Libraries\libcapi324v221.a(__ISR_attach.o)
 .data          0x008001f8        0x0 C:\Program Files\AVR Libraries\libcapi324v221.a(__ATMEGA_init.o)
 .data          0x008001f8        0x0 C:\Program Files\AVR Libraries\libcapi324v221.a(SPI_cfgrs.o)
 .data          0x008001f8        0x0 C:\Program Files\AVR Libraries\libcapi324v221.a(__SPI_init.o)
 .data          0x008001f8        0x0 C:\Program Files\AVR Libraries\libcapi324v221.a(SPI_receive.o)
 .data          0x008001f8        0x0 C:\Program Files\AVR Libraries\libcapi324v221.a(SPKR_beep.o)
 .data          0x008001f8        0x0 C:\Program Files\AVR Libraries\libcapi324v221.a(__SPKR_close.o)
 .data          0x008001f8        0x0 C:\Program Files\AVR Libraries\libcapi324v221.a(STEPPER_set_decel_step_values.o)
 .data          0x008001f8        0x0 C:\Program Files\AVR Libraries\libcapi324v221.a(ISR__TIMER0_COMPA_vect.o)
 .data          0x008001f8        0x0 C:\Program Files\AVR Libraries\libcapi324v221.a(__TMRSRVC_init.o)
 .data          0x008001f8        0x0 C:\Program Files\AVR Libraries\libcapi324v221.a(TMRSRVC_tick.o)
 .data          0x008001f8        0x0 C:\Program Files\AVR Libraries\libcapi324v221.a(SPKR_beep_clk.o)
 .data          0x008001f8        0x0 C:\Program Files\AVR Libraries\libcapi324v221.a(STEPPER_clk.o)
 .data          0x008001f8        0x0 C:\Program Files\AVR Libraries\libcapi324v221.a(STEPPER_process_accel.o)
 .data          0x008001f8        0x0 C:\Program Files\AVR Libraries\libcapi324v221.a(STEPPER_process_run_mode.o)
 .data          0x008001f8        0x0 C:\Program Files\AVR Libraries\libcapi324v221.a(STEPPER_process_step_mode.o)
 .data          0x008001f8        0x0 C:\Program Files\AVR Libraries\libcapi324v221.a(STEPPER_stop.o)
 .data          0x008001f8        0x0 C:\Program Files\AVR Libraries\libcapi324v221.a(TMRSRVC_process.o)
 .data          0x008001f8        0x0 C:\Program Files\AVR Libraries\libcapi324v221.a(TMRSRVC_stop.o)
 .data          0x008001f8        0x0 C:\Program Files\AVR Libraries\libcapi324v221.a(STEPPER_process_pwm.o)
 .data          0x008001f8        0x0 C:\WinAVR-20100110\avr\lib\avr4\libm.a(addsf3.o)
 .data          0x008001f8        0x0 C:\WinAVR-20100110\avr\lib\avr4\libm.a(addsf3x.o)
 .data          0x008001f8        0x0 C:\WinAVR-20100110\avr\lib\avr4\libm.a(cmpsf2.o)
 .data          0x008001f8        0x0 C:\WinAVR-20100110\avr\lib\avr4\libm.a(divsf3.o)
 .data          0x008001f8        0x0 C:\WinAVR-20100110\avr\lib\avr4\libm.a(divsf3x.o)
 .data          0x008001f8        0x0 C:\WinAVR-20100110\avr\lib\avr4\libm.a(fixsfsi.o)
 .data          0x008001f8        0x0 C:\WinAVR-20100110\avr\lib\avr4\libm.a(fixunssfsi.o)
 .data          0x008001f8        0x0 C:\WinAVR-20100110\avr\lib\avr4\libm.a(floatsisf.o)
 .data          0x008001f8        0x0 C:\WinAVR-20100110\avr\lib\avr4\libm.a(fp_cmp.o)
 .data          0x008001f8        0x0 C:\WinAVR-20100110\avr\lib\avr4\libm.a(fp_inf.o)
 .data          0x008001f8        0x0 C:\WinAVR-20100110\avr\lib\avr4\libm.a(fp_nan.o)
 .data          0x008001f8        0x0 C:\WinAVR-20100110\avr\lib\avr4\libm.a(fp_pscA.o)
 .data          0x008001f8        0x0 C:\WinAVR-20100110\avr\lib\avr4\libm.a(fp_pscB.o)
 .data          0x008001f8        0x0 C:\WinAVR-20100110\avr\lib\avr4\libm.a(fp_round.o)
 .data          0x008001f8        0x0 C:\WinAVR-20100110\avr\lib\avr4\libm.a(fp_split3.o)
 .data          0x008001f8        0x0 C:\WinAVR-20100110\avr\lib\avr4\libm.a(fp_zero.o)
 .data          0x008001f8        0x0 C:\WinAVR-20100110\avr\lib\avr4\libm.a(gesf2.o)
 .data          0x008001f8        0x0 C:\WinAVR-20100110\avr\lib\avr4\libm.a(lrint.o)
 .data          0x008001f8        0x0 C:\WinAVR-20100110\avr\lib\avr4\libm.a(mulsf3.o)
 .data          0x008001f8        0x0 C:\WinAVR-20100110\avr\lib\avr4\libm.a(mulsf3x.o)
 .data          0x008001f8        0x0 C:\WinAVR-20100110\avr\lib\avr4\libm.a(pow.o)
 .data          0x008001f8        0x0 C:\WinAVR-20100110\avr\lib\avr4\libm.a(exp.o)
 .data          0x008001f8        0x0 C:\WinAVR-20100110\avr\lib\avr4\libm.a(fp_powser.o)
 .data          0x008001f8        0x0 C:\WinAVR-20100110\avr\lib\avr4\libm.a(inverse.o)
 .data          0x008001f8        0x0 C:\WinAVR-20100110\avr\lib\avr4\libm.a(ldexp.o)
 .data          0x008001f8        0x0 C:\WinAVR-20100110\avr\lib\avr4\libm.a(log.o)
 .data          0x008001f8        0x0 C:\WinAVR-20100110\avr\lib\avr4\libm.a(modf.o)
 .data          0x008001f8        0x0 C:\WinAVR-20100110\avr\lib\avr4\libm.a(fp_mpack.o)
 .data          0x008001f8        0x0 C:\WinAVR-20100110\avr\lib\avr4\libprintf_flt.a(vfprintf_flt.o)
 .data          0x008001f8        0x0 c:/winavr-20100110/bin/../lib/gcc/avr/4.3.3/avr5\libgcc.a(_mulsi3.o)
 .data          0x008001f8        0x0 c:/winavr-20100110/bin/../lib/gcc/avr/4.3.3/avr5\libgcc.a(_divmodhi4.o)
 .data          0x008001f8        0x0 c:/winavr-20100110/bin/../lib/gcc/avr/4.3.3/avr5\libgcc.a(_udivmodsi4.o)
 .data          0x008001f8        0x0 c:/winavr-20100110/bin/../lib/gcc/avr/4.3.3/avr5\libgcc.a(_prologue.o)
 .data          0x008001f8        0x0 c:/winavr-20100110/bin/../lib/gcc/avr/4.3.3/avr5\libgcc.a(_epilogue.o)
 .data          0x008001f8        0x0 c:/winavr-20100110/bin/../lib/gcc/avr/4.3.3/avr5\libgcc.a(_exit.o)
 .data          0x008001f8        0x0 c:/winavr-20100110/bin/../lib/gcc/avr/4.3.3/avr5\libgcc.a(_copy_data.o)
 .data          0x008001f8        0x0 c:/winavr-20100110/bin/../lib/gcc/avr/4.3.3/avr5\libgcc.a(_clear_bss.o)
 .data          0x008001f8        0x0 c:/winavr-20100110/bin/../lib/gcc/avr/4.3.3/avr5\libgcc.a(_udivmodhi4.o)
 .data          0x008001f8        0x6 C:\WinAVR-20100110\avr\lib\avr4\libc.a(malloc.o)
                0x008001fa                __malloc_heap_start
                0x008001fc                __malloc_heap_end
                0x008001f8                __malloc_margin
 .data          0x008001fe        0x4 C:\WinAVR-20100110\avr\lib\avr4\libc.a(rand.o)
 .data          0x00800202        0x0 C:\WinAVR-20100110\avr\lib\avr4\libc.a(ftoa_engine.o)
 .data          0x00800202        0x0 C:\WinAVR-20100110\avr\lib\avr4\libc.a(strnlen_P.o)
 .data          0x00800202        0x0 C:\WinAVR-20100110\avr\lib\avr4\libc.a(strnlen.o)
 .data          0x00800202        0x0 C:\WinAVR-20100110\avr\lib\avr4\libc.a(fputc.o)
 .data          0x00800202        0x0 C:\WinAVR-20100110\avr\lib\avr4\libc.a(iob.o)
 .data          0x00800202        0x0 C:\WinAVR-20100110\avr\lib\avr4\libc.a(printf.o)
 .data          0x00800202        0x0 C:\WinAVR-20100110\avr\lib\avr4\libc.a(puts.o)
 .data          0x00800202        0x0 C:\WinAVR-20100110\avr\lib\avr4\libc.a(ultoa_invert.o)
 .data          0x00800202        0x0 c:/winavr-20100110/bin/../lib/gcc/avr/4.3.3/avr5\libgcc.a(_divmodsi4.o)
 *(.data*)
 *(.rodata)
 *(.rodata*)
 *(.gnu.linkonce.d*)
                0x00800202                . = ALIGN (0x2)
                0x00800202                _edata = .
                0x00800202                PROVIDE (__data_end, .)

.bss            0x00800202      0x2f7
                0x00800202                PROVIDE (__bss_start, .)
 *(.bss)
 .bss           0x00800202        0x0 c:/winavr-20100110/bin/../lib/gcc/avr/4.3.3/../../../../avr/lib/avr5/crtm324p.o
 .bss           0x00800202       0x18 WallFollowing.o
                0x00800212                ftIR
                0x00800202                Ierror
                0x00800216                bkIR
                0x00800206                error_old
                0x0080020a                ltIR
                0x0080020e                rtIR
 .bss           0x0080021a        0x0 CEEN_Interfaces.o
 .bss           0x0080021a        0x0 C:\Program Files\AVR Libraries\libcapi324v221.a(ADC_open.o)
 .bss           0x0080021a        0x0 C:\Program Files\AVR Libraries\libcapi324v221.a(ADC_sample.o)
 .bss           0x0080021a        0x0 C:\Program Files\AVR Libraries\libcapi324v221.a(ADC_set_channel.o)
 .bss           0x0080021a        0x0 C:\Program Files\AVR Libraries\libcapi324v221.a(ADC_set_VREF.o)
 .bss           0x0080021a        0x0 C:\Program Files\AVR Libraries\libcapi324v221.a(CBOT_main.o)
 .bss           0x0080021a        0x0 C:\Program Files\AVR Libraries\libcapi324v221.a(LCD_clear.o)
 .bss           0x0080021a        0x0 C:\Program Files\AVR Libraries\libcapi324v221.a(LCD_open.o)
 .bss           0x0080021a        0x0 C:\Program Files\AVR Libraries\libcapi324v221.a(LCD_set_backlight.o)
 .bss           0x0080021a        0x0 C:\Program Files\AVR Libraries\libcapi324v221.a(LCD_set_next_PGC.o)
 .bss           0x0080021a        0x0 C:\Program Files\AVR Libraries\libcapi324v221.a(LCD_set_PGC_addr.o)
 .bss           0x0080021a        0x0 C:\Program Files\AVR Libraries\libcapi324v221.a(LCD_write.o)
 .bss           0x0080021a        0x0 C:\Program Files\AVR Libraries\libcapi324v221.a(LED_clr_pattern.o)
 .bss           0x0080021a        0x0 C:\Program Files\AVR Libraries\libcapi324v221.a(LED_open.o)
 .bss           0x0080021a        0x0 C:\Program Files\AVR Libraries\libcapi324v221.a(LED_set_patttern.o)
 .bss           0x0080021a        0x0 C:\Program Files\AVR Libraries\libcapi324v221.a(SPI_set_slave_addr.o)
 .bss           0x0080021a        0x0 C:\Program Files\AVR Libraries\libcapi324v221.a(SPI_transmit.o)
 .bss           0x0080021a        0x0 C:\Program Files\AVR Libraries\libcapi324v221.a(SPKR_open.o)
 .bss           0x0080021a        0x0 C:\Program Files\AVR Libraries\libcapi324v221.a(STEPPER_get_nSteps.o)
 .bss           0x0080021a        0x0 C:\Program Files\AVR Libraries\libcapi324v221.a(STEPPER_globals.o)
 .bss           0x0080021a        0x0 C:\Program Files\AVR Libraries\libcapi324v221.a(STEPPER_move.o)
 .bss           0x0080021a        0x0 C:\Program Files\AVR Libraries\libcapi324v221.a(STEPPER_open.o)
 .bss           0x0080021a        0x0 C:\Program Files\AVR Libraries\libcapi324v221.a(STEPPER_run.o)
 .bss           0x0080021a        0x0 C:\Program Files\AVR Libraries\libcapi324v221.a(STEPPER_set_accel.o)
 .bss           0x0080021a        0x0 C:\Program Files\AVR Libraries\libcapi324v221.a(STEPPER_set_dir.o)
 .bss           0x0080021a        0x0 C:\Program Files\AVR Libraries\libcapi324v221.a(STEPPER_set_mode.o)
 .bss           0x0080021a        0x0 C:\Program Files\AVR Libraries\libcapi324v221.a(STEPPER_set_speed.o)
 .bss           0x0080021a        0x2 C:\Program Files\AVR Libraries\libcapi324v221.a(STEPPER_step.o)
 .bss           0x0080021c        0x0 C:\Program Files\AVR Libraries\libcapi324v221.a(STEPPER_wait_and_then.o)
 .bss           0x0080021c        0x0 C:\Program Files\AVR Libraries\libcapi324v221.a(SYS_get_state.o)
 .bss           0x0080021c        0x0 C:\Program Files\AVR Libraries\libcapi324v221.a(SYS_globals.o)
 .bss           0x0080021c        0x0 C:\Program Files\AVR Libraries\libcapi324v221.a(SYS_set_state.o)
 .bss           0x0080021c        0xe C:\Program Files\AVR Libraries\libcapi324v221.a(ATTINY_get_SW_state.o)
 .bss           0x0080022a        0x0 C:\Program Files\AVR Libraries\libcapi324v221.a(ATTINY_open.o)
 .bss           0x0080022a        0x0 C:\Program Files\AVR Libraries\libcapi324v221.a(TMRSRVC_delay.o)
 .bss           0x0080022a        0x0 C:\Program Files\AVR Libraries\libcapi324v221.a(TMRSRVC_new.o)
 .bss           0x0080022a        0x0 C:\Program Files\AVR Libraries\libcapi324v221.a(I2C_MSTR_get.o)
 .bss           0x0080022a        0x0 C:\Program Files\AVR Libraries\libcapi324v221.a(I2C_MSTR_send.o)
 .bss           0x0080022a        0x0 C:\Program Files\AVR Libraries\libcapi324v221.a(I2C_MSTR_start.o)
 .bss           0x0080022a        0x0 C:\Program Files\AVR Libraries\libcapi324v221.a(I2C_MSTR_stop.o)
 .bss           0x0080022a        0x0 C:\Program Files\AVR Libraries\libcapi324v221.a(I2C_open.o)
 .bss           0x0080022a        0x0 C:\Program Files\AVR Libraries\libcapi324v221.a(I2C_set_BRG.o)
 .bss           0x0080022a        0x0 C:\Program Files\AVR Libraries\libcapi324v221.a(__ADC_init.o)
 .bss           0x0080022a        0x0 C:\Program Files\AVR Libraries\libcapi324v221.a(CBOT_init.o)
 .bss           0x0080022a        0x0 C:\Program Files\AVR Libraries\libcapi324v221.a(CBOT_isr.o)
 .bss           0x0080022a        0x0 C:\Program Files\AVR Libraries\libcapi324v221.a(ISR_attach.o)
 .bss           0x0080022a       0x40 C:\Program Files\AVR Libraries\libcapi324v221.a(ISR_globals.o)
                0x0080022a                CBOT_ISR_vtable
 .bss           0x0080026a        0x0 C:\Program Files\AVR Libraries\libcapi324v221.a(ISR_open.o)
 .bss           0x0080026a        0x0 C:\Program Files\AVR Libraries\libcapi324v221.a(LCD_globals.o)
 .bss           0x0080026a        0x0 C:\Program Files\AVR Libraries\libcapi324v221.a(__LCD_init.o)
 .bss           0x0080026a        0x0 C:\Program Files\AVR Libraries\libcapi324v221.a(__LCD_putchar.o)
 .bss           0x0080026a        0x0 C:\Program Files\AVR Libraries\libcapi324v221.a(__LED_clr_pattern.o)
 .bss           0x0080026a        0x0 C:\Program Files\AVR Libraries\libcapi324v221.a(__LED_init.o)
 .bss           0x0080026a        0x0 C:\Program Files\AVR Libraries\libcapi324v221.a(__LED_set_pattern.o)
 .bss           0x0080026a        0x0 C:\Program Files\AVR Libraries\libcapi324v221.a(ATMEGA_open.o)
 .bss           0x0080026a        0x0 C:\Program Files\AVR Libraries\libcapi324v221.a(ATMEGA_set_clk_mode.o)
 .bss           0x0080026a       0x10 C:\Program Files\AVR Libraries\libcapi324v221.a(SPI_globals.o)
                0x0080026a                spi_config_func_LUT
 .bss           0x0080027a        0x0 C:\Program Files\AVR Libraries\libcapi324v221.a(SPI_open.o)
 .bss           0x0080027a        0x0 C:\Program Files\AVR Libraries\libcapi324v221.a(SPI_set_config_func.o)
 .bss           0x0080027a        0x0 C:\Program Files\AVR Libraries\libcapi324v221.a(ISR__SPKR__TIMER1_COMPA_vect.o)
 .bss           0x0080027a        0x0 C:\Program Files\AVR Libraries\libcapi324v221.a(SPKR_clk.o)
 .bss           0x0080027a        0x0 C:\Program Files\AVR Libraries\libcapi324v221.a(SPKR_close.o)
 .bss           0x0080027a       0x10 C:\Program Files\AVR Libraries\libcapi324v221.a(SPKR_globals.o)
                0x00800288                p_Freq_LUT
                0x0080027c                spkr_accum32
                0x00800280                spkr_freq
                0x00800286                beep_freq
                0x00800284                beep_accum16
                0x0080027b                beep_mode_active
                0x0080027a                tone_mode_active
 .bss           0x0080028a        0x0 C:\Program Files\AVR Libraries\libcapi324v221.a(__SPKR_init.o)
 .bss           0x0080028a        0x0 C:\Program Files\AVR Libraries\libcapi324v221.a(SPKR_play_beep.o)
 .bss           0x0080028a        0x0 C:\Program Files\AVR Libraries\libcapi324v221.a(__SPKR_stop.o)
 .bss           0x0080028a        0x0 C:\Program Files\AVR Libraries\libcapi324v221.a(STEPPER_go.o)
 .bss           0x0080028a        0x0 C:\Program Files\AVR Libraries\libcapi324v221.a(__STEPPER_init.o)
 .bss           0x0080028a        0x0 C:\Program Files\AVR Libraries\libcapi324v221.a(STEPPER_set_steps.o)
 .bss           0x0080028a        0x0 C:\Program Files\AVR Libraries\libcapi324v221.a(STEPPER_set_stop_mode.o)
 .bss           0x0080028a        0x0 C:\Program Files\AVR Libraries\libcapi324v221.a(STEPPER_setup_decels.o)
 .bss           0x0080028a        0x0 C:\Program Files\AVR Libraries\libcapi324v221.a(SYS_init.o)
 .bss           0x0080028a        0x0 C:\Program Files\AVR Libraries\libcapi324v221.a(ATTINY_get_sensors.o)
 .bss           0x0080028a        0x0 C:\Program Files\AVR Libraries\libcapi324v221.a(ATTINY_globals.o)
 .bss           0x0080028a        0x2 C:\Program Files\AVR Libraries\libcapi324v221.a(TMRSRVC_globals.o)
                0x0080028b                timer_run_status
                0x0080028a                timer_busy_status
 .bss           0x0080028c        0x0 C:\Program Files\AVR Libraries\libcapi324v221.a(__TMRSRVC_insert.o)
 .bss           0x0080028c        0x0 C:\Program Files\AVR Libraries\libcapi324v221.a(TMRSRVC_open.o)
 .bss           0x0080028c        0x0 C:\Program Files\AVR Libraries\libcapi324v221.a(__TMRSRVC_start.o)
 .bss           0x0080028c        0x0 C:\Program Files\AVR Libraries\libcapi324v221.a(TMRSRVC_start.o)
 .bss           0x0080028c        0x0 C:\Program Files\AVR Libraries\libcapi324v221.a(I2C_enable.o)
 .bss           0x0080028c        0x0 C:\Program Files\AVR Libraries\libcapi324v221.a(I2C_globals.o)
 .bss           0x0080028c        0x0 C:\Program Files\AVR Libraries\libcapi324v221.a(__I2C_init.o)
 .bss           0x0080028c        0x0 C:\Program Files\AVR Libraries\libcapi324v221.a(__ISR_attach.o)
 .bss           0x0080028c        0x0 C:\Program Files\AVR Libraries\libcapi324v221.a(__ATMEGA_init.o)
 .bss           0x0080028c        0x0 C:\Program Files\AVR Libraries\libcapi324v221.a(SPI_cfgrs.o)
 .bss           0x0080028c        0x0 C:\Program Files\AVR Libraries\libcapi324v221.a(__SPI_init.o)
 .bss           0x0080028c        0x0 C:\Program Files\AVR Libraries\libcapi324v221.a(SPI_receive.o)
 .bss           0x0080028c        0x0 C:\Program Files\AVR Libraries\libcapi324v221.a(SPKR_beep.o)
 .bss           0x0080028c        0x0 C:\Program Files\AVR Libraries\libcapi324v221.a(__SPKR_close.o)
 .bss           0x0080028c        0x0 C:\Program Files\AVR Libraries\libcapi324v221.a(STEPPER_set_decel_step_values.o)
 .bss           0x0080028c        0x0 C:\Program Files\AVR Libraries\libcapi324v221.a(ISR__TIMER0_COMPA_vect.o)
 .bss           0x0080028c        0x0 C:\Program Files\AVR Libraries\libcapi324v221.a(__TMRSRVC_init.o)
 .bss           0x0080028c        0x0 C:\Program Files\AVR Libraries\libcapi324v221.a(TMRSRVC_tick.o)
 .bss           0x0080028c        0x0 C:\Program Files\AVR Libraries\libcapi324v221.a(SPKR_beep_clk.o)
 .bss           0x0080028c        0x0 C:\Program Files\AVR Libraries\libcapi324v221.a(STEPPER_clk.o)
 .bss           0x0080028c        0x0 C:\Program Files\AVR Libraries\libcapi324v221.a(STEPPER_process_accel.o)
 .bss           0x0080028c        0x1 C:\Program Files\AVR Libraries\libcapi324v221.a(STEPPER_process_run_mode.o)
 .bss           0x0080028d        0x0 C:\Program Files\AVR Libraries\libcapi324v221.a(STEPPER_process_step_mode.o)
 .bss           0x0080028d        0x0 C:\Program Files\AVR Libraries\libcapi324v221.a(STEPPER_stop.o)
 .bss           0x0080028d        0x0 C:\Program Files\AVR Libraries\libcapi324v221.a(TMRSRVC_process.o)
 .bss           0x0080028d        0x0 C:\Program Files\AVR Libraries\libcapi324v221.a(TMRSRVC_stop.o)
 .bss           0x0080028d        0x4 C:\Program Files\AVR Libraries\libcapi324v221.a(STEPPER_process_pwm.o)
 .bss           0x00800291        0x0 C:\WinAVR-20100110\avr\lib\avr4\libm.a(addsf3.o)
 .bss           0x00800291        0x0 C:\WinAVR-20100110\avr\lib\avr4\libm.a(addsf3x.o)
 .bss           0x00800291        0x0 C:\WinAVR-20100110\avr\lib\avr4\libm.a(cmpsf2.o)
 .bss           0x00800291        0x0 C:\WinAVR-20100110\avr\lib\avr4\libm.a(divsf3.o)
 .bss           0x00800291        0x0 C:\WinAVR-20100110\avr\lib\avr4\libm.a(divsf3x.o)
 .bss           0x00800291        0x0 C:\WinAVR-20100110\avr\lib\avr4\libm.a(fixsfsi.o)
 .bss           0x00800291        0x0 C:\WinAVR-20100110\avr\lib\avr4\libm.a(fixunssfsi.o)
 .bss           0x00800291        0x0 C:\WinAVR-20100110\avr\lib\avr4\libm.a(floatsisf.o)
 .bss           0x00800291        0x0 C:\WinAVR-20100110\avr\lib\avr4\libm.a(fp_cmp.o)
 .bss           0x00800291        0x0 C:\WinAVR-20100110\avr\lib\avr4\libm.a(fp_inf.o)
 .bss           0x00800291        0x0 C:\WinAVR-20100110\avr\lib\avr4\libm.a(fp_nan.o)
 .bss           0x00800291        0x0 C:\WinAVR-20100110\avr\lib\avr4\libm.a(fp_pscA.o)
 .bss           0x00800291        0x0 C:\WinAVR-20100110\avr\lib\avr4\libm.a(fp_pscB.o)
 .bss           0x00800291        0x0 C:\WinAVR-20100110\avr\lib\avr4\libm.a(fp_round.o)
 .bss           0x00800291        0x0 C:\WinAVR-20100110\avr\lib\avr4\libm.a(fp_split3.o)
 .bss           0x00800291        0x0 C:\WinAVR-20100110\avr\lib\avr4\libm.a(fp_zero.o)
 .bss           0x00800291        0x0 C:\WinAVR-20100110\avr\lib\avr4\libm.a(gesf2.o)
 .bss           0x00800291        0x0 C:\WinAVR-20100110\avr\lib\avr4\libm.a(lrint.o)
 .bss           0x00800291        0x0 C:\WinAVR-20100110\avr\lib\avr4\libm.a(mulsf3.o)
 .bss           0x00800291        0x0 C:\WinAVR-20100110\avr\lib\avr4\libm.a(mulsf3x.o)
 .bss           0x00800291        0x0 C:\WinAVR-20100110\avr\lib\avr4\libm.a(pow.o)
 .bss           0x00800291        0x0 C:\WinAVR-20100110\avr\lib\avr4\libm.a(exp.o)
 .bss           0x00800291        0x0 C:\WinAVR-20100110\avr\lib\avr4\libm.a(fp_powser.o)
 .bss           0x00800291        0x0 C:\WinAVR-20100110\avr\lib\avr4\libm.a(inverse.o)
 .bss           0x00800291        0x0 C:\WinAVR-20100110\avr\lib\avr4\libm.a(ldexp.o)
 .bss           0x00800291        0x0 C:\WinAVR-20100110\avr\lib\avr4\libm.a(log.o)
 .bss           0x00800291        0x0 C:\WinAVR-20100110\avr\lib\avr4\libm.a(modf.o)
 .bss           0x00800291        0x0 C:\WinAVR-20100110\avr\lib\avr4\libm.a(fp_mpack.o)
 .bss           0x00800291        0x0 C:\WinAVR-20100110\avr\lib\avr4\libprintf_flt.a(vfprintf_flt.o)
 .bss           0x00800291        0x0 c:/winavr-20100110/bin/../lib/gcc/avr/4.3.3/avr5\libgcc.a(_mulsi3.o)
 .bss           0x00800291        0x0 c:/winavr-20100110/bin/../lib/gcc/avr/4.3.3/avr5\libgcc.a(_divmodhi4.o)
 .bss           0x00800291        0x0 c:/winavr-20100110/bin/../lib/gcc/avr/4.3.3/avr5\libgcc.a(_udivmodsi4.o)
 .bss           0x00800291        0x0 c:/winavr-20100110/bin/../lib/gcc/avr/4.3.3/avr5\libgcc.a(_prologue.o)
 .bss           0x00800291        0x0 c:/winavr-20100110/bin/../lib/gcc/avr/4.3.3/avr5\libgcc.a(_epilogue.o)
 .bss           0x00800291        0x0 c:/winavr-20100110/bin/../lib/gcc/avr/4.3.3/avr5\libgcc.a(_exit.o)
 .bss           0x00800291        0x0 c:/winavr-20100110/bin/../lib/gcc/avr/4.3.3/avr5\libgcc.a(_copy_data.o)
 .bss           0x00800291        0x0 c:/winavr-20100110/bin/../lib/gcc/avr/4.3.3/avr5\libgcc.a(_clear_bss.o)
 .bss           0x00800291        0x0 c:/winavr-20100110/bin/../lib/gcc/avr/4.3.3/avr5\libgcc.a(_udivmodhi4.o)
 .bss           0x00800291        0x0 C:\WinAVR-20100110\avr\lib\avr4\libc.a(malloc.o)
 .bss           0x00800291        0x0 C:\WinAVR-20100110\avr\lib\avr4\libc.a(rand.o)
 .bss           0x00800291        0x0 C:\WinAVR-20100110\avr\lib\avr4\libc.a(ftoa_engine.o)
 .bss           0x00800291        0x0 C:\WinAVR-20100110\avr\lib\avr4\libc.a(strnlen_P.o)
 .bss           0x00800291        0x0 C:\WinAVR-20100110\avr\lib\avr4\libc.a(strnlen.o)
 .bss           0x00800291        0x0 C:\WinAVR-20100110\avr\lib\avr4\libc.a(fputc.o)
 .bss           0x00800291        0x0 C:\WinAVR-20100110\avr\lib\avr4\libc.a(iob.o)
 .bss           0x00800291        0x0 C:\WinAVR-20100110\avr\lib\avr4\libc.a(printf.o)
 .bss           0x00800291        0x0 C:\WinAVR-20100110\avr\lib\avr4\libc.a(puts.o)
 .bss           0x00800291        0x0 C:\WinAVR-20100110\avr\lib\avr4\libc.a(ultoa_invert.o)
 .bss           0x00800291        0x0 c:/winavr-20100110/bin/../lib/gcc/avr/4.3.3/avr5\libgcc.a(_divmodsi4.o)
 *(.bss*)
 *(COMMON)
 COMMON         0x00800291      0x1e6 WallFollowing.o
                0x00800291                ltIR_old
                0x00800309                bkIR_old
                0x00800381                LCopstat
                0x00800383                ftIR_old
                0x008003fb                LEopstat
                0x008003fd                rtIR_old
                0x00800475                ATopstat
 COMMON         0x00800477       0x39 C:\Program Files\AVR Libraries\libcapi324v221.a(STEPPER_globals.o)
                0x00800477                STEPPER_params
                0x008004ae                step_done
 COMMON         0x008004b0       0x13 C:\Program Files\AVR Libraries\libcapi324v221.a(SYS_globals.o)
                0x008004b0                CBOT_system
 COMMON         0x008004c3        0x5 C:\Program Files\AVR Libraries\libcapi324v221.a(LCD_globals.o)
                0x008004c3                LCD_params
 COMMON         0x008004c8        0x1 C:\Program Files\AVR Libraries\libcapi324v221.a(SPI_globals.o)
                0x008004c8                curr_spi_addr
 COMMON         0x008004c9       0x1e C:\Program Files\AVR Libraries\libcapi324v221.a(ATTINY_globals.o)
                0x008004c9                ATTINY_params
 COMMON         0x008004e7        0x3 C:\Program Files\AVR Libraries\libcapi324v221.a(TMRSRVC_globals.o)
                0x008004e7                tmrNodes
 COMMON         0x008004ea        0x5 C:\Program Files\AVR Libraries\libcapi324v221.a(I2C_globals.o)
                0x008004ea                I2C_params
 COMMON         0x008004ef        0x4 C:\WinAVR-20100110\avr\lib\avr4\libc.a(malloc.o)
                0x008004ef                __brkval
                0x008004f1                __flp
 COMMON         0x008004f3        0x6 C:\WinAVR-20100110\avr\lib\avr4\libc.a(iob.o)
                0x008004f3                __iob
                0x008004f9                PROVIDE (__bss_end, .)
                0x000054cc                __data_load_start = LOADADDR (.data)
                0x000055ce                __data_load_end = (__data_load_start + SIZEOF (.data))

.noinit         0x008004f9        0x0
                0x008004f9                PROVIDE (__noinit_start, .)
 *(.noinit*)
                0x008004f9                PROVIDE (__noinit_end, .)
                0x008004f9                _end = .
                0x008004f9                PROVIDE (__heap_start, .)

.eeprom         0x00810000        0x0
 *(.eeprom*)
                0x00810000                __eeprom_end = .

.fuse
 *(.fuse)
 *(.lfuse)
 *(.hfuse)
 *(.efuse)

.lock
 *(.lock*)

.signature
 *(.signature*)

.stab
 *(.stab)

.stabstr
 *(.stabstr)

.stab.excl
 *(.stab.excl)

.stab.exclstr
 *(.stab.exclstr)

.stab.index
 *(.stab.index)

.stab.indexstr
 *(.stab.indexstr)

.comment
 *(.comment)

.debug
 *(.debug)

.line
 *(.line)

.debug_srcinfo
 *(.debug_srcinfo)

.debug_sfnames
 *(.debug_sfnames)

.debug_aranges  0x00000000       0x40
 *(.debug_aranges)
 .debug_aranges
                0x00000000       0x20 WallFollowing.o
 .debug_aranges
                0x00000020       0x20 CEEN_Interfaces.o

.debug_pubnames
                0x00000000      0x287
 *(.debug_pubnames)
 .debug_pubnames
                0x00000000      0x134 WallFollowing.o
 .debug_pubnames
                0x00000134      0x153 CEEN_Interfaces.o

.debug_info     0x00000000      0xe60
 *(.debug_info)
 .debug_info    0x00000000      0x6de WallFollowing.o
 .debug_info    0x000006de      0x782 CEEN_Interfaces.o
 *(.gnu.linkonce.wi.*)

.debug_abbrev   0x00000000      0x2bd
 *(.debug_abbrev)
 .debug_abbrev  0x00000000      0x1b2 WallFollowing.o
 .debug_abbrev  0x000001b2      0x10b CEEN_Interfaces.o

.debug_line     0x00000000      0xba0
 *(.debug_line)
 .debug_line    0x00000000      0x497 WallFollowing.o
 .debug_line    0x00000497      0x709 CEEN_Interfaces.o

.debug_frame    0x00000000      0x1c0
 *(.debug_frame)
 .debug_frame   0x00000000       0xa0 WallFollowing.o
 .debug_frame   0x000000a0      0x120 CEEN_Interfaces.o

.debug_str      0x00000000      0x9c8
 *(.debug_str)
 .debug_str     0x00000000      0x5f4 WallFollowing.o
                                0x638 (size before relaxing)
 .debug_str     0x000005f4      0x3d4 CEEN_Interfaces.o
                                0x73c (size before relaxing)

.debug_loc      0x00000000      0x95d
 *(.debug_loc)
 .debug_loc     0x00000000      0x28a WallFollowing.o
 .debug_loc     0x0000028a      0x6d3 CEEN_Interfaces.o

.debug_macinfo
 *(.debug_macinfo)
OUTPUT(WallFollowing.elf elf32-avr)
LOAD linker stubs
