Archive member included because of file (symbol)

C:\Program Files\AVR Libraries\libcapi324v221.a(ADC_open.o)
                              Custom_Support.o (ADC_open)
C:\Program Files\AVR Libraries\libcapi324v221.a(ADC_sample.o)
                              CEEN_Interfaces.o (ADC_sample)
C:\Program Files\AVR Libraries\libcapi324v221.a(ADC_set_channel.o)
                              CEEN_Interfaces.o (ADC_set_channel)
C:\Program Files\AVR Libraries\libcapi324v221.a(ADC_set_VREF.o)
                              CEEN_Interfaces.o (ADC_set_VREF)
C:\Program Files\AVR Libraries\libcapi324v221.a(CBOT_main.o)
                              c:/winavr-20100110/bin/../lib/gcc/avr/4.3.3/../../../../avr/lib/avr5/crtm324p.o (main)
C:\Program Files\AVR Libraries\libcapi324v221.a(LCD_clear.o)
                              CEEN_Interfaces.o (LCD_clear)
C:\Program Files\AVR Libraries\libcapi324v221.a(LCD_open.o)
                              Custom_Support.o (LCD_open)
C:\Program Files\AVR Libraries\libcapi324v221.a(LCD_set_backlight.o)
                              C:\Program Files\AVR Libraries\libcapi324v221.a(LCD_open.o) (LCD_set_backlight)
C:\Program Files\AVR Libraries\libcapi324v221.a(LCD_set_next_PGC.o)
                              Custom_Support.o (LCD_set_next_PGC)
C:\Program Files\AVR Libraries\libcapi324v221.a(LCD_set_PGC_addr.o)
                              Custom_Support.o (LCD_set_PGC_addr)
C:\Program Files\AVR Libraries\libcapi324v221.a(LCD_write.o)
                              Custom_Support.o (LCD_write)
C:\Program Files\AVR Libraries\libcapi324v221.a(LED_clr_pattern.o)
                              CEEN_Interfaces.o (LED_clr_pattern)
C:\Program Files\AVR Libraries\libcapi324v221.a(LED_open.o)
                              Custom_Support.o (LED_open)
C:\Program Files\AVR Libraries\libcapi324v221.a(LED_set_patttern.o)
                              CEEN_Interfaces.o (LED_set_pattern)
C:\Program Files\AVR Libraries\libcapi324v221.a(SPI_set_slave_addr.o)
                              C:\Program Files\AVR Libraries\libcapi324v221.a(LCD_set_backlight.o) (SPI_set_slave_addr)
C:\Program Files\AVR Libraries\libcapi324v221.a(SPI_transmit.o)
                              C:\Program Files\AVR Libraries\libcapi324v221.a(LCD_set_backlight.o) (SPI_transmit)
C:\Program Files\AVR Libraries\libcapi324v221.a(SPKR_open.o)
                              Custom_Support.o (SPKR_open)
C:\Program Files\AVR Libraries\libcapi324v221.a(STEPPER_get_nSteps.o)
                              MapMaker.o (STEPPER_get_nSteps)
C:\Program Files\AVR Libraries\libcapi324v221.a(STEPPER_globals.o)
                              C:\Program Files\AVR Libraries\libcapi324v221.a(STEPPER_get_nSteps.o) (STEPPER_params)
C:\Program Files\AVR Libraries\libcapi324v221.a(STEPPER_move.o)
                              MapMaker.o (STEPPER_move)
C:\Program Files\AVR Libraries\libcapi324v221.a(STEPPER_open.o)
                              Custom_Support.o (STEPPER_open)
C:\Program Files\AVR Libraries\libcapi324v221.a(STEPPER_run.o)
                              C:\Program Files\AVR Libraries\libcapi324v221.a(STEPPER_move.o) (STEPPER_run)
C:\Program Files\AVR Libraries\libcapi324v221.a(STEPPER_set_accel.o)
                              C:\Program Files\AVR Libraries\libcapi324v221.a(STEPPER_move.o) (STEPPER_set_accel)
C:\Program Files\AVR Libraries\libcapi324v221.a(STEPPER_set_dir.o)
                              C:\Program Files\AVR Libraries\libcapi324v221.a(STEPPER_run.o) (STEPPER_set_dir)
C:\Program Files\AVR Libraries\libcapi324v221.a(STEPPER_set_mode.o)
                              C:\Program Files\AVR Libraries\libcapi324v221.a(STEPPER_move.o) (STEPPER_set_mode)
C:\Program Files\AVR Libraries\libcapi324v221.a(STEPPER_set_speed.o)
                              C:\Program Files\AVR Libraries\libcapi324v221.a(STEPPER_run.o) (STEPPER_set_speed)
C:\Program Files\AVR Libraries\libcapi324v221.a(STEPPER_step.o)
                              C:\Program Files\AVR Libraries\libcapi324v221.a(STEPPER_move.o) (STEPPER_step)
C:\Program Files\AVR Libraries\libcapi324v221.a(STEPPER_stop.o)
                              MapMaker.o (STEPPER_stop)
C:\Program Files\AVR Libraries\libcapi324v221.a(STEPPER_wait_and_then.o)
                              C:\Program Files\AVR Libraries\libcapi324v221.a(STEPPER_move.o) (STEPPER_wait_and_then)
C:\Program Files\AVR Libraries\libcapi324v221.a(SYS_get_state.o)
                              C:\Program Files\AVR Libraries\libcapi324v221.a(ADC_open.o) (SYS_get_state)
C:\Program Files\AVR Libraries\libcapi324v221.a(SYS_globals.o)
                              C:\Program Files\AVR Libraries\libcapi324v221.a(SYS_get_state.o) (CBOT_system)
C:\Program Files\AVR Libraries\libcapi324v221.a(SYS_set_state.o)
                              C:\Program Files\AVR Libraries\libcapi324v221.a(ADC_open.o) (SYS_set_state)
C:\Program Files\AVR Libraries\libcapi324v221.a(ATTINY_get_sensors.o)
[...]
Memory Configuration

Name             Origin             Length             Attributes
text             0x00000000         0x00020000         xr
data             0x00800060         0x0000ffa0         rw !x
eeprom           0x00810000         0x00010000         rw !x
fuse             0x00820000         0x00000400         rw !x
lock             0x00830000         0x00000400         rw !x
signature        0x00840000         0x00000400         rw !x
*default*        0x00000000         0xffffffff

Linker script and memory map

Address of section .data set to 0x800100
LOAD c:/winavr-20100110/bin/../lib/gcc/avr/4.3.3/../../../../avr/lib/avr5/crtm324p.o
LOAD CEEN_Interfaces.o
LOAD MapMaker.o
LOAD Custom_Support.o
LOAD C:\Program Files\AVR Libraries\libcapi324v221.a
LOAD C:\WinAVR-20100110\avr\lib\avr4\libm.a
LOAD C:\WinAVR-20100110\avr\lib\avr4\libprintf_flt.a
LOAD c:/winavr-20100110/bin/../lib/gcc/avr/4.3.3/avr5\libgcc.a
LOAD C:\WinAVR-20100110\avr\lib\avr4\libc.a
LOAD c:/winavr-20100110/bin/../lib/gcc/avr/4.3.3/avr5\libgcc.a

.hash
 *(.hash)

.dynsym
 *(.dynsym)

.dynstr
 *(.dynstr)

.gnu.version
 *(.gnu.version)

.gnu.version_d
 *(.gnu.version_d)

.gnu.version_r
 *(.gnu.version_r)

.rel.init
 *(.rel.init)

.rela.init
 *(.rela.init)

.rel.text
 *(.rel.text)
 *(.rel.text.*)
 *(.rel.gnu.linkonce.t*)

.rela.text
 *(.rela.text)
 *(.rela.text.*)
 *(.rela.gnu.linkonce.t*)

.rel.fini
 *(.rel.fini)

.rela.fini
 *(.rela.fini)

.rel.rodata
 *(.rel.rodata)
 *(.rel.rodata.*)
 *(.rel.gnu.linkonce.r*)

.rela.rodata
 *(.rela.rodata)
 *(.rela.rodata.*)
 *(.rela.gnu.linkonce.r*)

.rel.data
 *(.rel.data)
 *(.rel.data.*)
 *(.rel.gnu.linkonce.d*)

.rela.data
 *(.rela.data)
 *(.rela.data.*)
 *(.rela.gnu.linkonce.d*)

.rel.ctors
 *(.rel.ctors)

.rela.ctors
 *(.rela.ctors)

.rel.dtors
 *(.rel.dtors)

.rela.dtors
 *(.rela.dtors)

.rel.got
 *(.rel.got)

.rela.got
 *(.rela.got)

.rel.bss
 *(.rel.bss)

.rela.bss
 *(.rela.bss)

.rel.plt
 *(.rel.plt)

.rela.plt
 *(.rela.plt)

.text           0x00000000     0x6d26
 *(.vectors)
 .vectors       0x00000000       0x7c c:/winavr-20100110/bin/../lib/gcc/avr/4.3.3/../../../../avr/lib/avr5/crtm324p.o
                0x00000000                __vectors
                0x00000000                __vector_default
 *(.vectors)
 *(.progmem.gcc*)
 .progmem.gcc_sw_table
                0x0000007c       0x26 C:\Program Files\AVR Libraries\libcapi324v221.a(SYS_get_state.o)
 .progmem.gcc_sw_table
                0x000000a2       0x26 C:\Program Files\AVR Libraries\libcapi324v221.a(SYS_set_state.o)
 .progmem.gcc_fplib
                0x000000c8       0x28 C:\WinAVR-20100110\avr\lib\avr4\libm.a(exp.o)
 .progmem.gcc_fplib
                0x000000f0       0x5a C:\WinAVR-20100110\avr\lib\avr4\libm.a(log.o)
 *(.progmem*)
 .progmem.data  0x0000014a      0x415 C:\Program Files\AVR Libraries\libcapi324v221.a(LCD_globals.o)
                0x0000014a                char_bitmap
                0x0000035f                CEENBoT_Inc_logo_bitmap
 .progmem.data  0x0000055f        0x8 C:\WinAVR-20100110\avr\lib\avr4\libprintf_flt.a(vfprintf_flt.o)
 .progmem.data  0x00000567       0xfa C:\WinAVR-20100110\avr\lib\avr4\libc.a(ftoa_engine.o)
                0x00000662                . = ALIGN (0x2)
 *fill*         0x00000661        0x1 00
                0x00000662                __trampolines_start = .
 *(.trampolines)
 .trampolines   0x00000662        0x0 linker stubs
 *(.trampolines*)
                0x00000662                __trampolines_end = .
 *(.jumptables)
 *(.jumptables*)
 *(.lowtext)
 *(.lowtext*)
                0x00000662                __ctors_start = .
 *(.ctors)
                0x00000662                __ctors_end = .
                0x00000662                __dtors_start = .
 *(.dtors)
                0x00000662                __dtors_end = .
 SORT(*)(.ctors)
 SORT(*)(.dtors)
 *(.init0)
 .init0         0x00000662        0x0 c:/winavr-20100110/bin/../lib/gcc/avr/4.3.3/../../../../avr/lib/avr5/crtm324p.o
                0x00000662                __init
 *(.init0)
 *(.init1)
 *(.init1)
 *(.init2)
 .init2         0x00000662        0xc c:/winavr-20100110/bin/../lib/gcc/avr/4.3.3/../../../../avr/lib/avr5/crtm324p.o
 *(.init2)
 *(.init3)
 *(.init3)
 *(.init4)
 .init4         0x0000066e       0x16 c:/winavr-20100110/bin/../lib/gcc/avr/4.3.3/avr5\libgcc.a(_copy_data.o)
                0x0000066e                __do_copy_data
 .init4         0x00000684       0x10 c:/winavr-20100110/bin/../lib/gcc/avr/4.3.3/avr5\libgcc.a(_clear_bss.o)
                0x00000684                __do_clear_bss
 *(.init4)
 *(.init5)
 *(.init5)
 *(.init6)
 *(.init6)
 *(.init7)
 *(.init7)
 *(.init8)
 *(.init8)
 *(.init9)
 .init9         0x00000694        0x8 c:/winavr-20100110/bin/../lib/gcc/avr/4.3.3/../../../../avr/lib/avr5/crtm324p.o
 *(.init9)
 *(.text)
 .text          0x0000069c        0x4 c:/winavr-20100110/bin/../lib/gcc/avr/4.3.3/../../../../avr/lib/avr5/crtm324p.o
                0x0000069c                __vector_22
                0x0000069c                __vector_28
                0x0000069c                __vector_1
                0x0000069c                __vector_24
                0x0000069c                __bad_interrupt
                0x0000069c                __vector_3
                0x0000069c                __vector_23
                0x0000069c                __vector_30
                0x0000069c                __vector_25
                0x0000069c                __vector_19
                0x0000069c                __vector_27
                0x0000069c                __vector_2
                0x0000069c                __vector_21
                0x0000069c                __vector_29
                0x0000069c                __vector_8
                0x0000069c                __vector_26
                0x0000069c                __vector_20
 .text          0x000006a0      0x574 CEEN_Interfaces.o
                0x00000ada                getLeftLight
                0x000006ec                read_pixel_8
                0x00000ab0                getRightLight
                0x00000b4a                WaitButton
                0x0000081c                read_pixel_4
                0x00000a6a                getLeftIR
                0x00000998                getBackIR
                0x00000738                read_pixel_7
                0x00000784                read_pixel_6
                0x00000a24                getRightIR
                0x00000900                read_pixel_1
                0x000007d0                read_pixel_5
                0x00000b04                EnterTopoCommand
                0x0000094c                get_revision
                0x00000868                read_pixel_3
                0x000009de                getFrontIR
                0x000006a0                get_ambient_temp
                0x000008b4                read_pixel_2
 .text          0x00000c14     0x1418 MapMaker.o
                0x00001824                orientationInput
                0x00001b2c                mapWorld
                0x0000112c                moveWall
                0x00001006                moveWander
                0x000016d4                moveBehavior
                0x00000d3c                moveAway
                0x00001a8e                setGateways
                0x000016f8                movesInput
                0x0000179e                worldInput
                0x00001f26                printMap
                0x000018e4                getGateways
                0x00001d44                printCell
                0x0000145e                moveWorld
                0x00000c14                checkOdometry
                0x00000c64                checkWorld
                0x00001fbe                CBOT_main
 .text          0x0000202c     0x10aa Custom_Support.o
                0x00002418                rotateCell
                0x0000202c                prefilter
                0x0000235a                pidController
                0x00002f02                checkContactIR
                0x00002f48                checkIR
                0x00002f9a                LCD_set_pixel
                0x00002442                move_arc_stnb
                0x000029a2                move_arc_stwt
                0x00002f1e                checkLightSensor
                0x0000305a                initializeRobot
 .text          0x000030d6       0x1c C:\Program Files\AVR Libraries\libcapi324v221.a(ADC_open.o)
                0x000030d6                ADC_open
 .text          0x000030f2       0x3a C:\Program Files\AVR Libraries\libcapi324v221.a(ADC_sample.o)
                0x000030f2                ADC_sample
 .text          0x0000312c       0x6e C:\Program Files\AVR Libraries\libcapi324v221.a(ADC_set_channel.o)
                0x0000312c                ADC_set_channel
 .text          0x0000319a       0x16 C:\Program Files\AVR Libraries\libcapi324v221.a(ADC_set_VREF.o)
                0x0000319a                ADC_set_VREF
 .text          0x000031b0       0x12 C:\Program Files\AVR Libraries\libcapi324v221.a(CBOT_main.o)
                0x000031b0                main
 .text          0x000031c2       0x3a C:\Program Files\AVR Libraries\libcapi324v221.a(LCD_clear.o)
                0x000031c2                LCD_clear
 .text          0x000031fc      0x102 C:\Program Files\AVR Libraries\libcapi324v221.a(LCD_open.o)
                0x000031fc                LCD_open
 .text          0x000032fe       0x42 C:\Program Files\AVR Libraries\libcapi324v221.a(LCD_set_backlight.o)
                0x000032fe                LCD_set_backlight
 .text          0x00003340        0xe C:\Program Files\AVR Libraries\libcapi324v221.a(LCD_set_next_PGC.o)
                0x00003340                LCD_set_next_PGC
 .text          0x0000334e       0x32 C:\Program Files\AVR Libraries\libcapi324v221.a(LCD_set_PGC_addr.o)
                0x0000334e                LCD_set_PGC_addr
 .text          0x00003380       0x36 C:\Program Files\AVR Libraries\libcapi324v221.a(LCD_write.o)
                0x00003380                LCD_write
 .text          0x000033b6       0x18 C:\Program Files\AVR Libraries\libcapi324v221.a(LED_clr_pattern.o)
                0x000033b6                LED_clr_pattern
 .text          0x000033ce       0x12 C:\Program Files\AVR Libraries\libcapi324v221.a(LED_open.o)
                0x000033ce                LED_open
 .text          0x000033e0       0x18 C:\Program Files\AVR Libraries\libcapi324v221.a(LED_set_patttern.o)
                0x000033e0                LED_set_pattern
 .text          0x000033f8       0xa2 C:\Program Files\AVR Libraries\libcapi324v221.a(SPI_set_slave_addr.o)
                0x000033f8                SPI_set_slave_addr
 .text          0x0000349a       0x1e C:\Program Files\AVR Libraries\libcapi324v221.a(SPI_transmit.o)
                0x0000349a                SPI_transmit
 .text          0x000034b8      0x13c C:\Program Files\AVR Libraries\libcapi324v221.a(SPKR_open.o)
                0x00003582                __SPKR_open_tone_mode
                0x000035da                SPKR_open
                0x000034b8                __SPKR_set_up_freq_LUT
                0x00003556                __SPKR_open_beep_mode
 .text          0x000035f4       0x16 C:\Program Files\AVR Libraries\libcapi324v221.a(STEPPER_get_nSteps.o)
                0x000035f4                STEPPER_get_nSteps
 .text          0x0000360a        0x0 C:\Program Files\AVR Libraries\libcapi324v221.a(STEPPER_globals.o)
 .text          0x0000360a      0x2c8 C:\Program Files\AVR Libraries\libcapi324v221.a(STEPPER_move.o)
                0x00003784                STEPPER_move
 .text          0x000038d2       0xae C:\Program Files\AVR Libraries\libcapi324v221.a(STEPPER_open.o)
                0x000038d2                STEPPER_open
 .text          0x00003980       0x2e C:\Program Files\AVR Libraries\libcapi324v221.a(STEPPER_run.o)
                0x00003980                STEPPER_run
 .text          0x000039ae       0x44 C:\Program Files\AVR Libraries\libcapi324v221.a(STEPPER_set_accel.o)
                0x000039ae                STEPPER_set_accel
 .text          0x000039f2       0x2a C:\Program Files\AVR Libraries\libcapi324v221.a(STEPPER_set_dir.o)
                0x000039f2                STEPPER_set_dir
 .text          0x00003a1c       0x2a C:\Program Files\AVR Libraries\libcapi324v221.a(STEPPER_set_mode.o)
                0x00003a1c                STEPPER_set_mode
 .text          0x00003a46       0x44 C:\Program Files\AVR Libraries\libcapi324v221.a(STEPPER_set_speed.o)
                0x00003a46                STEPPER_set_speed
 .text          0x00003a8a      0x118 C:\Program Files\AVR Libraries\libcapi324v221.a(STEPPER_step.o)
                0x00003a8a                STEPPER_step
 .text          0x00003ba2       0x4a C:\Program Files\AVR Libraries\libcapi324v221.a(STEPPER_stop.o)
                0x00003ba2                STEPPER_stop
 .text          0x00003bec       0x9c C:\Program Files\AVR Libraries\libcapi324v221.a(STEPPER_wait_and_then.o)
                0x00003bec                STEPPER_wait_and_then
 .text          0x00003c88       0x90 C:\Program Files\AVR Libraries\libcapi324v221.a(SYS_get_state.o)
                0x00003c88                SYS_get_state
 .text          0x00003d18        0x0 C:\Program Files\AVR Libraries\libcapi324v221.a(SYS_globals.o)
 .text          0x00003d18       0x8e C:\Program Files\AVR Libraries\libcapi324v221.a(SYS_set_state.o)
                0x00003d18                SYS_set_state
 .text          0x00003da6       0x62 C:\Program Files\AVR Libraries\libcapi324v221.a(ATTINY_get_sensors.o)
                0x00003da6                ATTINY_get_sensors
 .text          0x00003e08       0x9c C:\Program Files\AVR Libraries\libcapi324v221.a(ATTINY_get_SW_state.o)
                0x00003e08                ATTINY_get_SW_state
 .text          0x00003ea4       0x9e C:\Program Files\AVR Libraries\libcapi324v221.a(ATTINY_open.o)
                0x00003ea4                ATTINY_open
 .text          0x00003f42       0x42 C:\Program Files\AVR Libraries\libcapi324v221.a(TMRSRVC_delay.o)
                0x00003f42                TMRSRVC_delay
 .text          0x00003f84       0x7c C:\Program Files\AVR Libraries\libcapi324v221.a(TMRSRVC_new.o)
                0x00003f84                TMRSRVC_new
 .text          0x00004000       0x58 C:\Program Files\AVR Libraries\libcapi324v221.a(I2C_MSTR_get.o)
                0x00004000                I2C_MSTR_get
 .text          0x00004058       0x4c C:\Program Files\AVR Libraries\libcapi324v221.a(I2C_MSTR_send.o)
                0x00004058                I2C_MSTR_send
 .text          0x000040a4       0x8c C:\Program Files\AVR Libraries\libcapi324v221.a(I2C_MSTR_start.o)
                0x000040a4                I2C_MSTR_start
 .text          0x00004130       0x28 C:\Program Files\AVR Libraries\libcapi324v221.a(I2C_MSTR_stop.o)
                0x00004130                I2C_MSTR_stop
 .text          0x00004158       0x3c C:\Program Files\AVR Libraries\libcapi324v221.a(I2C_open.o)
                0x00004158                I2C_open
 .text          0x00004194       0x12 C:\Program Files\AVR Libraries\libcapi324v221.a(I2C_set_BRG.o)
                0x00004194                I2C_set_BRG
 .text          0x000041a6       0x16 C:\Program Files\AVR Libraries\libcapi324v221.a(__ADC_init.o)
                0x000041a6                __ADC_init
 .text          0x000041bc       0x1c C:\Program Files\AVR Libraries\libcapi324v221.a(CBOT_init.o)
                0x000041bc                CBOT_init
 .text          0x000041d8      0x480 C:\Program Files\AVR Libraries\libcapi324v221.a(CBOT_isr.o)
                0x0000446c                __vector_12
                0x000045b4                __vector_6
                0x00004376                __vector_11
                0x000043c8                __vector_13
                0x0000422e                __vector_17
                0x00004606                __vector_7
                0x00004562                __vector_5
                0x00004510                __vector_4
                0x000042d2                __vector_9
                0x000044be                __vector_15
                0x000041d8                CBOT_ISR_init
                0x0000441a                __vector_14
                0x00004324                __vector_10
                0x000041dc                __vector_16
                0x00004280                __vector_18
 .text          0x00004658       0x28 C:\Program Files\AVR Libraries\libcapi324v221.a(ISR_attach.o)
                0x00004658                ISR_attach
 .text          0x00004680        0x0 C:\Program Files\AVR Libraries\libcapi324v221.a(ISR_globals.o)
 .text          0x00004680       0x28 C:\Program Files\AVR Libraries\libcapi324v221.a(ISR_open.o)
                0x00004680                ISR_open
 .text          0x000046a8        0x0 C:\Program Files\AVR Libraries\libcapi324v221.a(LCD_globals.o)
 .text          0x000046a8        0x4 C:\Program Files\AVR Libraries\libcapi324v221.a(__LCD_init.o)
                0x000046a8                __LCD_init
 .text          0x000046ac      0x15a C:\Program Files\AVR Libraries\libcapi324v221.a(__LCD_putchar.o)
                0x000046ac                __LCD_putchar
 .text          0x00004806        0xa C:\Program Files\AVR Libraries\libcapi324v221.a(__LED_clr_pattern.o)
                0x00004806                __LED_clr_pattern
 .text          0x00004810        0x6 C:\Program Files\AVR Libraries\libcapi324v221.a(__LED_init.o)
                0x00004810                __LED_init
 .text          0x00004816        0xa C:\Program Files\AVR Libraries\libcapi324v221.a(__LED_set_pattern.o)
                0x00004816                __LED_set_pattern
 .text          0x00004820       0x24 C:\Program Files\AVR Libraries\libcapi324v221.a(ATMEGA_open.o)
                0x00004820                ATMEGA_open
 .text          0x00004844       0xa6 C:\Program Files\AVR Libraries\libcapi324v221.a(ATMEGA_set_clk_mode.o)
                0x00004844                ATMEGA_set_clk_mode
 .text          0x000048ea        0x0 C:\Program Files\AVR Libraries\libcapi324v221.a(SPI_globals.o)
 .text          0x000048ea       0x72 C:\Program Files\AVR Libraries\libcapi324v221.a(SPI_open.o)
                0x000048ea                SPI_open
 .text          0x0000495c       0x24 C:\Program Files\AVR Libraries\libcapi324v221.a(SPI_receive.o)
                0x0000495c                SPI_receive
 .text          0x00004980       0x12 C:\Program Files\AVR Libraries\libcapi324v221.a(SPI_set_config_func.o)
                0x00004980                SPI_set_config_func
 .text          0x00004992        0x6 C:\Program Files\AVR Libraries\libcapi324v221.a(ISR__SPKR__TIMER1_COMPA_vect.o)
                0x00004992                __SPKR_TIMER1_COMPA_vect
 .text          0x00004998       0x82 C:\Program Files\AVR Libraries\libcapi324v221.a(SPKR_clk.o)
                0x00004998                SPKR_clk
 .text          0x00004a1a       0x72 C:\Program Files\AVR Libraries\libcapi324v221.a(SPKR_close.o)
                0x00004a78                SPKR_close
                0x00004a36                __SPKR_close_tone_mode
                0x00004a1a                __SPKR_close_beep_mode
 .text          0x00004a8c        0x0 C:\Program Files\AVR Libraries\libcapi324v221.a(SPKR_globals.o)
 .text          0x00004a8c       0x54 C:\Program Files\AVR Libraries\libcapi324v221.a(__SPKR_init.o)
                0x00004a8c                __SPKR_init
 .text          0x00004ae0       0x9a C:\Program Files\AVR Libraries\libcapi324v221.a(SPKR_play_beep.o)
                0x00004ae0                SPKR_play_beep
 .text          0x00004b7a        0xc C:\Program Files\AVR Libraries\libcapi324v221.a(__SPKR_stop.o)
                0x00004b7a                __SPKR_stop
 .text          0x00004b86       0x2a C:\Program Files\AVR Libraries\libcapi324v221.a(STEPPER_go.o)
                0x00004b86                STEPPER_go
 .text          0x00004bb0       0x14 C:\Program Files\AVR Libraries\libcapi324v221.a(__STEPPER_init.o)
                0x00004bb0                __STEPPER_init
 .text          0x00004bc4       0x36 C:\Program Files\AVR Libraries\libcapi324v221.a(STEPPER_set_steps.o)
                0x00004bc4                STEPPER_set_steps
 .text          0x00004bfa       0x2a C:\Program Files\AVR Libraries\libcapi324v221.a(STEPPER_set_stop_mode.o)
                0x00004bfa                STEPPER_set_stop_mode
 .text          0x00004c24       0x7a C:\Program Files\AVR Libraries\libcapi324v221.a(STEPPER_setup_decels.o)
                0x00004c24                STEPPER_setup_decels
 .text          0x00004c9e       0x46 C:\Program Files\AVR Libraries\libcapi324v221.a(SYS_init.o)
                0x00004c9e                SYS_init
 .text          0x00004ce4        0x0 C:\Program Files\AVR Libraries\libcapi324v221.a(ATTINY_globals.o)
 .text          0x00004ce4        0x0 C:\Program Files\AVR Libraries\libcapi324v221.a(TMRSRVC_globals.o)
 .text          0x00004ce4       0xd2 C:\Program Files\AVR Libraries\libcapi324v221.a(__TMRSRVC_insert.o)
                0x00004ce4                TMRSRVC_insert
 .text          0x00004db6       0x3e C:\Program Files\AVR Libraries\libcapi324v221.a(TMRSRVC_open.o)
                0x00004db6                TMRSRVC_open
 .text          0x00004df4        0xc C:\Program Files\AVR Libraries\libcapi324v221.a(__TMRSRVC_start.o)
                0x00004df4                __TMRSRVC_start
 .text          0x00004e00        0x8 C:\Program Files\AVR Libraries\libcapi324v221.a(TMRSRVC_start.o)
                0x00004e00                TMRSRVC_start
 .text          0x00004e08       0x14 C:\Program Files\AVR Libraries\libcapi324v221.a(I2C_enable.o)
                0x00004e08                I2C_enable
 .text          0x00004e1c        0x0 C:\Program Files\AVR Libraries\libcapi324v221.a(I2C_globals.o)
 .text          0x00004e1c        0x6 C:\Program Files\AVR Libraries\libcapi324v221.a(__I2C_init.o)
                0x00004e1c                __I2C_init
 .text          0x00004e22       0x22 C:\Program Files\AVR Libraries\libcapi324v221.a(__ISR_attach.o)
                0x00004e22                __ISR_attach
 .text          0x00004e44        0x6 C:\Program Files\AVR Libraries\libcapi324v221.a(__ATMEGA_init.o)
                0x00004e44                __ATMEGA_init
 .text          0x00004e4a       0x52 C:\Program Files\AVR Libraries\libcapi324v221.a(SPI_cfgrs.o)
                0x00004e5a                SPI_ATtiny0_config
                0x00004e8a                SPI_FLASH_config
                0x00004e4a                SPI_default_config
                0x00004e7a                SPI_LCD_config
                0x00004e6a                SPI_PSXC_config
 .text          0x00004e9c        0xe C:\Program Files\AVR Libraries\libcapi324v221.a(__SPI_init.o)
                0x00004e9c                __SPI_init
 .text          0x00004eaa       0x2e C:\Program Files\AVR Libraries\libcapi324v221.a(SPKR_beep.o)
                0x00004eaa                SPKR_beep
 .text          0x00004ed8       0x38 C:\Program Files\AVR Libraries\libcapi324v221.a(__SPKR_close.o)
                0x00004ed8                __SPKR_close
 .text          0x00004f10       0xda C:\Program Files\AVR Libraries\libcapi324v221.a(STEPPER_set_decel_step_values.o)
                0x00004f10                STEPPER_set_decel_step_values
 .text          0x00004fea        0xe C:\Program Files\AVR Libraries\libcapi324v221.a(ISR__TIMER0_COMPA_vect.o)
                0x00004fea                __TIMER0_COMPA_vect
 .text          0x00004ff8       0x12 C:\Program Files\AVR Libraries\libcapi324v221.a(__TMRSRVC_init.o)
                0x00004ff8                __TMRSRVC_init
 .text          0x0000500a       0x32 C:\Program Files\AVR Libraries\libcapi324v221.a(TMRSRVC_tick.o)
                0x0000500a                TMRSRVC_tick
 .text          0x0000503c       0x4e C:\Program Files\AVR Libraries\libcapi324v221.a(SPKR_beep_clk.o)
                0x0000503c                SPKR_beep_clk
 .text          0x0000508a      0x162 C:\Program Files\AVR Libraries\libcapi324v221.a(STEPPER_clk.o)
                0x0000508a                STEPPER_clk
 .text          0x000051ec       0x8a C:\Program Files\AVR Libraries\libcapi324v221.a(STEPPER_process_accel.o)
                0x000051ec                STEPPER_process_accel
 .text          0x00005276      0x206 C:\Program Files\AVR Libraries\libcapi324v221.a(STEPPER_process_run_mode.o)
                0x00005276                STEPPER_process_run_mode
 .text          0x0000547c       0xa8 C:\Program Files\AVR Libraries\libcapi324v221.a(STEPPER_process_step_mode.o)
                0x0000547c                STEPPER_process_step_mode
 .text          0x00005524       0xd6 C:\Program Files\AVR Libraries\libcapi324v221.a(TMRSRVC_process.o)
                0x00005524                TMRSRVC_process
 .text          0x000055fa        0x6 C:\Program Files\AVR Libraries\libcapi324v221.a(TMRSRVC_stop.o)
                0x000055fa                TMRSRVC_stop
 .text          0x00005600      0x130 C:\Program Files\AVR Libraries\libcapi324v221.a(STEPPER_process_pwm.o)
                0x00005600                STEPPER_process_pwm
 .text          0x00005730        0x0 C:\WinAVR-20100110\avr\lib\avr4\libm.a(addsf3.o)
 .text          0x00005730        0x0 C:\WinAVR-20100110\avr\lib\avr4\libm.a(addsf3x.o)
 .text          0x00005730        0x0 C:\WinAVR-20100110\avr\lib\avr4\libm.a(cmpsf2.o)
 .text          0x00005730        0x0 C:\WinAVR-20100110\avr\lib\avr4\libm.a(divsf3.o)
 .text          0x00005730        0x0 C:\WinAVR-20100110\avr\lib\avr4\libm.a(divsf3x.o)
 .text          0x00005730        0x0 C:\WinAVR-20100110\avr\lib\avr4\libm.a(fixsfsi.o)
 .text          0x00005730        0x0 C:\WinAVR-20100110\avr\lib\avr4\libm.a(fixunssfsi.o)
 .text          0x00005730        0x0 C:\WinAVR-20100110\avr\lib\avr4\libm.a(floatsisf.o)
 .text          0x00005730        0x0 C:\WinAVR-20100110\avr\lib\avr4\libm.a(fp_cmp.o)
 .text          0x00005730        0x0 C:\WinAVR-20100110\avr\lib\avr4\libm.a(fp_inf.o)
 .text          0x00005730        0x0 C:\WinAVR-20100110\avr\lib\avr4\libm.a(fp_nan.o)
 .text          0x00005730        0x0 C:\WinAVR-20100110\avr\lib\avr4\libm.a(fp_pscA.o)
 .text          0x00005730        0x0 C:\WinAVR-20100110\avr\lib\avr4\libm.a(fp_pscB.o)
 .text          0x00005730        0x0 C:\WinAVR-20100110\avr\lib\avr4\libm.a(fp_round.o)
 .text          0x00005730        0x0 C:\WinAVR-20100110\avr\lib\avr4\libm.a(fp_split3.o)
 .text          0x00005730        0x0 C:\WinAVR-20100110\avr\lib\avr4\libm.a(fp_zero.o)
 .text          0x00005730        0x0 C:\WinAVR-20100110\avr\lib\avr4\libm.a(gesf2.o)
 .text          0x00005730        0x0 C:\WinAVR-20100110\avr\lib\avr4\libm.a(lrint.o)
 .text          0x00005730        0x0 C:\WinAVR-20100110\avr\lib\avr4\libm.a(mulsf3.o)
 .text          0x00005730        0x0 C:\WinAVR-20100110\avr\lib\avr4\libm.a(mulsf3x.o)
 .text          0x00005730        0x0 C:\WinAVR-20100110\avr\lib\avr4\libm.a(pow.o)
 .text          0x00005730        0x0 C:\WinAVR-20100110\avr\lib\avr4\libm.a(exp.o)
 .text          0x00005730        0x0 C:\WinAVR-20100110\avr\lib\avr4\libm.a(fp_powser.o)
 .text          0x00005730        0x0 C:\WinAVR-20100110\avr\lib\avr4\libm.a(inverse.o)
 .text          0x00005730        0x0 C:\WinAVR-20100110\avr\lib\avr4\libm.a(ldexp.o)
 .text          0x00005730        0x0 C:\WinAVR-20100110\avr\lib\avr4\libm.a(log.o)
 .text          0x00005730        0x0 C:\WinAVR-20100110\avr\lib\avr4\libm.a(modf.o)
 .text          0x00005730        0x0 C:\WinAVR-20100110\avr\lib\avr4\libm.a(fp_mpack.o)
 .text          0x00005730        0x0 C:\WinAVR-20100110\avr\lib\avr4\libprintf_flt.a(vfprintf_flt.o)
 .text          0x00005730        0x0 c:/winavr-20100110/bin/../lib/gcc/avr/4.3.3/avr5\libgcc.a(_mulsi3.o)
 .text          0x00005730        0x0 c:/winavr-20100110/bin/../lib/gcc/avr/4.3.3/avr5\libgcc.a(_divmodhi4.o)
 .text          0x00005730        0x0 c:/winavr-20100110/bin/../lib/gcc/avr/4.3.3/avr5\libgcc.a(_udivmodsi4.o)
 .text          0x00005730        0x0 c:/winavr-20100110/bin/../lib/gcc/avr/4.3.3/avr5\libgcc.a(_prologue.o)
 .text          0x00005730        0x0 c:/winavr-20100110/bin/../lib/gcc/avr/4.3.3/avr5\libgcc.a(_epilogue.o)
 .text          0x00005730        0x0 c:/winavr-20100110/bin/../lib/gcc/avr/4.3.3/avr5\libgcc.a(_exit.o)
 .text          0x00005730        0x0 c:/winavr-20100110/bin/../lib/gcc/avr/4.3.3/avr5\libgcc.a(_copy_data.o)
 .text          0x00005730        0x0 c:/winavr-20100110/bin/../lib/gcc/avr/4.3.3/avr5\libgcc.a(_clear_bss.o)
 .text          0x00005730        0x0 c:/winavr-20100110/bin/../lib/gcc/avr/4.3.3/avr5\libgcc.a(_udivmodhi4.o)
 .text          0x00005730        0x0 C:\WinAVR-20100110\avr\lib\avr4\libc.a(malloc.o)
 .text          0x00005730        0x0 C:\WinAVR-20100110\avr\lib\avr4\libc.a(rand.o)
 .text          0x00005730        0x0 C:\WinAVR-20100110\avr\lib\avr4\libc.a(ftoa_engine.o)
 .text          0x00005730        0x0 C:\WinAVR-20100110\avr\lib\avr4\libc.a(strnlen_P.o)
 .text          0x00005730        0x0 C:\WinAVR-20100110\avr\lib\avr4\libc.a(strnlen.o)
 .text          0x00005730        0x0 C:\WinAVR-20100110\avr\lib\avr4\libc.a(fputc.o)
 .text          0x00005730        0x0 C:\WinAVR-20100110\avr\lib\avr4\libc.a(iob.o)
 .text          0x00005730        0x0 C:\WinAVR-20100110\avr\lib\avr4\libc.a(printf.o)
 .text          0x00005730        0x0 C:\WinAVR-20100110\avr\lib\avr4\libc.a(puts.o)
 .text          0x00005730        0x0 C:\WinAVR-20100110\avr\lib\avr4\libc.a(ultoa_invert.o)
 .text          0x00005730        0x0 c:/winavr-20100110/bin/../lib/gcc/avr/4.3.3/avr5\libgcc.a(_divmodsi4.o)
                0x00005730                . = ALIGN (0x2)
 *(.text.*)
 .text.avr-libc.fplib
                0x00005730        0xa C:\WinAVR-20100110\avr\lib\avr4\libm.a(addsf3.o)
                0x00005730                __subsf3
                0x00005732                __addsf3
 .text.avr-libc.fplib
                0x0000573a       0xc0 C:\WinAVR-20100110\avr\lib\avr4\libm.a(addsf3x.o)
                0x00005754                __addsf3x
 .text.avr-libc.fplib
                0x000057fa        0x8 C:\WinAVR-20100110\avr\lib\avr4\libm.a(cmpsf2.o)
                0x000057fa                __lesf2
                0x000057fa                __nesf2
                0x000057fa                __eqsf2
                0x000057fa                __cmpsf2
                0x000057fa                __ltsf2
 .text.avr-libc.fplib
                0x00005802        0x4 C:\WinAVR-20100110\avr\lib\avr4\libm.a(divsf3.o)
                0x00005802                __divsf3
 .text.avr-libc.fplib
                0x00005806       0xcc C:\WinAVR-20100110\avr\lib\avr4\libm.a(divsf3x.o)
                0x0000581c                __divsf3x
                0x00005820                __divsf3_pse
 .text.avr-libc.fplib
                0x000058d2        0xa C:\WinAVR-20100110\avr\lib\avr4\libm.a(fixsfsi.o)
                0x000058d2                __fixsfsi
 .text.avr-libc.fplib
                0x000058dc       0x58 C:\WinAVR-20100110\avr\lib\avr4\libm.a(fixunssfsi.o)
                0x000058dc                __fixunssfsi
 .text.avr-libc.fplib
                0x00005934       0x7a C:\WinAVR-20100110\avr\lib\avr4\libm.a(floatsisf.o)
                0x00005938                __floatsisf
                0x00005934                __floatunsisf
 .text.avr-libc.fplib
                0x000059ae       0x48 C:\WinAVR-20100110\avr\lib\avr4\libm.a(fp_cmp.o)
                0x000059ae                __fp_cmp
 .text.avr-libc.fplib
                0x000059f6        0xc C:\WinAVR-20100110\avr\lib\avr4\libm.a(fp_inf.o)
                0x000059f6                __fp_inf
 .text.avr-libc.fplib
                0x00005a02        0x6 C:\WinAVR-20100110\avr\lib\avr4\libm.a(fp_nan.o)
                0x00005a02                __fp_nan
 .text.avr-libc.fplib
                0x00005a08        0xe C:\WinAVR-20100110\avr\lib\avr4\libm.a(fp_pscA.o)
                0x00005a08                __fp_pscA
 .text.avr-libc.fplib
                0x00005a16        0xe C:\WinAVR-20100110\avr\lib\avr4\libm.a(fp_pscB.o)
                0x00005a16                __fp_pscB
 .text.avr-libc.fplib
                0x00005a24       0x22 C:\WinAVR-20100110\avr\lib\avr4\libm.a(fp_round.o)
                0x00005a24                __fp_round
 .text.avr-libc.fplib
                0x00005a46       0x44 C:\WinAVR-20100110\avr\lib\avr4\libm.a(fp_split3.o)
                0x00005a46                __fp_split3
                0x00005a56                __fp_splitA
 .text.avr-libc.fplib
                0x00005a8a        0xe C:\WinAVR-20100110\avr\lib\avr4\libm.a(fp_zero.o)
                0x00005a8a                __fp_zero
                0x00005a8c                __fp_szero
 .text.avr-libc.fplib
                0x00005a98        0x8 C:\WinAVR-20100110\avr\lib\avr4\libm.a(gesf2.o)
                0x00005a98                __gtsf2
                0x00005a98                __gesf2
 .text.avr-libc.fplib
                0x00005aa0       0x74 C:\WinAVR-20100110\avr\lib\avr4\libm.a(lrint.o)
                0x00005aa0                lrint
 .text.avr-libc.fplib
                0x00005b14        0x4 C:\WinAVR-20100110\avr\lib\avr4\libm.a(mulsf3.o)
                0x00005b14                __mulsf3
 .text.avr-libc.fplib
                0x00005b18       0xc2 C:\WinAVR-20100110\avr\lib\avr4\libm.a(mulsf3x.o)
                0x00005b30                __mulsf3_pse
                0x00005b2c                __mulsf3x
 .text.avr-libc.fplib
                0x00005bda       0x98 C:\WinAVR-20100110\avr\lib\avr4\libm.a(pow.o)
                0x00005bda                pow
 .text.avr-libc.fplib
                0x00005c72       0x62 C:\WinAVR-20100110\avr\lib\avr4\libm.a(exp.o)
                0x00005c7c                exp
 .text.avr-libc.fplib
                0x00005cd4       0x4a C:\WinAVR-20100110\avr\lib\avr4\libm.a(fp_powser.o)
                0x00005cd4                __fp_powser
 .text.avr-libc.fplib
                0x00005d1e        0xe C:\WinAVR-20100110\avr\lib\avr4\libm.a(inverse.o)
                0x00005d1e                inverse
 .text.avr-libc.fplib
                0x00005d2c       0x6c C:\WinAVR-20100110\avr\lib\avr4\libm.a(ldexp.o)
                0x00005d30                ldexp
 .text.avr-libc.fplib
                0x00005d98       0x8a C:\WinAVR-20100110\avr\lib\avr4\libm.a(log.o)
                0x00005da2                log
 .text.avr-libc.fplib
                0x00005e22       0x66 C:\WinAVR-20100110\avr\lib\avr4\libm.a(modf.o)
                0x00005e22                modff
                0x00005e22                modf
 .text.avr-libc.fplib
                0x00005e88       0x1c C:\WinAVR-20100110\avr\lib\avr4\libm.a(fp_mpack.o)
                0x00005e8c                __fp_mpack_finite
                0x00005e88                __fp_mpack
 .text.avr-libc
                0x00005ea4      0x6d0 C:\WinAVR-20100110\avr\lib\avr4\libprintf_flt.a(vfprintf_flt.o)
                0x00005ea4                vfprintf
 .text.libgcc   0x00006574       0x3e c:/winavr-20100110/bin/../lib/gcc/avr/4.3.3/avr5\libgcc.a(_mulsi3.o)
                0x00006574                __mulsi3
 .text.libgcc   0x000065b2       0x26 c:/winavr-20100110/bin/../lib/gcc/avr/4.3.3/avr5\libgcc.a(_divmodhi4.o)
                0x000065b2                __divmodhi4
                0x000065b2                _div
 .text.libgcc   0x000065d8       0x44 c:/winavr-20100110/bin/../lib/gcc/avr/4.3.3/avr5\libgcc.a(_udivmodsi4.o)
                0x000065d8                __udivmodsi4
 .text.libgcc   0x0000661c       0x38 c:/winavr-20100110/bin/../lib/gcc/avr/4.3.3/avr5\libgcc.a(_prologue.o)
                0x0000661c                __prologue_saves__
 .text.libgcc   0x00006654       0x36 c:/winavr-20100110/bin/../lib/gcc/avr/4.3.3/avr5\libgcc.a(_epilogue.o)
                0x00006654                __epilogue_restores__
 .text.libgcc   0x0000668a        0x0 c:/winavr-20100110/bin/../lib/gcc/avr/4.3.3/avr5\libgcc.a(_exit.o)
 .text.libgcc   0x0000668a        0x0 c:/winavr-20100110/bin/../lib/gcc/avr/4.3.3/avr5\libgcc.a(_copy_data.o)
 .text.libgcc   0x0000668a        0x0 c:/winavr-20100110/bin/../lib/gcc/avr/4.3.3/avr5\libgcc.a(_clear_bss.o)
 .text.libgcc   0x0000668a       0x28 c:/winavr-20100110/bin/../lib/gcc/avr/4.3.3/avr5\libgcc.a(_udivmodhi4.o)
                0x0000668a                __udivmodhi4
 .text.avr-libc
                0x000066b2      0x20a C:\WinAVR-20100110\avr\lib\avr4\libc.a(malloc.o)
                0x000066b2                malloc
                0x0000680c                free
 .text.avr-libc
                0x000068bc       0xb2 C:\WinAVR-20100110\avr\lib\avr4\libc.a(rand.o)
                0x0000694c                rand_r
                0x00006950                rand
                0x00006958                srand
 .text.avr-libc
                0x0000696e      0x1b0 C:\WinAVR-20100110\avr\lib\avr4\libc.a(ftoa_engine.o)
                0x0000696e                __ftoa_engine
 .text.avr-libc
                0x00006b1e       0x16 C:\WinAVR-20100110\avr\lib\avr4\libc.a(strnlen_P.o)
                0x00006b1e                strnlen_P
 .text.avr-libc
                0x00006b34       0x16 C:\WinAVR-20100110\avr\lib\avr4\libc.a(strnlen.o)
                0x00006b34                strnlen
 .text.avr-libc
                0x00006b4a       0x58 C:\WinAVR-20100110\avr\lib\avr4\libc.a(fputc.o)
                0x00006b4a                fputc
 .text.avr-libc
                0x00006ba2       0x24 C:\WinAVR-20100110\avr\lib\avr4\libc.a(printf.o)
                0x00006ba2                printf
 .text.avr-libc
                0x00006bc6       0x6a C:\WinAVR-20100110\avr\lib\avr4\libc.a(puts.o)
                0x00006bc6                puts
 .text.avr-libc
                0x00006c30       0xbc C:\WinAVR-20100110\avr\lib\avr4\libc.a(ultoa_invert.o)
                0x00006c30                __ultoa_invert
 .text.libgcc   0x00006cec       0x36 c:/winavr-20100110/bin/../lib/gcc/avr/4.3.3/avr5\libgcc.a(_divmodsi4.o)
                0x00006cec                __divmodsi4
                0x00006d22                . = ALIGN (0x2)
 *(.fini9)
 .fini9         0x00006d22        0x0 c:/winavr-20100110/bin/../lib/gcc/avr/4.3.3/avr5\libgcc.a(_exit.o)
                0x00006d22                exit
                0x00006d22                _exit
 *(.fini9)
 *(.fini8)
 *(.fini8)
 *(.fini7)
 *(.fini7)
 *(.fini6)
 *(.fini6)
 *(.fini5)
 *(.fini5)
 *(.fini4)
 *(.fini4)
 *(.fini3)
 *(.fini3)
 *(.fini2)
 *(.fini2)
 *(.fini1)
 *(.fini1)
 *(.fini0)
 .fini0         0x00006d22        0x4 c:/winavr-20100110/bin/../lib/gcc/avr/4.3.3/avr5\libgcc.a(_exit.o)
 *(.fini0)
                0x00006d26                _etext = .

.data           0x00800100      0x296 load address 0x00006d26
                0x00800100                PROVIDE (__data_start, .)
 *(.data)
 .data          0x00800100        0x0 c:/winavr-20100110/bin/../lib/gcc/avr/4.3.3/../../../../avr/lib/avr5/crtm324p.o
 .data          0x00800100       0x24 CEEN_Interfaces.o
 .data          0x00800124      0x1f3 MapMaker.o
 .data          0x00800317       0x20 Custom_Support.o
 .data          0x00800337        0x0 C:\Program Files\AVR Libraries\libcapi324v221.a(ADC_open.o)
 .data          0x00800337        0x0 C:\Program Files\AVR Libraries\libcapi324v221.a(ADC_sample.o)
 .data          0x00800337        0x1 C:\Program Files\AVR Libraries\libcapi324v221.a(ADC_set_channel.o)
 .data          0x00800338        0x0 C:\Program Files\AVR Libraries\libcapi324v221.a(ADC_set_VREF.o)
 .data          0x00800338        0x0 C:\Program Files\AVR Libraries\libcapi324v221.a(CBOT_main.o)
 .data          0x00800338        0x0 C:\Program Files\AVR Libraries\libcapi324v221.a(LCD_clear.o)
 .data          0x00800338        0x0 C:\Program Files\AVR Libraries\libcapi324v221.a(LCD_open.o)
 .data          0x00800338        0x0 C:\Program Files\AVR Libraries\libcapi324v221.a(LCD_set_backlight.o)
 .data          0x00800338        0x0 C:\Program Files\AVR Libraries\libcapi324v221.a(LCD_set_next_PGC.o)
 .data          0x00800338        0x0 C:\Program Files\AVR Libraries\libcapi324v221.a(LCD_set_PGC_addr.o)
 .data          0x00800338        0x0 C:\Program Files\AVR Libraries\libcapi324v221.a(LCD_write.o)
 .data          0x00800338        0x0 C:\Program Files\AVR Libraries\libcapi324v221.a(LED_clr_pattern.o)
 .data          0x00800338        0x0 C:\Program Files\AVR Libraries\libcapi324v221.a(LED_open.o)
 .data          0x00800338        0x0 C:\Program Files\AVR Libraries\libcapi324v221.a(LED_set_patttern.o)
 .data          0x00800338        0x0 C:\Program Files\AVR Libraries\libcapi324v221.a(SPI_set_slave_addr.o)
 .data          0x00800338        0x0 C:\Program Files\AVR Libraries\libcapi324v221.a(SPI_transmit.o)
 .data          0x00800338        0x0 C:\Program Files\AVR Libraries\libcapi324v221.a(SPKR_open.o)
 .data          0x00800338        0x0 C:\Program Files\AVR Libraries\libcapi324v221.a(STEPPER_get_nSteps.o)
 .data          0x00800338        0x8 C:\Program Files\AVR Libraries\libcapi324v221.a(STEPPER_globals.o)
                0x0080033c                Motor_R_LUT
                0x00800338                Motor_L_LUT
 .data          0x00800340        0x0 C:\Program Files\AVR Libraries\libcapi324v221.a(STEPPER_move.o)
 .data          0x00800340        0x0 C:\Program Files\AVR Libraries\libcapi324v221.a(STEPPER_open.o)
 .data          0x00800340        0x0 C:\Program Files\AVR Libraries\libcapi324v221.a(STEPPER_run.o)
 .data          0x00800340        0x0 C:\Program Files\AVR Libraries\libcapi324v221.a(STEPPER_set_accel.o)
 .data          0x00800340        0x0 C:\Program Files\AVR Libraries\libcapi324v221.a(STEPPER_set_dir.o)
 .data          0x00800340        0x0 C:\Program Files\AVR Libraries\libcapi324v221.a(STEPPER_set_mode.o)
 .data          0x00800340        0x0 C:\Program Files\AVR Libraries\libcapi324v221.a(STEPPER_set_speed.o)
 .data          0x00800340        0x0 C:\Program Files\AVR Libraries\libcapi324v221.a(STEPPER_step.o)
 .data          0x00800340        0x0 C:\Program Files\AVR Libraries\libcapi324v221.a(STEPPER_stop.o)
 .data          0x00800340        0x0 C:\Program Files\AVR Libraries\libcapi324v221.a(STEPPER_wait_and_then.o)
 .data          0x00800340        0x0 C:\Program Files\AVR Libraries\libcapi324v221.a(SYS_get_state.o)
 .data          0x00800340        0x0 C:\Program Files\AVR Libraries\libcapi324v221.a(SYS_globals.o)
 .data          0x00800340        0x0 C:\Program Files\AVR Libraries\libcapi324v221.a(SYS_set_state.o)
 .data          0x00800340        0x0 C:\Program Files\AVR Libraries\libcapi324v221.a(ATTINY_get_sensors.o)
 .data          0x00800340        0x6 C:\Program Files\AVR Libraries\libcapi324v221.a(ATTINY_get_SW_state.o)
 .data          0x00800346        0x0 C:\Program Files\AVR Libraries\libcapi324v221.a(ATTINY_open.o)
 .data          0x00800346        0x0 C:\Program Files\AVR Libraries\libcapi324v221.a(TMRSRVC_delay.o)
 .data          0x00800346        0x0 C:\Program Files\AVR Libraries\libcapi324v221.a(TMRSRVC_new.o)
 .data          0x00800346        0x0 C:\Program Files\AVR Libraries\libcapi324v221.a(I2C_MSTR_get.o)
 .data          0x00800346        0x0 C:\Program Files\AVR Libraries\libcapi324v221.a(I2C_MSTR_send.o)
 .data          0x00800346        0x0 C:\Program Files\AVR Libraries\libcapi324v221.a(I2C_MSTR_start.o)
 .data          0x00800346        0x0 C:\Program Files\AVR Libraries\libcapi324v221.a(I2C_MSTR_stop.o)
 .data          0x00800346        0x0 C:\Program Files\AVR Libraries\libcapi324v221.a(I2C_open.o)
 .data          0x00800346        0x0 C:\Program Files\AVR Libraries\libcapi324v221.a(I2C_set_BRG.o)
 .data          0x00800346        0x0 C:\Program Files\AVR Libraries\libcapi324v221.a(__ADC_init.o)
 .data          0x00800346        0x0 C:\Program Files\AVR Libraries\libcapi324v221.a(CBOT_init.o)
 .data          0x00800346        0x0 C:\Program Files\AVR Libraries\libcapi324v221.a(CBOT_isr.o)
 .data          0x00800346        0x0 C:\Program Files\AVR Libraries\libcapi324v221.a(ISR_attach.o)
 .data          0x00800346        0x0 C:\Program Files\AVR Libraries\libcapi324v221.a(ISR_globals.o)
 .data          0x00800346        0x0 C:\Program Files\AVR Libraries\libcapi324v221.a(ISR_open.o)
 .data          0x00800346        0xe C:\Program Files\AVR Libraries\libcapi324v221.a(LCD_globals.o)
                0x00800346                LCD_stdout
 .data          0x00800354        0x0 C:\Program Files\AVR Libraries\libcapi324v221.a(__LCD_init.o)
 .data          0x00800354        0x0 C:\Program Files\AVR Libraries\libcapi324v221.a(__LCD_putchar.o)
 .data          0x00800354        0x0 C:\Program Files\AVR Libraries\libcapi324v221.a(__LED_clr_pattern.o)
 .data          0x00800354        0x0 C:\Program Files\AVR Libraries\libcapi324v221.a(__LED_init.o)
 .data          0x00800354        0x0 C:\Program Files\AVR Libraries\libcapi324v221.a(__LED_set_pattern.o)
 .data          0x00800354        0x0 C:\Program Files\AVR Libraries\libcapi324v221.a(ATMEGA_open.o)
 .data          0x00800354        0x0 C:\Program Files\AVR Libraries\libcapi324v221.a(ATMEGA_set_clk_mode.o)
 .data          0x00800354        0x0 C:\Program Files\AVR Libraries\libcapi324v221.a(SPI_globals.o)
 .data          0x00800354        0x0 C:\Program Files\AVR Libraries\libcapi324v221.a(SPI_open.o)
 .data          0x00800354        0x0 C:\Program Files\AVR Libraries\libcapi324v221.a(SPI_receive.o)
 .data          0x00800354        0x0 C:\Program Files\AVR Libraries\libcapi324v221.a(SPI_set_config_func.o)
 .data          0x00800354        0x0 C:\Program Files\AVR Libraries\libcapi324v221.a(ISR__SPKR__TIMER1_COMPA_vect.o)
 .data          0x00800354        0x0 C:\Program Files\AVR Libraries\libcapi324v221.a(SPKR_clk.o)
 .data          0x00800354        0x0 C:\Program Files\AVR Libraries\libcapi324v221.a(SPKR_close.o)
 .data          0x00800354       0x38 C:\Program Files\AVR Libraries\libcapi324v221.a(SPKR_globals.o)
                0x00800384                diatonic_LUT
                0x00800354                note_LUT
 .data          0x0080038c        0x0 C:\Program Files\AVR Libraries\libcapi324v221.a(__SPKR_init.o)
 .data          0x0080038c        0x0 C:\Program Files\AVR Libraries\libcapi324v221.a(SPKR_play_beep.o)
 .data          0x0080038c        0x0 C:\Program Files\AVR Libraries\libcapi324v221.a(__SPKR_stop.o)
 .data          0x0080038c        0x0 C:\Program Files\AVR Libraries\libcapi324v221.a(STEPPER_go.o)
 .data          0x0080038c        0x0 C:\Program Files\AVR Libraries\libcapi324v221.a(__STEPPER_init.o)
 .data          0x0080038c        0x0 C:\Program Files\AVR Libraries\libcapi324v221.a(STEPPER_set_steps.o)
 .data          0x0080038c        0x0 C:\Program Files\AVR Libraries\libcapi324v221.a(STEPPER_set_stop_mode.o)
 .data          0x0080038c        0x0 C:\Program Files\AVR Libraries\libcapi324v221.a(STEPPER_setup_decels.o)
 .data          0x0080038c        0x0 C:\Program Files\AVR Libraries\libcapi324v221.a(SYS_init.o)
 .data          0x0080038c        0x0 C:\Program Files\AVR Libraries\libcapi324v221.a(ATTINY_globals.o)
 .data          0x0080038c        0x0 C:\Program Files\AVR Libraries\libcapi324v221.a(TMRSRVC_globals.o)
 .data          0x0080038c        0x0 C:\Program Files\AVR Libraries\libcapi324v221.a(__TMRSRVC_insert.o)
 .data          0x0080038c        0x0 C:\Program Files\AVR Libraries\libcapi324v221.a(TMRSRVC_open.o)
 .data          0x0080038c        0x0 C:\Program Files\AVR Libraries\libcapi324v221.a(__TMRSRVC_start.o)
 .data          0x0080038c        0x0 C:\Program Files\AVR Libraries\libcapi324v221.a(TMRSRVC_start.o)
 .data          0x0080038c        0x0 C:\Program Files\AVR Libraries\libcapi324v221.a(I2C_enable.o)
 .data          0x0080038c        0x0 C:\Program Files\AVR Libraries\libcapi324v221.a(I2C_globals.o)
 .data          0x0080038c        0x0 C:\Program Files\AVR Libraries\libcapi324v221.a(__I2C_init.o)
 .data          0x0080038c        0x0 C:\Program Files\AVR Libraries\libcapi324v221.a(__ISR_attach.o)
 .data          0x0080038c        0x0 C:\Program Files\AVR Libraries\libcapi324v221.a(__ATMEGA_init.o)
 .data          0x0080038c        0x0 C:\Program Files\AVR Libraries\libcapi324v221.a(SPI_cfgrs.o)
 .data          0x0080038c        0x0 C:\Program Files\AVR Libraries\libcapi324v221.a(__SPI_init.o)
 .data          0x0080038c        0x0 C:\Program Files\AVR Libraries\libcapi324v221.a(SPKR_beep.o)
 .data          0x0080038c        0x0 C:\Program Files\AVR Libraries\libcapi324v221.a(__SPKR_close.o)
 .data          0x0080038c        0x0 C:\Program Files\AVR Libraries\libcapi324v221.a(STEPPER_set_decel_step_values.o)
 .data          0x0080038c        0x0 C:\Program Files\AVR Libraries\libcapi324v221.a(ISR__TIMER0_COMPA_vect.o)
 .data          0x0080038c        0x0 C:\Program Files\AVR Libraries\libcapi324v221.a(__TMRSRVC_init.o)
 .data          0x0080038c        0x0 C:\Program Files\AVR Libraries\libcapi324v221.a(TMRSRVC_tick.o)
 .data          0x0080038c        0x0 C:\Program Files\AVR Libraries\libcapi324v221.a(SPKR_beep_clk.o)
 .data          0x0080038c        0x0 C:\Program Files\AVR Libraries\libcapi324v221.a(STEPPER_clk.o)
 .data          0x0080038c        0x0 C:\Program Files\AVR Libraries\libcapi324v221.a(STEPPER_process_accel.o)
 .data          0x0080038c        0x0 C:\Program Files\AVR Libraries\libcapi324v221.a(STEPPER_process_run_mode.o)
 .data          0x0080038c        0x0 C:\Program Files\AVR Libraries\libcapi324v221.a(STEPPER_process_step_mode.o)
 .data          0x0080038c        0x0 C:\Program Files\AVR Libraries\libcapi324v221.a(TMRSRVC_process.o)
 .data          0x0080038c        0x0 C:\Program Files\AVR Libraries\libcapi324v221.a(TMRSRVC_stop.o)
 .data          0x0080038c        0x0 C:\Program Files\AVR Libraries\libcapi324v221.a(STEPPER_process_pwm.o)
 .data          0x0080038c        0x0 C:\WinAVR-20100110\avr\lib\avr4\libm.a(addsf3.o)
 .data          0x0080038c        0x0 C:\WinAVR-20100110\avr\lib\avr4\libm.a(addsf3x.o)
 .data          0x0080038c        0x0 C:\WinAVR-20100110\avr\lib\avr4\libm.a(cmpsf2.o)
 .data          0x0080038c        0x0 C:\WinAVR-20100110\avr\lib\avr4\libm.a(divsf3.o)
 .data          0x0080038c        0x0 C:\WinAVR-20100110\avr\lib\avr4\libm.a(divsf3x.o)
 .data          0x0080038c        0x0 C:\WinAVR-20100110\avr\lib\avr4\libm.a(fixsfsi.o)
 .data          0x0080038c        0x0 C:\WinAVR-20100110\avr\lib\avr4\libm.a(fixunssfsi.o)
 .data          0x0080038c        0x0 C:\WinAVR-20100110\avr\lib\avr4\libm.a(floatsisf.o)
 .data          0x0080038c        0x0 C:\WinAVR-20100110\avr\lib\avr4\libm.a(fp_cmp.o)
 .data          0x0080038c        0x0 C:\WinAVR-20100110\avr\lib\avr4\libm.a(fp_inf.o)
 .data          0x0080038c        0x0 C:\WinAVR-20100110\avr\lib\avr4\libm.a(fp_nan.o)
 .data          0x0080038c        0x0 C:\WinAVR-20100110\avr\lib\avr4\libm.a(fp_pscA.o)
 .data          0x0080038c        0x0 C:\WinAVR-20100110\avr\lib\avr4\libm.a(fp_pscB.o)
 .data          0x0080038c        0x0 C:\WinAVR-20100110\avr\lib\avr4\libm.a(fp_round.o)
 .data          0x0080038c        0x0 C:\WinAVR-20100110\avr\lib\avr4\libm.a(fp_split3.o)
 .data          0x0080038c        0x0 C:\WinAVR-20100110\avr\lib\avr4\libm.a(fp_zero.o)
 .data          0x0080038c        0x0 C:\WinAVR-20100110\avr\lib\avr4\libm.a(gesf2.o)
 .data          0x0080038c        0x0 C:\WinAVR-20100110\avr\lib\avr4\libm.a(lrint.o)
 .data          0x0080038c        0x0 C:\WinAVR-20100110\avr\lib\avr4\libm.a(mulsf3.o)
 .data          0x0080038c        0x0 C:\WinAVR-20100110\avr\lib\avr4\libm.a(mulsf3x.o)
 .data          0x0080038c        0x0 C:\WinAVR-20100110\avr\lib\avr4\libm.a(pow.o)
 .data          0x0080038c        0x0 C:\WinAVR-20100110\avr\lib\avr4\libm.a(exp.o)
 .data          0x0080038c        0x0 C:\WinAVR-20100110\avr\lib\avr4\libm.a(fp_powser.o)
 .data          0x0080038c        0x0 C:\WinAVR-20100110\avr\lib\avr4\libm.a(inverse.o)
 .data          0x0080038c        0x0 C:\WinAVR-20100110\avr\lib\avr4\libm.a(ldexp.o)
 .data          0x0080038c        0x0 C:\WinAVR-20100110\avr\lib\avr4\libm.a(log.o)
 .data          0x0080038c        0x0 C:\WinAVR-20100110\avr\lib\avr4\libm.a(modf.o)
 .data          0x0080038c        0x0 C:\WinAVR-20100110\avr\lib\avr4\libm.a(fp_mpack.o)
 .data          0x0080038c        0x0 C:\WinAVR-20100110\avr\lib\avr4\libprintf_flt.a(vfprintf_flt.o)
 .data          0x0080038c        0x0 c:/winavr-20100110/bin/../lib/gcc/avr/4.3.3/avr5\libgcc.a(_mulsi3.o)
 .data          0x0080038c        0x0 c:/winavr-20100110/bin/../lib/gcc/avr/4.3.3/avr5\libgcc.a(_divmodhi4.o)
 .data          0x0080038c        0x0 c:/winavr-20100110/bin/../lib/gcc/avr/4.3.3/avr5\libgcc.a(_udivmodsi4.o)
 .data          0x0080038c        0x0 c:/winavr-20100110/bin/../lib/gcc/avr/4.3.3/avr5\libgcc.a(_prologue.o)
 .data          0x0080038c        0x0 c:/winavr-20100110/bin/../lib/gcc/avr/4.3.3/avr5\libgcc.a(_epilogue.o)
 .data          0x0080038c        0x0 c:/winavr-20100110/bin/../lib/gcc/avr/4.3.3/avr5\libgcc.a(_exit.o)
 .data          0x0080038c        0x0 c:/winavr-20100110/bin/../lib/gcc/avr/4.3.3/avr5\libgcc.a(_copy_data.o)
 .data          0x0080038c        0x0 c:/winavr-20100110/bin/../lib/gcc/avr/4.3.3/avr5\libgcc.a(_clear_bss.o)
 .data          0x0080038c        0x0 c:/winavr-20100110/bin/../lib/gcc/avr/4.3.3/avr5\libgcc.a(_udivmodhi4.o)
 .data          0x0080038c        0x6 C:\WinAVR-20100110\avr\lib\avr4\libc.a(malloc.o)
                0x0080038e                __malloc_heap_start
                0x00800390                __malloc_heap_end
                0x0080038c                __malloc_margin
 .data          0x00800392        0x4 C:\WinAVR-20100110\avr\lib\avr4\libc.a(rand.o)
 .data          0x00800396        0x0 C:\WinAVR-20100110\avr\lib\avr4\libc.a(ftoa_engine.o)
 .data          0x00800396        0x0 C:\WinAVR-20100110\avr\lib\avr4\libc.a(strnlen_P.o)
 .data          0x00800396        0x0 C:\WinAVR-20100110\avr\lib\avr4\libc.a(strnlen.o)
 .data          0x00800396        0x0 C:\WinAVR-20100110\avr\lib\avr4\libc.a(fputc.o)
 .data          0x00800396        0x0 C:\WinAVR-20100110\avr\lib\avr4\libc.a(iob.o)
 .data          0x00800396        0x0 C:\WinAVR-20100110\avr\lib\avr4\libc.a(printf.o)
 .data          0x00800396        0x0 C:\WinAVR-20100110\avr\lib\avr4\libc.a(puts.o)
 .data          0x00800396        0x0 C:\WinAVR-20100110\avr\lib\avr4\libc.a(ultoa_invert.o)
 .data          0x00800396        0x0 c:/winavr-20100110/bin/../lib/gcc/avr/4.3.3/avr5\libgcc.a(_divmodsi4.o)
 *(.data*)
 *(.rodata)
 *(.rodata*)
 *(.gnu.linkonce.d*)
                0x00800396                . = ALIGN (0x2)
                0x00800396                _edata = .
                0x00800396                PROVIDE (__data_end, .)

.bss            0x00800396      0x53b
                0x00800396                PROVIDE (__bss_start, .)
 *(.bss)
 .bss           0x00800396        0x0 c:/winavr-20100110/bin/../lib/gcc/avr/4.3.3/../../../../avr/lib/avr5/crtm324p.o
 .bss           0x00800396        0x0 CEEN_Interfaces.o
 .bss           0x00800396        0x0 MapMaker.o
 .bss           0x00800396        0x0 Custom_Support.o
 .bss           0x00800396        0x0 C:\Program Files\AVR Libraries\libcapi324v221.a(ADC_open.o)
 .bss           0x00800396        0x0 C:\Program Files\AVR Libraries\libcapi324v221.a(ADC_sample.o)
 .bss           0x00800396        0x0 C:\Program Files\AVR Libraries\libcapi324v221.a(ADC_set_channel.o)
 .bss           0x00800396        0x0 C:\Program Files\AVR Libraries\libcapi324v221.a(ADC_set_VREF.o)
 .bss           0x00800396        0x0 C:\Program Files\AVR Libraries\libcapi324v221.a(CBOT_main.o)
 .bss           0x00800396        0x0 C:\Program Files\AVR Libraries\libcapi324v221.a(LCD_clear.o)
 .bss           0x00800396        0x0 C:\Program Files\AVR Libraries\libcapi324v221.a(LCD_open.o)
 .bss           0x00800396        0x0 C:\Program Files\AVR Libraries\libcapi324v221.a(LCD_set_backlight.o)
 .bss           0x00800396        0x0 C:\Program Files\AVR Libraries\libcapi324v221.a(LCD_set_next_PGC.o)
 .bss           0x00800396        0x0 C:\Program Files\AVR Libraries\libcapi324v221.a(LCD_set_PGC_addr.o)
 .bss           0x00800396        0x0 C:\Program Files\AVR Libraries\libcapi324v221.a(LCD_write.o)
 .bss           0x00800396        0x0 C:\Program Files\AVR Libraries\libcapi324v221.a(LED_clr_pattern.o)
 .bss           0x00800396        0x0 C:\Program Files\AVR Libraries\libcapi324v221.a(LED_open.o)
 .bss           0x00800396        0x0 C:\Program Files\AVR Libraries\libcapi324v221.a(LED_set_patttern.o)
 .bss           0x00800396        0x0 C:\Program Files\AVR Libraries\libcapi324v221.a(SPI_set_slave_addr.o)
 .bss           0x00800396        0x0 C:\Program Files\AVR Libraries\libcapi324v221.a(SPI_transmit.o)
 .bss           0x00800396        0x0 C:\Program Files\AVR Libraries\libcapi324v221.a(SPKR_open.o)
 .bss           0x00800396        0x0 C:\Program Files\AVR Libraries\libcapi324v221.a(STEPPER_get_nSteps.o)
 .bss           0x00800396        0x0 C:\Program Files\AVR Libraries\libcapi324v221.a(STEPPER_globals.o)
 .bss           0x00800396        0x0 C:\Program Files\AVR Libraries\libcapi324v221.a(STEPPER_move.o)
 .bss           0x00800396        0x0 C:\Program Files\AVR Libraries\libcapi324v221.a(STEPPER_open.o)
 .bss           0x00800396        0x0 C:\Program Files\AVR Libraries\libcapi324v221.a(STEPPER_run.o)
 .bss           0x00800396        0x0 C:\Program Files\AVR Libraries\libcapi324v221.a(STEPPER_set_accel.o)
 .bss           0x00800396        0x0 C:\Program Files\AVR Libraries\libcapi324v221.a(STEPPER_set_dir.o)
 .bss           0x00800396        0x0 C:\Program Files\AVR Libraries\libcapi324v221.a(STEPPER_set_mode.o)
 .bss           0x00800396        0x0 C:\Program Files\AVR Libraries\libcapi324v221.a(STEPPER_set_speed.o)
 .bss           0x00800396        0x2 C:\Program Files\AVR Libraries\libcapi324v221.a(STEPPER_step.o)
 .bss           0x00800398        0x0 C:\Program Files\AVR Libraries\libcapi324v221.a(STEPPER_stop.o)
 .bss           0x00800398        0x0 C:\Program Files\AVR Libraries\libcapi324v221.a(STEPPER_wait_and_then.o)
 .bss           0x00800398        0x0 C:\Program Files\AVR Libraries\libcapi324v221.a(SYS_get_state.o)
 .bss           0x00800398        0x0 C:\Program Files\AVR Libraries\libcapi324v221.a(SYS_globals.o)
 .bss           0x00800398        0x0 C:\Program Files\AVR Libraries\libcapi324v221.a(SYS_set_state.o)
 .bss           0x00800398        0x0 C:\Program Files\AVR Libraries\libcapi324v221.a(ATTINY_get_sensors.o)
 .bss           0x00800398        0xe C:\Program Files\AVR Libraries\libcapi324v221.a(ATTINY_get_SW_state.o)
 .bss           0x008003a6        0x0 C:\Program Files\AVR Libraries\libcapi324v221.a(ATTINY_open.o)
 .bss           0x008003a6        0x0 C:\Program Files\AVR Libraries\libcapi324v221.a(TMRSRVC_delay.o)
 .bss           0x008003a6        0x0 C:\Program Files\AVR Libraries\libcapi324v221.a(TMRSRVC_new.o)
 .bss           0x008003a6        0x0 C:\Program Files\AVR Libraries\libcapi324v221.a(I2C_MSTR_get.o)
 .bss           0x008003a6        0x0 C:\Program Files\AVR Libraries\libcapi324v221.a(I2C_MSTR_send.o)
 .bss           0x008003a6        0x0 C:\Program Files\AVR Libraries\libcapi324v221.a(I2C_MSTR_start.o)
 .bss           0x008003a6        0x0 C:\Program Files\AVR Libraries\libcapi324v221.a(I2C_MSTR_stop.o)
 .bss           0x008003a6        0x0 C:\Program Files\AVR Libraries\libcapi324v221.a(I2C_open.o)
 .bss           0x008003a6        0x0 C:\Program Files\AVR Libraries\libcapi324v221.a(I2C_set_BRG.o)
 .bss           0x008003a6        0x0 C:\Program Files\AVR Libraries\libcapi324v221.a(__ADC_init.o)
 .bss           0x008003a6        0x0 C:\Program Files\AVR Libraries\libcapi324v221.a(CBOT_init.o)
 .bss           0x008003a6        0x0 C:\Program Files\AVR Libraries\libcapi324v221.a(CBOT_isr.o)
 .bss           0x008003a6        0x0 C:\Program Files\AVR Libraries\libcapi324v221.a(ISR_attach.o)
 .bss           0x008003a6       0x40 C:\Program Files\AVR Libraries\libcapi324v221.a(ISR_globals.o)
                0x008003a6                CBOT_ISR_vtable
 .bss           0x008003e6        0x0 C:\Program Files\AVR Libraries\libcapi324v221.a(ISR_open.o)
 .bss           0x008003e6        0x0 C:\Program Files\AVR Libraries\libcapi324v221.a(LCD_globals.o)
 .bss           0x008003e6        0x0 C:\Program Files\AVR Libraries\libcapi324v221.a(__LCD_init.o)
 .bss           0x008003e6        0x0 C:\Program Files\AVR Libraries\libcapi324v221.a(__LCD_putchar.o)
 .bss           0x008003e6        0x0 C:\Program Files\AVR Libraries\libcapi324v221.a(__LED_clr_pattern.o)
 .bss           0x008003e6        0x0 C:\Program Files\AVR Libraries\libcapi324v221.a(__LED_init.o)
 .bss           0x008003e6        0x0 C:\Program Files\AVR Libraries\libcapi324v221.a(__LED_set_pattern.o)
 .bss           0x008003e6        0x0 C:\Program Files\AVR Libraries\libcapi324v221.a(ATMEGA_open.o)
 .bss           0x008003e6        0x0 C:\Program Files\AVR Libraries\libcapi324v221.a(ATMEGA_set_clk_mode.o)
 .bss           0x008003e6       0x10 C:\Program Files\AVR Libraries\libcapi324v221.a(SPI_globals.o)
                0x008003e6                spi_config_func_LUT
 .bss           0x008003f6        0x0 C:\Program Files\AVR Libraries\libcapi324v221.a(SPI_open.o)
 .bss           0x008003f6        0x0 C:\Program Files\AVR Libraries\libcapi324v221.a(SPI_receive.o)
 .bss           0x008003f6        0x0 C:\Program Files\AVR Libraries\libcapi324v221.a(SPI_set_config_func.o)
 .bss           0x008003f6        0x0 C:\Program Files\AVR Libraries\libcapi324v221.a(ISR__SPKR__TIMER1_COMPA_vect.o)
 .bss           0x008003f6        0x0 C:\Program Files\AVR Libraries\libcapi324v221.a(SPKR_clk.o)
 .bss           0x008003f6        0x0 C:\Program Files\AVR Libraries\libcapi324v221.a(SPKR_close.o)
 .bss           0x008003f6       0x10 C:\Program Files\AVR Libraries\libcapi324v221.a(SPKR_globals.o)
                0x00800404                p_Freq_LUT
                0x008003f8                spkr_accum32
                0x008003fc                spkr_freq
                0x00800402                beep_freq
                0x00800400                beep_accum16
                0x008003f7                beep_mode_active
                0x008003f6                tone_mode_active
 .bss           0x00800406        0x0 C:\Program Files\AVR Libraries\libcapi324v221.a(__SPKR_init.o)
 .bss           0x00800406        0x0 C:\Program Files\AVR Libraries\libcapi324v221.a(SPKR_play_beep.o)
 .bss           0x00800406        0x0 C:\Program Files\AVR Libraries\libcapi324v221.a(__SPKR_stop.o)
 .bss           0x00800406        0x0 C:\Program Files\AVR Libraries\libcapi324v221.a(STEPPER_go.o)
 .bss           0x00800406        0x0 C:\Program Files\AVR Libraries\libcapi324v221.a(__STEPPER_init.o)
 .bss           0x00800406        0x0 C:\Program Files\AVR Libraries\libcapi324v221.a(STEPPER_set_steps.o)
 .bss           0x00800406        0x0 C:\Program Files\AVR Libraries\libcapi324v221.a(STEPPER_set_stop_mode.o)
 .bss           0x00800406        0x0 C:\Program Files\AVR Libraries\libcapi324v221.a(STEPPER_setup_decels.o)
 .bss           0x00800406        0x0 C:\Program Files\AVR Libraries\libcapi324v221.a(SYS_init.o)
 .bss           0x00800406        0x0 C:\Program Files\AVR Libraries\libcapi324v221.a(ATTINY_globals.o)
 .bss           0x00800406        0x2 C:\Program Files\AVR Libraries\libcapi324v221.a(TMRSRVC_globals.o)
                0x00800407                timer_run_status
                0x00800406                timer_busy_status
 .bss           0x00800408        0x0 C:\Program Files\AVR Libraries\libcapi324v221.a(__TMRSRVC_insert.o)
 .bss           0x00800408        0x0 C:\Program Files\AVR Libraries\libcapi324v221.a(TMRSRVC_open.o)
 .bss           0x00800408        0x0 C:\Program Files\AVR Libraries\libcapi324v221.a(__TMRSRVC_start.o)
 .bss           0x00800408        0x0 C:\Program Files\AVR Libraries\libcapi324v221.a(TMRSRVC_start.o)
 .bss           0x00800408        0x0 C:\Program Files\AVR Libraries\libcapi324v221.a(I2C_enable.o)
 .bss           0x00800408        0x0 C:\Program Files\AVR Libraries\libcapi324v221.a(I2C_globals.o)
 .bss           0x00800408        0x0 C:\Program Files\AVR Libraries\libcapi324v221.a(__I2C_init.o)
 .bss           0x00800408        0x0 C:\Program Files\AVR Libraries\libcapi324v221.a(__ISR_attach.o)
 .bss           0x00800408        0x0 C:\Program Files\AVR Libraries\libcapi324v221.a(__ATMEGA_init.o)
 .bss           0x00800408        0x0 C:\Program Files\AVR Libraries\libcapi324v221.a(SPI_cfgrs.o)
 .bss           0x00800408        0x0 C:\Program Files\AVR Libraries\libcapi324v221.a(__SPI_init.o)
 .bss           0x00800408        0x0 C:\Program Files\AVR Libraries\libcapi324v221.a(SPKR_beep.o)
 .bss           0x00800408        0x0 C:\Program Files\AVR Libraries\libcapi324v221.a(__SPKR_close.o)
 .bss           0x00800408        0x0 C:\Program Files\AVR Libraries\libcapi324v221.a(STEPPER_set_decel_step_values.o)
 .bss           0x00800408        0x0 C:\Program Files\AVR Libraries\libcapi324v221.a(ISR__TIMER0_COMPA_vect.o)
 .bss           0x00800408        0x0 C:\Program Files\AVR Libraries\libcapi324v221.a(__TMRSRVC_init.o)
 .bss           0x00800408        0x0 C:\Program Files\AVR Libraries\libcapi324v221.a(TMRSRVC_tick.o)
 .bss           0x00800408        0x0 C:\Program Files\AVR Libraries\libcapi324v221.a(SPKR_beep_clk.o)
 .bss           0x00800408        0x0 C:\Program Files\AVR Libraries\libcapi324v221.a(STEPPER_clk.o)
 .bss           0x00800408        0x0 C:\Program Files\AVR Libraries\libcapi324v221.a(STEPPER_process_accel.o)
 .bss           0x00800408        0x1 C:\Program Files\AVR Libraries\libcapi324v221.a(STEPPER_process_run_mode.o)
 .bss           0x00800409        0x0 C:\Program Files\AVR Libraries\libcapi324v221.a(STEPPER_process_step_mode.o)
 .bss           0x00800409        0x0 C:\Program Files\AVR Libraries\libcapi324v221.a(TMRSRVC_process.o)
 .bss           0x00800409        0x0 C:\Program Files\AVR Libraries\libcapi324v221.a(TMRSRVC_stop.o)
 .bss           0x00800409        0x4 C:\Program Files\AVR Libraries\libcapi324v221.a(STEPPER_process_pwm.o)
 .bss           0x0080040d        0x0 C:\WinAVR-20100110\avr\lib\avr4\libm.a(addsf3.o)
 .bss           0x0080040d        0x0 C:\WinAVR-20100110\avr\lib\avr4\libm.a(addsf3x.o)
 .bss           0x0080040d        0x0 C:\WinAVR-20100110\avr\lib\avr4\libm.a(cmpsf2.o)
 .bss           0x0080040d        0x0 C:\WinAVR-20100110\avr\lib\avr4\libm.a(divsf3.o)
 .bss           0x0080040d        0x0 C:\WinAVR-20100110\avr\lib\avr4\libm.a(divsf3x.o)
 .bss           0x0080040d        0x0 C:\WinAVR-20100110\avr\lib\avr4\libm.a(fixsfsi.o)
 .bss           0x0080040d        0x0 C:\WinAVR-20100110\avr\lib\avr4\libm.a(fixunssfsi.o)
 .bss           0x0080040d        0x0 C:\WinAVR-20100110\avr\lib\avr4\libm.a(floatsisf.o)
 .bss           0x0080040d        0x0 C:\WinAVR-20100110\avr\lib\avr4\libm.a(fp_cmp.o)
 .bss           0x0080040d        0x0 C:\WinAVR-20100110\avr\lib\avr4\libm.a(fp_inf.o)
 .bss           0x0080040d        0x0 C:\WinAVR-20100110\avr\lib\avr4\libm.a(fp_nan.o)
 .bss           0x0080040d        0x0 C:\WinAVR-20100110\avr\lib\avr4\libm.a(fp_pscA.o)
 .bss           0x0080040d        0x0 C:\WinAVR-20100110\avr\lib\avr4\libm.a(fp_pscB.o)
 .bss           0x0080040d        0x0 C:\WinAVR-20100110\avr\lib\avr4\libm.a(fp_round.o)
 .bss           0x0080040d        0x0 C:\WinAVR-20100110\avr\lib\avr4\libm.a(fp_split3.o)
 .bss           0x0080040d        0x0 C:\WinAVR-20100110\avr\lib\avr4\libm.a(fp_zero.o)
 .bss           0x0080040d        0x0 C:\WinAVR-20100110\avr\lib\avr4\libm.a(gesf2.o)
 .bss           0x0080040d        0x0 C:\WinAVR-20100110\avr\lib\avr4\libm.a(lrint.o)
 .bss           0x0080040d        0x0 C:\WinAVR-20100110\avr\lib\avr4\libm.a(mulsf3.o)
 .bss           0x0080040d        0x0 C:\WinAVR-20100110\avr\lib\avr4\libm.a(mulsf3x.o)
 .bss           0x0080040d        0x0 C:\WinAVR-20100110\avr\lib\avr4\libm.a(pow.o)
 .bss           0x0080040d        0x0 C:\WinAVR-20100110\avr\lib\avr4\libm.a(exp.o)
 .bss           0x0080040d        0x0 C:\WinAVR-20100110\avr\lib\avr4\libm.a(fp_powser.o)
 .bss           0x0080040d        0x0 C:\WinAVR-20100110\avr\lib\avr4\libm.a(inverse.o)
 .bss           0x0080040d        0x0 C:\WinAVR-20100110\avr\lib\avr4\libm.a(ldexp.o)
 .bss           0x0080040d        0x0 C:\WinAVR-20100110\avr\lib\avr4\libm.a(log.o)
 .bss           0x0080040d        0x0 C:\WinAVR-20100110\avr\lib\avr4\libm.a(modf.o)
 .bss           0x0080040d        0x0 C:\WinAVR-20100110\avr\lib\avr4\libm.a(fp_mpack.o)
 .bss           0x0080040d        0x0 C:\WinAVR-20100110\avr\lib\avr4\libprintf_flt.a(vfprintf_flt.o)
 .bss           0x0080040d        0x0 c:/winavr-20100110/bin/../lib/gcc/avr/4.3.3/avr5\libgcc.a(_mulsi3.o)
 .bss           0x0080040d        0x0 c:/winavr-20100110/bin/../lib/gcc/avr/4.3.3/avr5\libgcc.a(_divmodhi4.o)
 .bss           0x0080040d        0x0 c:/winavr-20100110/bin/../lib/gcc/avr/4.3.3/avr5\libgcc.a(_udivmodsi4.o)
 .bss           0x0080040d        0x0 c:/winavr-20100110/bin/../lib/gcc/avr/4.3.3/avr5\libgcc.a(_prologue.o)
 .bss           0x0080040d        0x0 c:/winavr-20100110/bin/../lib/gcc/avr/4.3.3/avr5\libgcc.a(_epilogue.o)
 .bss           0x0080040d        0x0 c:/winavr-20100110/bin/../lib/gcc/avr/4.3.3/avr5\libgcc.a(_exit.o)
 .bss           0x0080040d        0x0 c:/winavr-20100110/bin/../lib/gcc/avr/4.3.3/avr5\libgcc.a(_copy_data.o)
 .bss           0x0080040d        0x0 c:/winavr-20100110/bin/../lib/gcc/avr/4.3.3/avr5\libgcc.a(_clear_bss.o)
 .bss           0x0080040d        0x0 c:/winavr-20100110/bin/../lib/gcc/avr/4.3.3/avr5\libgcc.a(_udivmodhi4.o)
 .bss           0x0080040d        0x0 C:\WinAVR-20100110\avr\lib\avr4\libc.a(malloc.o)
 .bss           0x0080040d        0x0 C:\WinAVR-20100110\avr\lib\avr4\libc.a(rand.o)
 .bss           0x0080040d        0x0 C:\WinAVR-20100110\avr\lib\avr4\libc.a(ftoa_engine.o)
 .bss           0x0080040d        0x0 C:\WinAVR-20100110\avr\lib\avr4\libc.a(strnlen_P.o)
 .bss           0x0080040d        0x0 C:\WinAVR-20100110\avr\lib\avr4\libc.a(strnlen.o)
 .bss           0x0080040d        0x0 C:\WinAVR-20100110\avr\lib\avr4\libc.a(fputc.o)
 .bss           0x0080040d        0x0 C:\WinAVR-20100110\avr\lib\avr4\libc.a(iob.o)
 .bss           0x0080040d        0x0 C:\WinAVR-20100110\avr\lib\avr4\libc.a(printf.o)
 .bss           0x0080040d        0x0 C:\WinAVR-20100110\avr\lib\avr4\libc.a(puts.o)
 .bss           0x0080040d        0x0 C:\WinAVR-20100110\avr\lib\avr4\libc.a(ultoa_invert.o)
 .bss           0x0080040d        0x0 c:/winavr-20100110/bin/../lib/gcc/avr/4.3.3/avr5\libgcc.a(_divmodsi4.o)
 *(.bss*)
 *(COMMON)
 COMMON         0x0080040d        0x6 CEEN_Interfaces.o
                0x0080040d                LCopstat
                0x0080040f                LEopstat
                0x00800411                ATopstat
 COMMON         0x00800413      0x43c MapMaker.o
                0x00800413                currentMove
                0x00800414                odometryStepR
                0x00800415                oldMove
                0x00800416                ltIR_old
                0x0080048e                ftIR
                0x00800492                Ierror
                0x00800496                currentGateway
                0x00800497                currentMoveWorld
                0x00800498                bkIR
                0x0080049c                nextGateway
                0x0080049d                bkIR_old
                0x00800515                odometryTrigger
                0x00800516                moveCommands
                0x00800522                rightLightVolt
                0x00800526                ROBOT_WORLD
                0x00800536                currentOrientationStart
                0x00800537                currentOrientation
                0x00800538                error_old
                0x0080053c                ftIR_old
                0x008005b4                pix_arr
                0x008007b4                curr_step
                0x008007b8                currentCellWorld
                0x008007b9                currentCellWorldStart
                0x008007ba                rightContact
                0x008007bb                leftContact
                0x008007bc                ltIR
                0x008007c0                odometryFlag
                0x008007c1                rtIR
                0x008007c5                rtIR_old
                0x0080083d                moveGateways
                0x00800849                leftLightVolt
                0x0080084d                isMapping
                0x0080084e                odometryStepL
 COMMON         0x0080084f       0x39 C:\Program Files\AVR Libraries\libcapi324v221.a(STEPPER_globals.o)
                0x0080084f                STEPPER_params
                0x00800886                step_done
 COMMON         0x00800888       0x13 C:\Program Files\AVR Libraries\libcapi324v221.a(SYS_globals.o)
                0x00800888                CBOT_system
 COMMON         0x0080089b        0x5 C:\Program Files\AVR Libraries\libcapi324v221.a(LCD_globals.o)
                0x0080089b                LCD_params
 COMMON         0x008008a0        0x1 C:\Program Files\AVR Libraries\libcapi324v221.a(SPI_globals.o)
                0x008008a0                curr_spi_addr
 COMMON         0x008008a1       0x1e C:\Program Files\AVR Libraries\libcapi324v221.a(ATTINY_globals.o)
                0x008008a1                ATTINY_params
 COMMON         0x008008bf        0x3 C:\Program Files\AVR Libraries\libcapi324v221.a(TMRSRVC_globals.o)
                0x008008bf                tmrNodes
 COMMON         0x008008c2        0x5 C:\Program Files\AVR Libraries\libcapi324v221.a(I2C_globals.o)
                0x008008c2                I2C_params
 COMMON         0x008008c7        0x4 C:\WinAVR-20100110\avr\lib\avr4\libc.a(malloc.o)
                0x008008c7                __brkval
                0x008008c9                __flp
 COMMON         0x008008cb        0x6 C:\WinAVR-20100110\avr\lib\avr4\libc.a(iob.o)
                0x008008cb                __iob
                0x008008d1                PROVIDE (__bss_end, .)
                0x00006d26                __data_load_start = LOADADDR (.data)
                0x00006fbc                __data_load_end = (__data_load_start + SIZEOF (.data))

.noinit         0x008008d1        0x0
                0x008008d1                PROVIDE (__noinit_start, .)
 *(.noinit*)
                0x008008d1                PROVIDE (__noinit_end, .)
                0x008008d1                _end = .
                0x008008d1                PROVIDE (__heap_start, .)

.eeprom         0x00810000        0x0
 *(.eeprom*)
                0x00810000                __eeprom_end = .

.fuse
 *(.fuse)
 *(.lfuse)
 *(.hfuse)
 *(.efuse)

.lock
 *(.lock*)

.signature
 *(.signature*)

.stab
 *(.stab)

.stabstr
 *(.stabstr)

.stab.excl
 *(.stab.excl)

.stab.exclstr
 *(.stab.exclstr)

.stab.index
 *(.stab.index)

.stab.indexstr
 *(.stab.indexstr)

.comment
 *(.comment)

.debug
 *(.debug)

.line
 *(.line)

.debug_srcinfo
 *(.debug_srcinfo)

.debug_sfnames
 *(.debug_sfnames)

.debug_aranges  0x00000000       0x60
 *(.debug_aranges)
 .debug_aranges
                0x00000000       0x20 CEEN_Interfaces.o
 .debug_aranges
                0x00000020       0x20 MapMaker.o
 .debug_aranges
                0x00000040       0x20 Custom_Support.o

.debug_pubnames
                0x00000000      0x64c
 *(.debug_pubnames)
 .debug_pubnames
                0x00000000      0x168 CEEN_Interfaces.o
 .debug_pubnames
                0x00000168      0x33b MapMaker.o
 .debug_pubnames
                0x000004a3      0x1a9 Custom_Support.o

.debug_info     0x00000000     0x19e4
 *(.debug_info)
 .debug_info    0x00000000      0x7de CEEN_Interfaces.o
 .debug_info    0x000007de      0x98e MapMaker.o
 .debug_info    0x0000116c      0x878 Custom_Support.o
 *(.gnu.linkonce.wi.*)

.debug_abbrev   0x00000000      0x489
 *(.debug_abbrev)
 .debug_abbrev  0x00000000       0xfc CEEN_Interfaces.o
 .debug_abbrev  0x000000fc      0x1d8 MapMaker.o
 .debug_abbrev  0x000002d4      0x1b5 Custom_Support.o

.debug_line     0x00000000     0x163a
 *(.debug_line)
 .debug_line    0x00000000      0x72c CEEN_Interfaces.o
 .debug_line    0x0000072c      0x9df MapMaker.o
 .debug_line    0x0000110b      0x52f Custom_Support.o

.debug_frame    0x00000000      0x2f0
 *(.debug_frame)
 .debug_frame   0x00000000      0x130 CEEN_Interfaces.o
 .debug_frame   0x00000130      0x110 MapMaker.o
 .debug_frame   0x00000240       0xb0 Custom_Support.o

.debug_str      0x00000000      0xd57
 *(.debug_str)
 .debug_str     0x00000000      0x6b9 CEEN_Interfaces.o
                                0x748 (size before relaxing)
 .debug_str     0x000006b9      0x45c MapMaker.o
                                0x72d (size before relaxing)
 .debug_str     0x00000b15      0x242 Custom_Support.o
                                0x685 (size before relaxing)

.debug_loc      0x00000000     0x10e8
 *(.debug_loc)
 .debug_loc     0x00000000      0x734 CEEN_Interfaces.o
 .debug_loc     0x00000734      0x402 MapMaker.o
 .debug_loc     0x00000b36      0x5b2 Custom_Support.o

.debug_macinfo
 *(.debug_macinfo)
OUTPUT(WallFollowing.elf elf32-avr)
LOAD linker stubs
